T28B4 000:000.410   SEGGER J-Link V8.12f Log File
T28B4 000:000.500   DLL Compiled: Feb 12 2025 13:34:40
T28B4 000:000.506   Logging started @ 2025-06-21 17:53
T28B4 000:000.511   Process: C:\Users\a8456\.eclipse\com.renesas.platform_1713588285\DebugComp\RA\e2-server-gdb.exe
T28B4 000:000.520 - 0.517ms 
T28B4 000:000.530 JLINK_GetDLLVersion()
T28B4 000:000.536 - 0.006ms returns 81206
T28B4 000:002.019 JLINK_OpenEx(...)
T28B4 000:008.195   Firmware: J-Link V9 compiled May  7 2021 16:26:12
T28B4 000:009.744   Firmware: J-Link V9 compiled May  7 2021 16:26:12
T28B4 000:009.853   Decompressing FW timestamp took 92 us
T28B4 000:017.596   Hardware: V9.60
T28B4 000:017.620   S/N: 69667700
T28B4 000:017.628   OEM: SEGGER
T28B4 000:017.636   Feature(s): RDI, GDB, FlashDL, FlashBP, JFlash
T28B4 000:019.020   Bootloader: (FW returned invalid version)
T28B4 000:020.675   TELNET listener socket opened on port 19021
T28B4 000:020.806   WEBSRV WEBSRV_Init(): Starting webserver thread(s)
T28B4 000:021.021   WEBSRV Webserver running on local port 19080
T28B4 000:021.133   Looking for J-Link GUI Server exe at: C:\Users\a8456\.eclipse\com.renesas.platform_1713588285\DebugComp\RA\ARM\Segger_v8.12.6\JLinkGUIServer.exe
T28B4 000:021.209   Looking for J-Link GUI Server exe at: C:\Program Files\SEGGER\JLink_V818\JLinkGUIServer.exe
T28B4 000:021.234   Forking J-Link GUI Server: C:\Program Files\SEGGER\JLink_V818\JLinkGUIServer.exe
T28B4 000:073.105   J-Link GUI Server info: "J-Link GUI server V8.18 "
T28B4 000:076.047 - 74.022ms returns "O.K."
T28B4 000:076.169 JLINK_ExecCommand("ProjectFile=C:\Users\a8456\e2_studio\workspace\RA4M2_IOT_Project11/RA4M2_IOT_Project11.elf.jlink", ...). 
T28B4 000:103.249 - 27.082ms returns 0x00
T28B4 000:103.486 JLINK_ExecCommand("device=R7FA4M2AD", ...). 
T28B4 000:103.618   Flash bank @ 0x0100A100: SFL: Parsing sectorization info from ELF file
T28B4 000:103.628     FlashDevice.SectorInfo[0]: .SectorSize = 0x00000010, .SectorStartAddr = 0x00000000
T28B4 000:103.636   FlashBank @0x0100A100: Sectorization info from SFL ELF file ignored because sectorization override from DLL / XML file is active.
T28B4 000:103.831   Flash bank @ 0x60000000: SFL: Parsing sectorization info from ELF file
T28B4 000:103.840     FlashDevice.SectorInfo[0]: .SectorSize = 0x00010000, .SectorStartAddr = 0x00000000
T28B4 000:107.463   Device "R7FA4M2AD" selected.
T28B4 000:107.693 - 4.195ms returns 0x00
T28B4 000:107.703 JLINK_TIF_GetAvailable(...)
T28B4 000:108.148 - 0.444ms 
T28B4 000:108.163 JLINK_TIF_Select(JLINKARM_TIF_SWD)
T28B4 000:109.932 - 1.769ms returns 0x00
T28B4 000:109.942 JLINK_SetSpeed(4000)
T28B4 000:110.342 - 0.400ms 
T28B4 000:110.355 JLINK_ReadMem(0xE000EDF0, 0x4 Bytes, ...)
T28B4 000:110.816   ConfigTargetSettings() start
T28B4 000:110.827    J-Link Script File: Executing ConfigTargetSettings()
T28B4 000:110.835   Configuring FlashDLNoRMWThreshold=0x200 in order to make sure that option bytes programming is done via read-modify-write
T28B4 000:116.298   ConfigTargetSettings() end - Took 5.47ms
T28B4 000:116.313   InitTarget() start
T28B4 000:116.321    J-Link Script File: Executing InitTarget()
T28B4 000:116.327   SWD selected. Executing JTAG -> SWD switching sequence.
T28B4 000:119.532   DAP initialized successfully.
T28B4 000:119.560   Determining TrustZone configuration...
T28B4 000:121.651     Secure Debug: Enabled (SSD)
T28B4 000:121.678   Determining currently configured transfer type by reading the AHB-AP CSW register.
T28B4 000:123.254     --> Correct transfer type configured. Done.
T28B4 000:123.271   InitTarget() end - Took 6.94ms
T28B4 000:124.412   Found SW-DP with ID 0x6BA02477
T28B4 000:128.014   DPIDR: 0x6BA02477
T28B4 000:128.029   CoreSight SoC-400 or earlier
T28B4 000:128.041   Scanning AP map to find all available APs
T28B4 000:129.639   AP[2]: Stopped AP scan as end of AP map has been reached
T28B4 000:129.652   AP[0]: AHB-AP (IDR: 0x84770001, ADDR: 0x00000000)
T28B4 000:129.659   AP[1]: APB-AP (IDR: 0x54770002, ADDR: 0x01000000)
T28B4 000:129.667   Iterating through AP map to find AHB-AP to use
T28B4 000:131.145   AP[0]: Core found
T28B4 000:131.174   AP[0]: AHB-AP ROM base: 0xE00FE000
T28B4 000:131.946   CPUID register: 0x410FD214. Implementer code: 0x41 (ARM)
T28B4 000:131.965   Feature set: Mainline
T28B4 000:132.707   Cache: No cache
T28B4 000:132.723   Found Cortex-M33 r0p4, Little endian.
T28B4 000:133.683   -- Max. mem block: 0x00010C40
T28B4 000:135.029   
  ***** Warning: 
T28B4 000:135.040   Cortex-M (ARMv8-M and later): The connected J-Link (S/N 69667700) uses an old firmware module that does not handle I/D-cache correctly. Proper debugging functionality cannot be guaranteed if cache is enabled
T28B4 000:135.053   CPU_ReadMem(4 bytes @ 0xE000EDF0)
T28B4 000:135.605   CPU_WriteMem(4 bytes @ 0xE000EDF0)
T28B4 000:136.166   CPU_ReadMem(4 bytes @ 0xE0002000)
T28B4 000:136.726   FPUnit: 8 code (BP) slots and 0 literal slots
T28B4 000:136.735   CPU_ReadMem(4 bytes @ 0xE000EDFC)
T28B4 000:137.294   CPU_WriteMem(4 bytes @ 0xE000EDFC)
T28B4 000:137.866   CPU_ReadMem(4 bytes @ 0xE0001000)
T28B4 000:138.416   CPU_ReadMem(4 bytes @ 0xE0001000)
T28B4 000:138.945   CPU_ReadMem(4 bytes @ 0xE0001028)
T28B4 000:139.469   CPU_ReadMem(4 bytes @ 0xE0001038)
T28B4 000:139.995   CPU_ReadMem(4 bytes @ 0xE0001048)
T28B4 000:140.526   CPU_ReadMem(4 bytes @ 0xE0001058)
T28B4 000:141.096   CPU_WriteMem(4 bytes @ 0xE0001000)
T28B4 000:141.666   CPU_ReadMem(4 bytes @ 0xE000ED88)
T28B4 000:142.244   CPU_WriteMem(4 bytes @ 0xE000ED88)
T28B4 000:142.820   CPU_ReadMem(4 bytes @ 0xE000ED88)
T28B4 000:143.393   CPU_WriteMem(4 bytes @ 0xE000ED88)
T28B4 000:143.976   CPU_ReadMem(4 bytes @ 0xE000EFB8)
T28B4 000:144.597   Security extension: implemented
T28B4 000:144.617   Secure debug: enabled
T28B4 000:144.625   CoreSight components:
T28B4 000:144.633   ROMTbl[0] @ E00FE000
T28B4 000:144.642   CPU_ReadMem(64 bytes @ 0xE00FE000)
T28B4 000:145.519   CPU_ReadMem(32 bytes @ 0xE0044FE0)
T28B4 000:146.258   CPU_ReadMem(4 bytes @ 0xE0044FBC)
T28B4 000:146.804   CPU_ReadMem(4 bytes @ 0xE0044FCC)
T28B4 000:147.412   [0][0]: E0044000 CID B105900D PID 005BB906 DEVARCH 00000000 DEVTYPE 14 CTI (?)
T28B4 000:147.464   CPU_ReadMem(32 bytes @ 0xE0047FE0)
T28B4 000:148.173   CPU_ReadMem(4 bytes @ 0xE0047FBC)
T28B4 000:148.829   CPU_ReadMem(4 bytes @ 0xE0047FCC)
T28B4 000:149.442   [0][1]: E0047000 CID B105900D PID 003BB908 DEVARCH 00000000 DEVTYPE 12 CSTF
T28B4 000:149.456   CPU_ReadMem(32 bytes @ 0xE0048FE0)
T28B4 000:150.162   CPU_ReadMem(4 bytes @ 0xE0048FBC)
T28B4 000:150.742   CPU_ReadMem(4 bytes @ 0xE0048FCC)
T28B4 000:151.294   [0][2]: E0048000 CID B105900D PID 001BB961 DEVARCH 00000000 DEVTYPE 21 TMC
T28B4 000:151.321   CPU_ReadMem(32 bytes @ 0xE0049FE0)
T28B4 000:152.046   [0][3]: E0049000 CID B105F00D PID 001BB101 TSG
T28B4 000:152.061   CPU_ReadMem(32 bytes @ 0xE0040FE0)
T28B4 000:152.793   CPU_ReadMem(4 bytes @ 0xE0040FBC)
T28B4 000:153.420   CPU_ReadMem(4 bytes @ 0xE0040FCC)
T28B4 000:154.015   [0][4]: E0040000 CID B105900D PID 000BBD21 DEVARCH 00000000 DEVTYPE 11 TPIU
T28B4 000:154.026   CPU_ReadMem(32 bytes @ 0xE00FFFE0)
T28B4 000:154.690   [0][5]: E00FF000 CID B105100D PID 000BB4C9 ROM Table
T28B4 000:154.699   ROMTbl[1] @ E00FF000
T28B4 000:154.708   CPU_ReadMem(64 bytes @ 0xE00FF000)
T28B4 000:155.549   CPU_ReadMem(32 bytes @ 0xE000EFE0)
T28B4 000:156.273   CPU_ReadMem(4 bytes @ 0xE000EFBC)
T28B4 000:156.848   CPU_ReadMem(4 bytes @ 0xE000EFCC)
T28B4 000:157.393   [1][0]: E000E000 CID B105900D PID 000BBD21 DEVARCH 47702A04 DEVTYPE 00 Cortex-M33
T28B4 000:157.403   CPU_ReadMem(32 bytes @ 0xE0001FE0)
T28B4 000:158.079   CPU_ReadMem(4 bytes @ 0xE0001FBC)
T28B4 000:158.615   CPU_ReadMem(4 bytes @ 0xE0001FCC)
T28B4 000:159.181   [1][1]: E0001000 CID B105900D PID 000BBD21 DEVARCH 47701A02 DEVTYPE 00 DWT
T28B4 000:159.206   CPU_ReadMem(32 bytes @ 0xE0002FE0)
T28B4 000:159.889   CPU_ReadMem(4 bytes @ 0xE0002FBC)
T28B4 000:160.454   CPU_ReadMem(4 bytes @ 0xE0002FCC)
T28B4 000:161.013   [1][2]: E0002000 CID B105900D PID 000BBD21 DEVARCH 47701A03 DEVTYPE 00 FPB
T28B4 000:161.026   CPU_ReadMem(32 bytes @ 0xE0000FE0)
T28B4 000:161.690   CPU_ReadMem(4 bytes @ 0xE0000FBC)
T28B4 000:162.245   CPU_ReadMem(4 bytes @ 0xE0000FCC)
T28B4 000:162.807   [1][3]: E0000000 CID B105900D PID 000BBD21 DEVARCH 47701A01 DEVTYPE 43 ITM
T28B4 000:162.817   CPU_ReadMem(32 bytes @ 0xE0041FE0)
T28B4 000:163.542   CPU_ReadMem(4 bytes @ 0xE0041FBC)
T28B4 000:164.121   CPU_ReadMem(4 bytes @ 0xE0041FCC)
T28B4 000:164.721   [1][5]: E0041000 CID B105900D PID 002BBD21 DEVARCH 47724A13 DEVTYPE 13 ETM
T28B4 000:164.734   CPU_ReadMem(32 bytes @ 0xE0042FE0)
T28B4 000:165.406   CPU_ReadMem(4 bytes @ 0xE0042FBC)
T28B4 000:165.969   CPU_ReadMem(4 bytes @ 0xE0042FCC)
T28B4 000:166.523   [1][6]: E0042000 CID B105900D PID 000BBD21 DEVARCH 47701A14 DEVTYPE 14 CSS600-CTI
T28B4 000:166.563   CPU_ReadMem(4 bytes @ 0xE000EDF0)
T28B4 000:167.095   Data:  01 00 10 01
T28B4 000:167.104   Debug reg: DHCSR
T28B4 000:167.112 - 56.756ms returns 0
T28B4 000:167.146 JLINK_ReadMem(0x400E002C, 0x4 Bytes, ...)
T28B4 000:167.153   CPU_ReadMem(4 bytes @ 0x400E002C)
T28B4 000:167.719   Data:  01 00 00 00
T28B4 000:167.729 - 0.583ms returns 0
T28B4 000:167.752 JLINK_ReadMem(0xE000EDF0, 0x4 Bytes, ...)
T28B4 000:167.759   CPU_ReadMem(4 bytes @ 0xE000EDF0)
T28B4 000:168.274   Data:  01 00 10 01
T28B4 000:168.285   Debug reg: DHCSR
T28B4 000:168.293 - 0.541ms returns 0
T28B4 000:168.315 JLINK_ReadMem(0xE000EDF0, 0x4 Bytes, ...)
T28B4 000:168.322   CPU_ReadMem(4 bytes @ 0xE000EDF0)
T28B4 000:168.848   Data:  01 00 10 01
T28B4 000:168.856   Debug reg: DHCSR
T28B4 000:168.864 - 0.548ms returns 0
T28B4 000:168.870 JLINK_ReadMem(0x400E001C, 0x4 Bytes, ...)
T28B4 000:168.876   CPU_ReadMem(4 bytes @ 0x400E001C)
T28B4 000:169.423   Data:  00 FC FF 00
T28B4 000:169.435 - 0.564ms returns 0
T28B4 000:169.445 JLINK_ReadMem(0xE000EDF0, 0x4 Bytes, ...)
T28B4 000:169.453   CPU_ReadMem(4 bytes @ 0xE000EDF0)
T28B4 000:170.011   Data:  01 00 10 01
T28B4 000:170.022   Debug reg: DHCSR
T28B4 000:170.030 - 0.584ms returns 0
T28B4 000:170.038 JLINK_ReadMem(0x400E0018, 0x4 Bytes, ...)
T28B4 000:170.044   CPU_ReadMem(4 bytes @ 0x400E0018)
T28B4 000:170.616   Data:  00 80 FF 00
T28B4 000:170.625 - 0.587ms returns 0
T28B4 000:170.633 JLINK_ReadMem(0xE000EDF0, 0x4 Bytes, ...)
T28B4 000:170.640   CPU_ReadMem(4 bytes @ 0xE000EDF0)
T28B4 000:171.247   Data:  01 00 10 01
T28B4 000:171.255   Debug reg: DHCSR
T28B4 000:171.263 - 0.629ms returns 0
T28B4 000:171.270 JLINK_ReadMem(0x400E0020, 0x4 Bytes, ...)
T28B4 000:171.276   CPU_ReadMem(4 bytes @ 0x400E0020)
T28B4 000:171.843   Data:  00 FC 00 00
T28B4 000:171.852 - 0.582ms returns 0
T28B4 000:171.860 JLINK_ReadMem(0xE000EDF0, 0x4 Bytes, ...)
T28B4 000:171.866   CPU_ReadMem(4 bytes @ 0xE000EDF0)
T28B4 000:172.432   Data:  01 00 10 01
T28B4 000:172.442   Debug reg: DHCSR
T28B4 000:172.451 - 0.590ms returns 0
T28B4 000:172.458 JLINK_ReadMem(0x400E0028, 0x4 Bytes, ...)
T28B4 000:172.464   CPU_ReadMem(4 bytes @ 0x400E0028)
T28B4 000:173.025   Data:  00 FC 1F 00
T28B4 000:173.041 - 0.582ms returns 0
T28B4 000:173.054 JLINK_ReadMem(0xE000EDF0, 0x4 Bytes, ...)
T28B4 000:173.063   CPU_ReadMem(4 bytes @ 0xE000EDF0)
T28B4 000:173.615   Data:  01 00 10 01
T28B4 000:173.624   Debug reg: DHCSR
T28B4 000:173.632 - 0.578ms returns 0
T28B4 000:173.639 JLINK_ReadMem(0x400E0024, 0x4 Bytes, ...)
T28B4 000:173.646   CPU_ReadMem(4 bytes @ 0x400E0024)
T28B4 000:174.253   Data:  00 E0 1F 00
T28B4 000:174.280 - 0.640ms returns 0
T28B4 000:174.300 JLINK_ReadMem(0xE000EDF0, 0x4 Bytes, ...)
T28B4 000:174.316   CPU_ReadMem(4 bytes @ 0xE000EDF0)
T28B4 000:174.889   Data:  01 00 10 01
T28B4 000:174.905   Debug reg: DHCSR
T28B4 000:174.914 - 0.614ms returns 0
T28B4 000:174.923 JLINK_ReadMem(0x400E002C, 0x4 Bytes, ...)
T28B4 000:174.932   CPU_ReadMem(4 bytes @ 0x400E002C)
T28B4 000:175.516   Data:  01 00 00 00
T28B4 000:175.551 - 0.627ms returns 0
T28B4 000:179.444 JLINK_Close()
T28B4 000:198.489 - 19.043ms
T28B4 000:198.627   
T28B4 000:198.648   Closed
