T81C4 000:000.699   SEGGER J-Link V8.12f Log File
T81C4 000:000.869   DLL Compiled: Feb 12 2025 13:34:40
T81C4 000:000.884   Logging started @ 2025-06-15 07:53
T81C4 000:000.898   Process: C:\Users\a8456\.eclipse\com.renesas.platform_1713588285\DebugComp\RA\e2-server-gdb.exe
T81C4 000:000.915 - 0.911ms 
T81C4 000:000.934 JLINK_GetDLLVersion()
T81C4 000:000.948 - 0.014ms returns 81206
T81C4 000:002.472 JLINK_OpenEx(...)
T81C4 000:008.211   Firmware: J-Link V9 compiled May  7 2021 16:26:12
T81C4 000:009.558   Firmware: J-Link V9 compiled May  7 2021 16:26:12
T81C4 000:009.680   Decompressing FW timestamp took 93 us
T81C4 000:017.075   Hardware: V9.60
T81C4 000:017.107   S/N: 69667700
T81C4 000:017.127   OEM: SEGGER
T81C4 000:017.272   Feature(s): RDI, GDB, FlashDL, FlashBP, JFlash
T81C4 000:018.541   Bootloader: (FW returned invalid version)
T81C4 000:020.080   TELNET listener socket opened on port 19021
T81C4 000:020.195   WEBSRV WEBSRV_Init(): Starting webserver thread(s)
T81C4 000:020.403   WEBSRV Webserver running on local port 19080
T81C4 000:020.508   Looking for J-Link GUI Server exe at: C:\Users\a8456\.eclipse\com.renesas.platform_1713588285\DebugComp\RA\ARM\Segger_v8.12.6\JLinkGUIServer.exe
T81C4 000:020.586   Looking for J-Link GUI Server exe at: C:\Program Files\SEGGER\JLink_V818\JLinkGUIServer.exe
T81C4 000:020.611   Forking J-Link GUI Server: C:\Program Files\SEGGER\JLink_V818\JLinkGUIServer.exe
T81C4 000:062.874   J-Link GUI Server info: "J-Link GUI server V8.18 "
T81C4 000:065.655 - 63.177ms returns "O.K."
T81C4 000:065.776 JLINK_ExecCommand("ProjectFile=C:\Users\a8456\e2_studio\workspace\RA4M2_IOT_Project8/RA4M2_IOT_Project8.elf.jlink", ...). 
T81C4 000:086.000 - 20.227ms returns 0x00
T81C4 000:086.225 JLINK_ExecCommand("device=R7FA4M2AD", ...). 
T81C4 000:086.349   Flash bank @ 0x0100A100: SFL: Parsing sectorization info from ELF file
T81C4 000:086.359     FlashDevice.SectorInfo[0]: .SectorSize = 0x00000010, .SectorStartAddr = 0x00000000
T81C4 000:086.367   FlashBank @0x0100A100: Sectorization info from SFL ELF file ignored because sectorization override from DLL / XML file is active.
T81C4 000:086.534   Flash bank @ 0x60000000: SFL: Parsing sectorization info from ELF file
T81C4 000:086.544     FlashDevice.SectorInfo[0]: .SectorSize = 0x00010000, .SectorStartAddr = 0x00000000
T81C4 000:089.099   Device "R7FA4M2AD" selected.
T81C4 000:089.358 - 3.122ms returns 0x00
T81C4 000:089.371 JLINK_TIF_GetAvailable(...)
T81C4 000:089.865 - 0.494ms 
T81C4 000:089.882 JLINK_TIF_Select(JLINKARM_TIF_SWD)
T81C4 000:091.528 - 1.645ms returns 0x00
T81C4 000:091.540 JLINK_SetSpeed(4000)
T81C4 000:091.873 - 0.333ms 
T81C4 000:091.898 JLINK_ReadMem(0xE000EDF0, 0x4 Bytes, ...)
T81C4 000:092.290   ConfigTargetSettings() start
T81C4 000:092.301    J-Link Script File: Executing ConfigTargetSettings()
T81C4 000:092.308   Configuring FlashDLNoRMWThreshold=0x200 in order to make sure that option bytes programming is done via read-modify-write
T81C4 000:097.395   ConfigTargetSettings() end - Took 5.09ms
T81C4 000:097.407   InitTarget() start
T81C4 000:097.415    J-Link Script File: Executing InitTarget()
T81C4 000:097.421   SWD selected. Executing JTAG -> SWD switching sequence.
T81C4 000:100.555   DAP initialized successfully.
T81C4 000:100.574   Determining TrustZone configuration...
T81C4 000:102.467     Secure Debug: Enabled (SSD)
T81C4 000:102.483   Determining currently configured transfer type by reading the AHB-AP CSW register.
T81C4 000:103.812     --> Correct transfer type configured. Done.
T81C4 000:103.825   InitTarget() end - Took 6.40ms
T81C4 000:104.853   Found SW-DP with ID 0x6BA02477
T81C4 000:108.131   DPIDR: 0x6BA02477
T81C4 000:108.146   CoreSight SoC-400 or earlier
T81C4 000:108.158   Scanning AP map to find all available APs
T81C4 000:109.531   AP[2]: Stopped AP scan as end of AP map has been reached
T81C4 000:109.547   AP[0]: AHB-AP (IDR: 0x84770001, ADDR: 0x00000000)
T81C4 000:109.555   AP[1]: APB-AP (IDR: 0x54770002, ADDR: 0x01000000)
T81C4 000:109.563   Iterating through AP map to find AHB-AP to use
T81C4 000:111.171   AP[0]: Core found
T81C4 000:111.192   AP[0]: AHB-AP ROM base: 0xE00FE000
T81C4 000:111.818   CPUID register: 0x410FD214. Implementer code: 0x41 (ARM)
T81C4 000:111.834   Feature set: Mainline
T81C4 000:112.520   Cache: No cache
T81C4 000:112.540   Found Cortex-M33 r0p4, Little endian.
T81C4 000:113.365   -- Max. mem block: 0x00010A88
T81C4 000:114.584   
  ***** Warning: 
T81C4 000:114.615   Cortex-M (ARMv8-M and later): The connected J-Link (S/N 69667700) uses an old firmware module that does not handle I/D-cache correctly. Proper debugging functionality cannot be guaranteed if cache is enabled
T81C4 000:114.645   CPU_ReadMem(4 bytes @ 0xE000EDF0)
T81C4 000:115.175   CPU_ReadMem(4 bytes @ 0xE0002000)
T81C4 000:115.646   FPUnit: 8 code (BP) slots and 0 literal slots
T81C4 000:115.656   CPU_ReadMem(4 bytes @ 0xE000EDFC)
T81C4 000:116.227   CPU_ReadMem(4 bytes @ 0xE0001000)
T81C4 000:116.758   CPU_ReadMem(4 bytes @ 0xE0001000)
T81C4 000:117.334   CPU_ReadMem(4 bytes @ 0xE0001028)
T81C4 000:117.827   CPU_ReadMem(4 bytes @ 0xE0001038)
T81C4 000:118.350   CPU_ReadMem(4 bytes @ 0xE0001048)
T81C4 000:118.872   CPU_ReadMem(4 bytes @ 0xE0001058)
T81C4 000:119.350   CPU_WriteMem(4 bytes @ 0xE0001000)
T81C4 000:119.872   CPU_ReadMem(4 bytes @ 0xE000ED88)
T81C4 000:120.379   CPU_WriteMem(4 bytes @ 0xE000ED88)
T81C4 000:120.874   CPU_ReadMem(4 bytes @ 0xE000ED88)
T81C4 000:121.350   CPU_WriteMem(4 bytes @ 0xE000ED88)
T81C4 000:121.872   CPU_ReadMem(4 bytes @ 0xE000EFB8)
T81C4 000:122.378   Security extension: implemented
T81C4 000:122.388   Secure debug: enabled
T81C4 000:122.396   CoreSight components:
T81C4 000:122.404   ROMTbl[0] @ E00FE000
T81C4 000:122.412   CPU_ReadMem(64 bytes @ 0xE00FE000)
T81C4 000:123.235   CPU_ReadMem(32 bytes @ 0xE0044FE0)
T81C4 000:123.886   CPU_ReadMem(4 bytes @ 0xE0044FBC)
T81C4 000:124.464   CPU_ReadMem(4 bytes @ 0xE0044FCC)
T81C4 000:124.976   [0][0]: E0044000 CID B105900D PID 005BB906 DEVARCH 00000000 DEVTYPE 14 CTI (?)
T81C4 000:124.987   CPU_ReadMem(32 bytes @ 0xE0047FE0)
T81C4 000:125.612   CPU_ReadMem(4 bytes @ 0xE0047FBC)
T81C4 000:126.133   CPU_ReadMem(4 bytes @ 0xE0047FCC)
T81C4 000:126.737   [0][1]: E0047000 CID B105900D PID 003BB908 DEVARCH 00000000 DEVTYPE 12 CSTF
T81C4 000:126.751   CPU_ReadMem(32 bytes @ 0xE0048FE0)
T81C4 000:127.396   CPU_ReadMem(4 bytes @ 0xE0048FBC)
T81C4 000:127.918   CPU_ReadMem(4 bytes @ 0xE0048FCC)
T81C4 000:128.467   [0][2]: E0048000 CID B105900D PID 001BB961 DEVARCH 00000000 DEVTYPE 21 TMC
T81C4 000:128.477   CPU_ReadMem(32 bytes @ 0xE0049FE0)
T81C4 000:129.122   [0][3]: E0049000 CID B105F00D PID 001BB101 TSG
T81C4 000:129.130   CPU_ReadMem(32 bytes @ 0xE0040FE0)
T81C4 000:129.760   CPU_ReadMem(4 bytes @ 0xE0040FBC)
T81C4 000:130.296   CPU_ReadMem(4 bytes @ 0xE0040FCC)
T81C4 000:130.779   [0][4]: E0040000 CID B105900D PID 000BBD21 DEVARCH 00000000 DEVTYPE 11 TPIU
T81C4 000:130.788   CPU_ReadMem(32 bytes @ 0xE00FFFE0)
T81C4 000:131.487   [0][5]: E00FF000 CID B105100D PID 000BB4C9 ROM Table
T81C4 000:131.497   ROMTbl[1] @ E00FF000
T81C4 000:131.506   CPU_ReadMem(64 bytes @ 0xE00FF000)
T81C4 000:132.307   CPU_ReadMem(32 bytes @ 0xE000EFE0)
T81C4 000:132.937   CPU_ReadMem(4 bytes @ 0xE000EFBC)
T81C4 000:133.479   CPU_ReadMem(4 bytes @ 0xE000EFCC)
T81C4 000:134.006   [1][0]: E000E000 CID B105900D PID 000BBD21 DEVARCH 47702A04 DEVTYPE 00 Cortex-M33
T81C4 000:134.021   CPU_ReadMem(32 bytes @ 0xE0001FE0)
T81C4 000:134.648   CPU_ReadMem(4 bytes @ 0xE0001FBC)
T81C4 000:135.165   CPU_ReadMem(4 bytes @ 0xE0001FCC)
T81C4 000:135.684   [1][1]: E0001000 CID B105900D PID 000BBD21 DEVARCH 47701A02 DEVTYPE 00 DWT
T81C4 000:135.694   CPU_ReadMem(32 bytes @ 0xE0002FE0)
T81C4 000:136.312   CPU_ReadMem(4 bytes @ 0xE0002FBC)
T81C4 000:136.810   CPU_ReadMem(4 bytes @ 0xE0002FCC)
T81C4 000:137.339   [1][2]: E0002000 CID B105900D PID 000BBD21 DEVARCH 47701A03 DEVTYPE 00 FPB
T81C4 000:137.349   CPU_ReadMem(32 bytes @ 0xE0000FE0)
T81C4 000:137.976   CPU_ReadMem(4 bytes @ 0xE0000FBC)
T81C4 000:138.506   CPU_ReadMem(4 bytes @ 0xE0000FCC)
T81C4 000:139.038   [1][3]: E0000000 CID B105900D PID 000BBD21 DEVARCH 47701A01 DEVTYPE 43 ITM
T81C4 000:139.070   CPU_ReadMem(32 bytes @ 0xE0041FE0)
T81C4 000:139.756   CPU_ReadMem(4 bytes @ 0xE0041FBC)
T81C4 000:140.229   CPU_ReadMem(4 bytes @ 0xE0041FCC)
T81C4 000:140.735   [1][5]: E0041000 CID B105900D PID 002BBD21 DEVARCH 47724A13 DEVTYPE 13 ETM
T81C4 000:140.745   CPU_ReadMem(32 bytes @ 0xE0042FE0)
T81C4 000:141.481   CPU_ReadMem(4 bytes @ 0xE0042FBC)
T81C4 000:141.997   CPU_ReadMem(4 bytes @ 0xE0042FCC)
T81C4 000:142.505   [1][6]: E0042000 CID B105900D PID 000BBD21 DEVARCH 47701A14 DEVTYPE 14 CSS600-CTI
T81C4 000:142.544   CPU_ReadMem(4 bytes @ 0xE000EDF0)
T81C4 000:143.043   Data:  03 00 13 00
T81C4 000:143.054   Debug reg: DHCSR
T81C4 000:143.062 - 51.164ms returns 0
T81C4 000:143.097 JLINK_ReadMem(0x400E002C, 0x4 Bytes, ...)
T81C4 000:143.107   CPU_ReadMem(4 bytes @ 0x400E002C)
T81C4 000:143.646   Data:  01 00 00 00
T81C4 000:143.656 - 0.558ms returns 0
T81C4 000:143.676 JLINK_ReadMem(0xE000EDF0, 0x4 Bytes, ...)
T81C4 000:143.683   CPU_ReadMem(4 bytes @ 0xE000EDF0)
T81C4 000:144.209   Data:  03 00 13 00
T81C4 000:144.219   Debug reg: DHCSR
T81C4 000:144.228 - 0.551ms returns 0
T81C4 000:144.250 JLINK_ReadMem(0xE000EDF0, 0x4 Bytes, ...)
T81C4 000:144.257   CPU_ReadMem(4 bytes @ 0xE000EDF0)
T81C4 000:144.734   Data:  03 00 13 00
T81C4 000:144.745   Debug reg: DHCSR
T81C4 000:144.754 - 0.503ms returns 0
T81C4 000:144.762 JLINK_ReadMem(0x400E001C, 0x4 Bytes, ...)
T81C4 000:144.769   CPU_ReadMem(4 bytes @ 0x400E001C)
T81C4 000:145.294   Data:  00 FC FF 00
T81C4 000:145.305 - 0.543ms returns 0
T81C4 000:145.315 JLINK_ReadMem(0xE000EDF0, 0x4 Bytes, ...)
T81C4 000:145.322   CPU_ReadMem(4 bytes @ 0xE000EDF0)
T81C4 000:145.810   Data:  03 00 13 00
T81C4 000:145.821   Debug reg: DHCSR
T81C4 000:145.829 - 0.514ms returns 0
T81C4 000:145.837 JLINK_ReadMem(0x400E0018, 0x4 Bytes, ...)
T81C4 000:145.844   CPU_ReadMem(4 bytes @ 0x400E0018)
T81C4 000:146.357   Data:  00 80 FF 00
T81C4 000:146.367 - 0.530ms returns 0
T81C4 000:146.377 JLINK_ReadMem(0xE000EDF0, 0x4 Bytes, ...)
T81C4 000:146.384   CPU_ReadMem(4 bytes @ 0xE000EDF0)
T81C4 000:146.871   Data:  03 00 13 00
T81C4 000:146.882   Debug reg: DHCSR
T81C4 000:146.890 - 0.512ms returns 0
T81C4 000:146.897 JLINK_ReadMem(0x400E0020, 0x4 Bytes, ...)
T81C4 000:146.903   CPU_ReadMem(4 bytes @ 0x400E0020)
T81C4 000:147.458   Data:  00 FC 00 00
T81C4 000:147.473 - 0.575ms returns 0
T81C4 000:147.486 JLINK_ReadMem(0xE000EDF0, 0x4 Bytes, ...)
T81C4 000:147.495   CPU_ReadMem(4 bytes @ 0xE000EDF0)
T81C4 000:147.974   Data:  03 00 13 00
T81C4 000:147.984   Debug reg: DHCSR
T81C4 000:147.992 - 0.506ms returns 0
T81C4 000:148.000 JLINK_ReadMem(0x400E0028, 0x4 Bytes, ...)
T81C4 000:148.007   CPU_ReadMem(4 bytes @ 0x400E0028)
T81C4 000:148.528   Data:  00 FC 1F 00
T81C4 000:148.540 - 0.539ms returns 0
T81C4 000:148.550 JLINK_ReadMem(0xE000EDF0, 0x4 Bytes, ...)
T81C4 000:148.557   CPU_ReadMem(4 bytes @ 0xE000EDF0)
T81C4 000:149.080   Data:  03 00 13 00
T81C4 000:149.094   Debug reg: DHCSR
T81C4 000:149.103 - 0.553ms returns 0
T81C4 000:149.113 JLINK_ReadMem(0x400E0024, 0x4 Bytes, ...)
T81C4 000:149.122   CPU_ReadMem(4 bytes @ 0x400E0024)
T81C4 000:149.614   Data:  00 E0 1F 00
T81C4 000:149.646 - 0.532ms returns 0
T81C4 000:149.667 JLINK_ReadMem(0xE000EDF0, 0x4 Bytes, ...)
T81C4 000:149.683   CPU_ReadMem(4 bytes @ 0xE000EDF0)
T81C4 000:150.315   Data:  03 00 13 00
T81C4 000:150.367   Debug reg: DHCSR
T81C4 000:150.385 - 0.717ms returns 0
T81C4 000:150.401 JLINK_ReadMem(0x400E002C, 0x4 Bytes, ...)
T81C4 000:150.419   CPU_ReadMem(4 bytes @ 0x400E002C)
T81C4 000:151.035   Data:  01 00 00 00
T81C4 000:151.070 - 0.668ms returns 0
T81C4 000:154.959 JLINK_Close()
T81C4 000:174.178 - 19.217ms
T81C4 000:174.226   
T81C4 000:174.239   Closed
