T3500 000:000.454   SEGGER J-Link V8.12f Log File
T3500 000:000.551   DLL Compiled: Feb 12 2025 13:34:40
T3500 000:000.557   Logging started @ 2025-06-04 17:10
T3500 000:000.563   Process: C:\Users\a8456\.eclipse\com.renesas.platform_1713588285\DebugComp\RA\e2-server-gdb.exe
T3500 000:000.572 - 0.568ms 
T3500 000:000.583 JLINK_GetDLLVersion()
T3500 000:000.589 - 0.006ms returns 81206
T3500 000:001.971 JLINK_OpenEx(...)
T3500 000:008.896   Firmware: J-Link V9 compiled May  7 2021 16:26:12
T3500 000:010.489   Firmware: J-Link V9 compiled May  7 2021 16:26:12
T3500 000:010.611   Decompressing FW timestamp took 98 us
T3500 000:018.394   Hardware: V9.60
T3500 000:018.411   S/N: 69667700
T3500 000:018.419   OEM: SEGGER
T3500 000:018.427   Feature(s): RDI, GDB, FlashDL, FlashBP, JFlash
T3500 000:019.885   Bootloader: (FW returned invalid version)
T3500 000:021.696   TELNET listener socket opened on port 19021
T3500 000:021.832   WEBSRV WEBSRV_Init(): Starting webserver thread(s)
T3500 000:022.067   WEBSRV Webserver running on local port 19080
T3500 000:022.189   Looking for J-Link GUI Server exe at: C:\Users\a8456\.eclipse\com.renesas.platform_1713588285\DebugComp\RA\ARM\Segger_v8.12.6\JLinkGUIServer.exe
T3500 000:022.282   Looking for J-Link GUI Server exe at: C:\Program Files\SEGGER\JLink_V818\JLinkGUIServer.exe
T3500 000:022.387   Forking J-Link GUI Server: C:\Program Files\SEGGER\JLink_V818\JLinkGUIServer.exe
T3500 000:078.667   J-Link GUI Server info: "J-Link GUI server V8.18 "
T3500 000:081.645 - 79.664ms returns "O.K."
T3500 000:081.754 JLINK_ExecCommand("ProjectFile=C:\Users\a8456\e2_studio\workspace\RA4M2_IOT_Project1/RA4M2_IOT_Project1 Debug_Flat.jlink", ...). 
T3500 000:105.760 - 24.012ms returns 0x00
T3500 000:106.240 JLINK_ExecCommand("device=R7FA4M2AD", ...). 
T3500 000:106.439   Flash bank @ 0x0100A100: SFL: Parsing sectorization info from ELF file
T3500 000:106.456     FlashDevice.SectorInfo[0]: .SectorSize = 0x00000010, .SectorStartAddr = 0x00000000
T3500 000:106.465   FlashBank @0x0100A100: Sectorization info from SFL ELF file ignored because sectorization override from DLL / XML file is active.
T3500 000:106.715   Flash bank @ 0x60000000: SFL: Parsing sectorization info from ELF file
T3500 000:106.732     FlashDevice.SectorInfo[0]: .SectorSize = 0x00010000, .SectorStartAddr = 0x00000000
T3500 000:109.540   Device "R7FA4M2AD" selected.
T3500 000:109.836 - 3.576ms returns 0x00
T3500 000:109.849 JLINK_TIF_GetAvailable(...)
T3500 000:110.340 - 0.490ms 
T3500 000:110.375 JLINK_TIF_Select(JLINKARM_TIF_SWD)
T3500 000:112.300 - 1.924ms returns 0x00
T3500 000:112.321 JLINK_SetSpeed(4000)
T3500 000:112.725 - 0.408ms 
T3500 000:112.759 JLINK_ReadMem(0xE000EDF0, 0x4 Bytes, ...)
T3500 000:113.234   ConfigTargetSettings() start
T3500 000:113.251    J-Link Script File: Executing ConfigTargetSettings()
T3500 000:113.262   Configuring FlashDLNoRMWThreshold=0x200 in order to make sure that option bytes programming is done via read-modify-write
T3500 000:118.614   ConfigTargetSettings() end - Took 5.36ms
T3500 000:118.628   InitTarget() start
T3500 000:118.636    J-Link Script File: Executing InitTarget()
T3500 000:118.643   SWD selected. Executing JTAG -> SWD switching sequence.
T3500 000:122.144   DAP initialized successfully.
T3500 000:122.169   Determining TrustZone configuration...
T3500 000:124.161     Secure Debug: Enabled (SSD)
T3500 000:124.182   Determining currently configured transfer type by reading the AHB-AP CSW register.
T3500 000:125.693     --> Correct transfer type configured. Done.
T3500 000:125.712   InitTarget() end - Took 7.07ms
T3500 000:126.793   Found SW-DP with ID 0x6BA02477
T3500 000:130.592   DPIDR: 0x6BA02477
T3500 000:130.607   CoreSight SoC-400 or earlier
T3500 000:130.624   Scanning AP map to find all available APs
T3500 000:132.304   AP[2]: Stopped AP scan as end of AP map has been reached
T3500 000:132.318   AP[0]: AHB-AP (IDR: 0x84770001, ADDR: 0x00000000)
T3500 000:132.326   AP[1]: APB-AP (IDR: 0x54770002, ADDR: 0x01000000)
T3500 000:132.334   Iterating through AP map to find AHB-AP to use
T3500 000:133.805   AP[0]: Core found
T3500 000:133.820   AP[0]: AHB-AP ROM base: 0xE00FE000
T3500 000:134.545   CPUID register: 0x410FD214. Implementer code: 0x41 (ARM)
T3500 000:134.563   Feature set: Mainline
T3500 000:135.302   Cache: No cache
T3500 000:135.315   Found Cortex-M33 r0p4, Little endian.
T3500 000:136.294   -- Max. mem block: 0x00010C40
T3500 000:137.923   
  ***** Warning: 
T3500 000:138.060   Cortex-M (ARMv8-M and later): The connected J-Link (S/N 69667700) uses an old firmware module that does not handle I/D-cache correctly. Proper debugging functionality cannot be guaranteed if cache is enabled
T3500 000:138.113   CPU_ReadMem(4 bytes @ 0xE000EDF0)
T3500 000:138.776   CPU_WriteMem(4 bytes @ 0xE000EDF0)
T3500 000:139.478   CPU_ReadMem(4 bytes @ 0xE0002000)
T3500 000:140.102   FPUnit: 8 code (BP) slots and 0 literal slots
T3500 000:140.114   CPU_ReadMem(4 bytes @ 0xE000EDFC)
T3500 000:140.665   CPU_WriteMem(4 bytes @ 0xE000EDFC)
T3500 000:141.294   CPU_ReadMem(4 bytes @ 0xE0001000)
T3500 000:141.842   CPU_ReadMem(4 bytes @ 0xE0001000)
T3500 000:142.467   CPU_ReadMem(4 bytes @ 0xE0001028)
T3500 000:143.038   CPU_ReadMem(4 bytes @ 0xE0001038)
T3500 000:143.645   CPU_ReadMem(4 bytes @ 0xE0001048)
T3500 000:144.216   CPU_ReadMem(4 bytes @ 0xE0001058)
T3500 000:144.777   CPU_WriteMem(4 bytes @ 0xE0001000)
T3500 000:145.353   CPU_ReadMem(4 bytes @ 0xE000ED88)
T3500 000:145.898   CPU_WriteMem(4 bytes @ 0xE000ED88)
T3500 000:146.456   CPU_ReadMem(4 bytes @ 0xE000ED88)
T3500 000:147.067   CPU_WriteMem(4 bytes @ 0xE000ED88)
T3500 000:147.645   CPU_ReadMem(4 bytes @ 0xE000EFB8)
T3500 000:148.295   Security extension: implemented
T3500 000:148.305   Secure debug: enabled
T3500 000:148.313   CoreSight components:
T3500 000:148.321   ROMTbl[0] @ E00FE000
T3500 000:148.330   CPU_ReadMem(64 bytes @ 0xE00FE000)
T3500 000:149.215   CPU_ReadMem(32 bytes @ 0xE0044FE0)
T3500 000:149.893   CPU_ReadMem(4 bytes @ 0xE0044FBC)
T3500 000:150.487   CPU_ReadMem(4 bytes @ 0xE0044FCC)
T3500 000:151.066   [0][0]: E0044000 CID B105900D PID 005BB906 DEVARCH 00000000 DEVTYPE 14 CTI (?)
T3500 000:151.077   CPU_ReadMem(32 bytes @ 0xE0047FE0)
T3500 000:151.756   CPU_ReadMem(4 bytes @ 0xE0047FBC)
T3500 000:152.292   CPU_ReadMem(4 bytes @ 0xE0047FCC)
T3500 000:152.880   [0][1]: E0047000 CID B105900D PID 003BB908 DEVARCH 00000000 DEVTYPE 12 CSTF
T3500 000:152.892   CPU_ReadMem(32 bytes @ 0xE0048FE0)
T3500 000:153.618   CPU_ReadMem(4 bytes @ 0xE0048FBC)
T3500 000:154.205   CPU_ReadMem(4 bytes @ 0xE0048FCC)
T3500 000:154.989   [0][2]: E0048000 CID B105900D PID 001BB961 DEVARCH 00000000 DEVTYPE 21 TMC
T3500 000:155.009   CPU_ReadMem(32 bytes @ 0xE0049FE0)
T3500 000:155.697   [0][3]: E0049000 CID B105F00D PID 001BB101 TSG
T3500 000:155.726   CPU_ReadMem(32 bytes @ 0xE0040FE0)
T3500 000:156.420   CPU_ReadMem(4 bytes @ 0xE0040FBC)
T3500 000:157.020   CPU_ReadMem(4 bytes @ 0xE0040FCC)
T3500 000:157.585   [0][4]: E0040000 CID B105900D PID 000BBD21 DEVARCH 00000000 DEVTYPE 11 TPIU
T3500 000:157.596   CPU_ReadMem(32 bytes @ 0xE00FFFE0)
T3500 000:158.316   [0][5]: E00FF000 CID B105100D PID 000BB4C9 ROM Table
T3500 000:158.332   ROMTbl[1] @ E00FF000
T3500 000:158.341   CPU_ReadMem(64 bytes @ 0xE00FF000)
T3500 000:159.214   CPU_ReadMem(32 bytes @ 0xE000EFE0)
T3500 000:159.911   CPU_ReadMem(4 bytes @ 0xE000EFBC)
T3500 000:160.490   CPU_ReadMem(4 bytes @ 0xE000EFCC)
T3500 000:161.065   [1][0]: E000E000 CID B105900D PID 000BBD21 DEVARCH 47702A04 DEVTYPE 00 Cortex-M33
T3500 000:161.076   CPU_ReadMem(32 bytes @ 0xE0001FE0)
T3500 000:161.769   CPU_ReadMem(4 bytes @ 0xE0001FBC)
T3500 000:162.327   CPU_ReadMem(4 bytes @ 0xE0001FCC)
T3500 000:162.912   [1][1]: E0001000 CID B105900D PID 000BBD21 DEVARCH 47701A02 DEVTYPE 00 DWT
T3500 000:162.922   CPU_ReadMem(32 bytes @ 0xE0002FE0)
T3500 000:163.667   CPU_ReadMem(4 bytes @ 0xE0002FBC)
T3500 000:164.325   CPU_ReadMem(4 bytes @ 0xE0002FCC)
T3500 000:164.940   [1][2]: E0002000 CID B105900D PID 000BBD21 DEVARCH 47701A03 DEVTYPE 00 FPB
T3500 000:164.954   CPU_ReadMem(32 bytes @ 0xE0000FE0)
T3500 000:165.631   CPU_ReadMem(4 bytes @ 0xE0000FBC)
T3500 000:166.183   CPU_ReadMem(4 bytes @ 0xE0000FCC)
T3500 000:166.766   [1][3]: E0000000 CID B105900D PID 000BBD21 DEVARCH 47701A01 DEVTYPE 43 ITM
T3500 000:166.777   CPU_ReadMem(32 bytes @ 0xE0041FE0)
T3500 000:167.464   CPU_ReadMem(4 bytes @ 0xE0041FBC)
T3500 000:168.063   CPU_ReadMem(4 bytes @ 0xE0041FCC)
T3500 000:168.623   [1][5]: E0041000 CID B105900D PID 002BBD21 DEVARCH 47724A13 DEVTYPE 13 ETM
T3500 000:168.639   CPU_ReadMem(32 bytes @ 0xE0042FE0)
T3500 000:169.366   CPU_ReadMem(4 bytes @ 0xE0042FBC)
T3500 000:169.916   CPU_ReadMem(4 bytes @ 0xE0042FCC)
T3500 000:170.483   [1][6]: E0042000 CID B105900D PID 000BBD21 DEVARCH 47701A14 DEVTYPE 14 CSS600-CTI
T3500 000:170.621   CPU_ReadMem(4 bytes @ 0xE000EDF0)
T3500 000:171.223   Data:  01 00 10 01
T3500 000:171.243   Debug reg: DHCSR
T3500 000:171.252 - 58.493ms returns 0
T3500 000:171.268 JLINK_ReadMem(0x400E002C, 0x4 Bytes, ...)
T3500 000:171.278   CPU_ReadMem(4 bytes @ 0x400E002C)
T3500 000:171.875   Data:  02 00 00 00
T3500 000:171.905 - 0.636ms returns 0
T3500 000:171.963 JLINK_ReadMem(0xE000EDF0, 0x4 Bytes, ...)
T3500 000:171.982   CPU_ReadMem(4 bytes @ 0xE000EDF0)
T3500 000:172.575   Data:  01 00 10 01
T3500 000:172.637   Debug reg: DHCSR
T3500 000:172.646 - 0.683ms returns 0
T3500 000:172.685 JLINK_ReadMem(0xE000EDF0, 0x4 Bytes, ...)
T3500 000:172.696   CPU_ReadMem(4 bytes @ 0xE000EDF0)
T3500 000:173.297   Data:  01 00 10 01
T3500 000:173.314   Debug reg: DHCSR
T3500 000:173.323 - 0.637ms returns 0
T3500 000:173.332 JLINK_ReadMem(0x400E001C, 0x4 Bytes, ...)
T3500 000:173.341   CPU_ReadMem(4 bytes @ 0x400E001C)
T3500 000:173.895   Data:  00 FC FF 00
T3500 000:173.910 - 0.578ms returns 0
T3500 000:173.923 JLINK_ReadMem(0xE000EDF0, 0x4 Bytes, ...)
T3500 000:173.932   CPU_ReadMem(4 bytes @ 0xE000EDF0)
T3500 000:174.503   Data:  01 00 10 01
T3500 000:174.515   Debug reg: DHCSR
T3500 000:174.524 - 0.600ms returns 0
T3500 000:174.532 JLINK_ReadMem(0x400E0018, 0x4 Bytes, ...)
T3500 000:174.539   CPU_ReadMem(4 bytes @ 0x400E0018)
T3500 000:175.142   Data:  00 80 FF 00
T3500 000:175.152 - 0.620ms returns 0
T3500 000:175.162 JLINK_ReadMem(0xE000EDF0, 0x4 Bytes, ...)
T3500 000:175.169   CPU_ReadMem(4 bytes @ 0xE000EDF0)
T3500 000:175.747   Data:  01 00 10 01
T3500 000:175.760   Debug reg: DHCSR
T3500 000:175.769 - 0.606ms returns 0
T3500 000:175.777 JLINK_ReadMem(0x400E0020, 0x4 Bytes, ...)
T3500 000:175.785   CPU_ReadMem(4 bytes @ 0x400E0020)
T3500 000:176.350   Data:  00 FC 00 00
T3500 000:176.361 - 0.583ms returns 0
T3500 000:176.372 JLINK_ReadMem(0xE000EDF0, 0x4 Bytes, ...)
T3500 000:176.380   CPU_ReadMem(4 bytes @ 0xE000EDF0)
T3500 000:176.967   Data:  01 00 10 01
T3500 000:176.978   Debug reg: DHCSR
T3500 000:176.987 - 0.614ms returns 0
T3500 000:176.994 JLINK_ReadMem(0x400E0028, 0x4 Bytes, ...)
T3500 000:177.001   CPU_ReadMem(4 bytes @ 0x400E0028)
T3500 000:177.542   Data:  00 FC 1F 00
T3500 000:177.559 - 0.564ms returns 0
T3500 000:177.571 JLINK_ReadMem(0xE000EDF0, 0x4 Bytes, ...)
T3500 000:177.580   CPU_ReadMem(4 bytes @ 0xE000EDF0)
T3500 000:178.123   Data:  01 00 10 01
T3500 000:178.137   Debug reg: DHCSR
T3500 000:178.146 - 0.574ms returns 0
T3500 000:178.155 JLINK_ReadMem(0x400E0024, 0x4 Bytes, ...)
T3500 000:178.163   CPU_ReadMem(4 bytes @ 0x400E0024)
T3500 000:178.726   Data:  00 E0 1F 00
T3500 000:178.736 - 0.581ms returns 0
T3500 000:178.747 JLINK_ReadMem(0xE000EDF0, 0x4 Bytes, ...)
T3500 000:178.754   CPU_ReadMem(4 bytes @ 0xE000EDF0)
T3500 000:179.291   Data:  01 00 10 01
T3500 000:179.303   Debug reg: DHCSR
T3500 000:179.312 - 0.565ms returns 0
T3500 000:179.320 JLINK_ReadMem(0x400E002C, 0x4 Bytes, ...)
T3500 000:179.327   CPU_ReadMem(4 bytes @ 0x400E002C)
T3500 000:179.891   Data:  02 00 00 00
T3500 000:179.902 - 0.583ms returns 0
T3500 000:179.912 JLINK_ReadMem(0xE000EDF0, 0x4 Bytes, ...)
T3500 000:179.919   CPU_ReadMem(4 bytes @ 0xE000EDF0)
T3500 000:180.474   Data:  01 00 10 01
T3500 000:180.486   Debug reg: DHCSR
T3500 000:180.494 - 0.582ms returns 0
T3500 000:180.503 JLINK_ReadMem(0x400E002C, 0x4 Bytes, ...)
T3500 000:180.509   CPU_ReadMem(4 bytes @ 0x400E002C)
T3500 000:181.058   Data:  02 00 00 00
T3500 000:181.068 - 0.565ms returns 0
T3500 000:187.630 JLINK_Close()
T3500 000:204.112 - 16.481ms
T3500 000:204.136   
T3500 000:204.142   Closed
