Archive member included to satisfy reference by file (symbol)

C:/Renesas/RA/e2studio_v2025-04_fsp_v5.9.0/toolchains/gcc_arm/13.2.rel1/bin/../lib/gcc/arm-none-eabi/13.2.1/thumb/v8-m.main+fp/hard\libgcc.a(_arm_muldf3.o)
                              ./src/hal_entry.o (__aeabi_dmul)
C:/Renesas/RA/e2studio_v2025-04_fsp_v5.9.0/toolchains/gcc_arm/13.2.rel1/bin/../lib/gcc/arm-none-eabi/13.2.1/thumb/v8-m.main+fp/hard\libgcc.a(_arm_addsubdf3.o)
                              ./src/hal_entry.o (__aeabi_i2d)
C:/Renesas/RA/e2studio_v2025-04_fsp_v5.9.0/toolchains/gcc_arm/13.2.rel1/bin/../lib/gcc/arm-none-eabi/13.2.1/thumb/v8-m.main+fp/hard\libgcc.a(_arm_muldivdf3.o)
                              ./src/hal_entry.o (__aeabi_ddiv)
C:/Renesas/RA/e2studio_v2025-04_fsp_v5.9.0/toolchains/gcc_arm/13.2.rel1/bin/../lib/gcc/arm-none-eabi/13.2.1/thumb/v8-m.main+fp/hard\libgcc.a(_arm_cmpdf2.o)
                              ./src/hal_entry.o (__aeabi_dcmplt)
C:/Renesas/RA/e2studio_v2025-04_fsp_v5.9.0/toolchains/gcc_arm/13.2.rel1/bin/../lib/gcc/arm-none-eabi/13.2.1/thumb/v8-m.main+fp/hard\libgcc.a(_arm_fixunsdfsi.o)
                              ./src/hal_entry.o (__aeabi_d2uiz)
C:/Renesas/RA/e2studio_v2025-04_fsp_v5.9.0/toolchains/gcc_arm/13.2.rel1/bin/../lib/gcc/arm-none-eabi/13.2.1/thumb/v8-m.main+fp/hard\libgcc.a(_aeabi_ldivmod.o)
                              ./ra/fsp/src/r_sci_uart/r_sci_uart.o (__aeabi_ldivmod)
C:/Renesas/RA/e2studio_v2025-04_fsp_v5.9.0/toolchains/gcc_arm/13.2.rel1/bin/../lib/gcc/arm-none-eabi/13.2.1/thumb/v8-m.main+fp/hard\libgcc.a(_udivmoddi4.o)
                              C:/Renesas/RA/e2studio_v2025-04_fsp_v5.9.0/toolchains/gcc_arm/13.2.rel1/bin/../lib/gcc/arm-none-eabi/13.2.1/thumb/v8-m.main+fp/hard\libgcc.a(_aeabi_ldivmod.o) (__udivmoddi4)
C:/Renesas/RA/e2studio_v2025-04_fsp_v5.9.0/toolchains/gcc_arm/13.2.rel1/bin/../lib/gcc/arm-none-eabi/13.2.1/thumb/v8-m.main+fp/hard\libgcc.a(_dvmd_tls.o)
                              C:/Renesas/RA/e2studio_v2025-04_fsp_v5.9.0/toolchains/gcc_arm/13.2.rel1/bin/../lib/gcc/arm-none-eabi/13.2.1/thumb/v8-m.main+fp/hard\libgcc.a(_aeabi_ldivmod.o) (__aeabi_ldiv0)
C:/Renesas/RA/e2studio_v2025-04_fsp_v5.9.0/toolchains/gcc_arm/13.2.rel1/bin/../lib/gcc/arm-none-eabi/13.2.1/thumb/v8-m.main+fp/hard\libg_nano.a(libc_a-exit.o)
                              C:/Renesas/RA/e2studio_v2025-04_fsp_v5.9.0/toolchains/gcc_arm/13.2.rel1/bin/../lib/gcc/arm-none-eabi/13.2.1/thumb/v8-m.main+fp/hard/crt0.o (exit)
C:/Renesas/RA/e2studio_v2025-04_fsp_v5.9.0/toolchains/gcc_arm/13.2.rel1/bin/../lib/gcc/arm-none-eabi/13.2.1/thumb/v8-m.main+fp/hard\libg_nano.a(libc_a-nano-vfprintf_float.o)
                              (_printf_float)
C:/Renesas/RA/e2studio_v2025-04_fsp_v5.9.0/toolchains/gcc_arm/13.2.rel1/bin/../lib/gcc/arm-none-eabi/13.2.1/thumb/v8-m.main+fp/hard\libg_nano.a(libc_a-nano-vfprintf_i.o)
                              C:/Renesas/RA/e2studio_v2025-04_fsp_v5.9.0/toolchains/gcc_arm/13.2.rel1/bin/../lib/gcc/arm-none-eabi/13.2.1/thumb/v8-m.main+fp/hard\libg_nano.a(libc_a-nano-vfprintf_float.o) (_printf_common)
C:/Renesas/RA/e2studio_v2025-04_fsp_v5.9.0/toolchains/gcc_arm/13.2.rel1/bin/../lib/gcc/arm-none-eabi/13.2.1/thumb/v8-m.main+fp/hard\libg_nano.a(libc_a-findfp.o)
                              C:/Renesas/RA/e2studio_v2025-04_fsp_v5.9.0/toolchains/gcc_arm/13.2.rel1/bin/../lib/gcc/arm-none-eabi/13.2.1/thumb/v8-m.main+fp/hard\libg_nano.a(libc_a-exit.o) (__stdio_exit_handler)
C:/Renesas/RA/e2studio_v2025-04_fsp_v5.9.0/toolchains/gcc_arm/13.2.rel1/bin/../lib/gcc/arm-none-eabi/13.2.1/thumb/v8-m.main+fp/hard\libg_nano.a(libc_a-fwalk.o)
                              C:/Renesas/RA/e2studio_v2025-04_fsp_v5.9.0/toolchains/gcc_arm/13.2.rel1/bin/../lib/gcc/arm-none-eabi/13.2.1/thumb/v8-m.main+fp/hard\libg_nano.a(libc_a-findfp.o) (_fwalk_sglue)
C:/Renesas/RA/e2studio_v2025-04_fsp_v5.9.0/toolchains/gcc_arm/13.2.rel1/bin/../lib/gcc/arm-none-eabi/13.2.1/thumb/v8-m.main+fp/hard\libg_nano.a(libc_a-printf.o)
                              ./src/hal_entry.o (printf)
C:/Renesas/RA/e2studio_v2025-04_fsp_v5.9.0/toolchains/gcc_arm/13.2.rel1/bin/../lib/gcc/arm-none-eabi/13.2.1/thumb/v8-m.main+fp/hard\libg_nano.a(libc_a-puts.o)
                              ./src/hal_entry.o (puts)
C:/Renesas/RA/e2studio_v2025-04_fsp_v5.9.0/toolchains/gcc_arm/13.2.rel1/bin/../lib/gcc/arm-none-eabi/13.2.1/thumb/v8-m.main+fp/hard\libg_nano.a(libc_a-stdio.o)
                              C:/Renesas/RA/e2studio_v2025-04_fsp_v5.9.0/toolchains/gcc_arm/13.2.rel1/bin/../lib/gcc/arm-none-eabi/13.2.1/thumb/v8-m.main+fp/hard\libg_nano.a(libc_a-findfp.o) (__sread)
C:/Renesas/RA/e2studio_v2025-04_fsp_v5.9.0/toolchains/gcc_arm/13.2.rel1/bin/../lib/gcc/arm-none-eabi/13.2.1/thumb/v8-m.main+fp/hard\libg_nano.a(libc_a-wbuf.o)
                              C:/Renesas/RA/e2studio_v2025-04_fsp_v5.9.0/toolchains/gcc_arm/13.2.rel1/bin/../lib/gcc/arm-none-eabi/13.2.1/thumb/v8-m.main+fp/hard\libg_nano.a(libc_a-puts.o) (__swbuf_r)
[...]
Memory Configuration

Name             Origin             Length             Attributes
ITCM             0x00000000         0x00000000         xr
DTCM             0x00000000         0x00000000         xrw
FLASH            0x00000000         0x00080000         xr
RAM              0x20000000         0x00020000         xrw
DATA_FLASH       0x08000000         0x00002000         xr
QSPI_FLASH       0x60000000         0x04000000         xr
OSPI_DEVICE_0    0x80020000         0x00000000         xr
OSPI_DEVICE_1    0x80030000         0x00000000         xr
OSPI_DEVICE_0_RAM 0x80020000         0x00000000         xrw
OSPI_DEVICE_1_RAM 0x80030000         0x00000000         xrw
SDRAM            0x80010000         0x00000000         xrw
OPTION_SETTING   0x0100a100         0x00000100         r
OPTION_SETTING_OFS 0x0100a100         0x00000018         r
OPTION_SETTING_SAS 0x0100a134         0x000000cc         r
OPTION_SETTING_S 0x0100a200         0x00000100         r
ID_CODE          0x00000000         0x00000000         xr
*default*        0x00000000         0xffffffff

Linker script and memory map

LOAD C:/Renesas/RA/e2studio_v2025-04_fsp_v5.9.0/toolchains/gcc_arm/13.2.rel1/bin/../lib/gcc/arm-none-eabi/13.2.1/thumb/v8-m.main+fp/hard/crti.o
LOAD C:/Renesas/RA/e2studio_v2025-04_fsp_v5.9.0/toolchains/gcc_arm/13.2.rel1/bin/../lib/gcc/arm-none-eabi/13.2.1/thumb/v8-m.main+fp/hard/crtbegin.o
LOAD C:/Renesas/RA/e2studio_v2025-04_fsp_v5.9.0/toolchains/gcc_arm/13.2.rel1/bin/../lib/gcc/arm-none-eabi/13.2.1/thumb/v8-m.main+fp/hard/crt0.o
START GROUP
LOAD ./src/hal_entry.o
LOAD ./src/lps22df_reg.o
LOAD ./src/lsm6dsv16x_reg.o
LOAD ./src/oled.o
LOAD ./ra_gen/common_data.o
LOAD ./ra_gen/hal_data.o
LOAD ./ra_gen/main.o
LOAD ./ra_gen/pin_data.o
LOAD ./ra_gen/vector_data.o
LOAD ./ra/fsp/src/r_sci_uart/r_sci_uart.o
LOAD ./ra/fsp/src/r_sci_i2c/r_sci_i2c.o
LOAD ./ra/fsp/src/r_ioport/r_ioport.o
LOAD ./ra/fsp/src/r_icu/r_icu.o
LOAD ./ra/fsp/src/r_adc/r_adc.o
LOAD ./ra/fsp/src/bsp/mcu/all/bsp_clocks.o
LOAD ./ra/fsp/src/bsp/mcu/all/bsp_common.o
LOAD ./ra/fsp/src/bsp/mcu/all/bsp_delay.o
LOAD ./ra/fsp/src/bsp/mcu/all/bsp_group_irq.o
LOAD ./ra/fsp/src/bsp/mcu/all/bsp_guard.o
LOAD ./ra/fsp/src/bsp/mcu/all/bsp_io.o
LOAD ./ra/fsp/src/bsp/mcu/all/bsp_irq.o
LOAD ./ra/fsp/src/bsp/mcu/all/bsp_macl.o
LOAD ./ra/fsp/src/bsp/mcu/all/bsp_register_protection.o
LOAD ./ra/fsp/src/bsp/mcu/all/bsp_rom_registers.o
LOAD ./ra/fsp/src/bsp/mcu/all/bsp_sbrk.o
LOAD ./ra/fsp/src/bsp/mcu/all/bsp_sdram.o
LOAD ./ra/fsp/src/bsp/mcu/all/bsp_security.o
LOAD ./ra/fsp/src/bsp/cmsis/Device/RENESAS/Source/startup.o
LOAD ./ra/fsp/src/bsp/cmsis/Device/RENESAS/Source/system.o
END GROUP
START GROUP
LOAD C:/Renesas/RA/e2studio_v2025-04_fsp_v5.9.0/toolchains/gcc_arm/13.2.rel1/bin/../lib/gcc/arm-none-eabi/13.2.1/thumb/v8-m.main+fp/hard\libgcc.a
LOAD C:/Renesas/RA/e2studio_v2025-04_fsp_v5.9.0/toolchains/gcc_arm/13.2.rel1/bin/../lib/gcc/arm-none-eabi/13.2.1/thumb/v8-m.main+fp/hard\libg_nano.a
LOAD C:/Renesas/RA/e2studio_v2025-04_fsp_v5.9.0/toolchains/gcc_arm/13.2.rel1/bin/../lib/gcc/arm-none-eabi/13.2.1/thumb/v8-m.main+fp/hard\libc_nano.a
END GROUP
START GROUP
LOAD C:/Renesas/RA/e2studio_v2025-04_fsp_v5.9.0/toolchains/gcc_arm/13.2.rel1/bin/../lib/gcc/arm-none-eabi/13.2.1/thumb/v8-m.main+fp/hard\libgcc.a
LOAD C:/Renesas/RA/e2studio_v2025-04_fsp_v5.9.0/toolchains/gcc_arm/13.2.rel1/bin/../lib/gcc/arm-none-eabi/13.2.1/thumb/v8-m.main+fp/hard\libc_nano.a
LOAD C:/Renesas/RA/e2studio_v2025-04_fsp_v5.9.0/toolchains/gcc_arm/13.2.rel1/bin/../lib/gcc/arm-none-eabi/13.2.1/thumb/v8-m.main+fp/hard\libnosys.a
END GROUP
START GROUP
LOAD C:/Renesas/RA/e2studio_v2025-04_fsp_v5.9.0/toolchains/gcc_arm/13.2.rel1/bin/../lib/gcc/arm-none-eabi/13.2.1/thumb/v8-m.main+fp/hard\libgcc.a
LOAD C:/Renesas/RA/e2studio_v2025-04_fsp_v5.9.0/toolchains/gcc_arm/13.2.rel1/bin/../lib/gcc/arm-none-eabi/13.2.1/thumb/v8-m.main+fp/hard\libc_nano.a
LOAD C:/Renesas/RA/e2studio_v2025-04_fsp_v5.9.0/toolchains/gcc_arm/13.2.rel1/bin/../lib/gcc/arm-none-eabi/13.2.1/thumb/v8-m.main+fp/hard\libnosys.a
END GROUP
LOAD C:/Renesas/RA/e2studio_v2025-04_fsp_v5.9.0/toolchains/gcc_arm/13.2.rel1/bin/../lib/gcc/arm-none-eabi/13.2.1/thumb/v8-m.main+fp/hard/crtend.o
LOAD C:/Renesas/RA/e2studio_v2025-04_fsp_v5.9.0/toolchains/gcc_arm/13.2.rel1/bin/../lib/gcc/arm-none-eabi/13.2.1/thumb/v8-m.main+fp/hard/crtn.o
                0x20000000                        RAM_START = 0x20000000
                0x00020000                        RAM_LENGTH = 0x20000
                0x00000000                        FLASH_START = 0x0
                0x00080000                        FLASH_LENGTH = 0x80000
                0x08000000                        DATA_FLASH_START = 0x8000000
                0x00002000                        DATA_FLASH_LENGTH = 0x2000
                0x0100a100                        OPTION_SETTING_START = 0x100a100
                0x00000100                        OPTION_SETTING_LENGTH = 0x100
                0x0100a200                        OPTION_SETTING_S_START = 0x100a200
                0x00000100                        OPTION_SETTING_S_LENGTH = 0x100
                0x00000000                        ID_CODE_START = 0x0
                0x00000000                        ID_CODE_LENGTH = 0x0
                0x80010000                        SDRAM_START = 0x80010000
                0x00000000                        SDRAM_LENGTH = 0x0
                0x60000000                        QSPI_FLASH_START = 0x60000000
                0x04000000                        QSPI_FLASH_LENGTH = 0x4000000
                0x80020000                        OSPI_DEVICE_0_START = 0x80020000
                0x00000000                        OSPI_DEVICE_0_LENGTH = 0x0
                0x80030000                        OSPI_DEVICE_1_START = 0x80030000
                0x00000000                        OSPI_DEVICE_1_LENGTH = 0x0
                0x04000000                        QSPI_FLASH_PRV_LENGTH = DEFINED (QSPI_FLASH_SIZE)?ABSOLUTE (QSPI_FLASH_SIZE):ABSOLUTE (QSPI_FLASH_LENGTH)
                0x00000000                        OSPI_DEVICE_0_PRV_LENGTH = DEFINED (OSPI_DEVICE_0_SIZE)?ABSOLUTE (OSPI_DEVICE_0_SIZE):ABSOLUTE (OSPI_DEVICE_0_LENGTH)
                0x00000000                        OSPI_DEVICE_1_PRV_LENGTH = DEFINED (OSPI_DEVICE_1_SIZE)?ABSOLUTE (OSPI_DEVICE_1_SIZE):ABSOLUTE (OSPI_DEVICE_1_LENGTH)
                0x00000000                        __RESERVE_NS_RAM = ((! (DEFINED (PROJECT_NONSECURE)) && DEFINED (RAM_NS_BUFFER_LENGTH)) && (OPTION_SETTING_S_LENGTH != 0x0))
                0x00000000                        ITCM_START = DEFINED (ITCM_START)?ITCM_START:0x0
                0x00000000                        ITCM_LENGTH = DEFINED (ITCM_LENGTH)?ITCM_LENGTH:0x0
                0x00000000                        DTCM_START = DEFINED (DTCM_START)?DTCM_START:0x0
                0x00000000                        DTCM_LENGTH = DEFINED (DTCM_LENGTH)?DTCM_LENGTH:0x0
                0x00000000                        RAM_NS_BUFFER_BLOCK_LENGTH = DEFINED (RAM_NS_BUFFER_LENGTH)?ALIGN (RAM_NS_BUFFER_LENGTH, 0x2000):0x0
                0x00000000                        RAM_NS_BUFFER_LENGTH = DEFINED (RAM_NS_BUFFER_LENGTH)?RAM_NS_BUFFER_LENGTH:0x0
                0x20020000                        RAM_NS_BUFFER_START = ((RAM_START + RAM_LENGTH) - RAM_NS_BUFFER_LENGTH)
                0x20020000                        RAM_NS_BUFFER_BLOCK_START = ((RAM_START + RAM_LENGTH) - RAM_NS_BUFFER_BLOCK_LENGTH)
                0x0100a180                        OPTION_SETTING_START_NS = DEFINED (PROJECT_NONSECURE)?OPTION_SETTING_START:(OPTION_SETTING_START + 0x80)
                0x00000001                        __bl_FSP_BOOTABLE_IMAGE = 0x1
                0x00000001                        __bln_FSP_BOOTABLE_IMAGE = 0x1
                0x00000001                        PROJECT_SECURE_OR_FLAT = (((! (DEFINED (PROJECT_NONSECURE)) || DEFINED (PROJECT_SECURE)) && OPTION_SETTING_LENGTH) && ! (DEFINED (FSP_BOOTABLE_IMAGE)))
                0x00000000                        USE_OPTION_SETTING_NS = (DEFINED (PROJECT_NONSECURE) && ! (DEFINED (FSP_BOOTABLE_IMAGE)))
                0x00000000                        __bl_FLASH_IMAGE_START = ! (DEFINED (FLASH_BOOTLOADER_LENGTH))?0x0:(FLASH_APPLICATION_IMAGE_NUMBER == 0x1)?((FLASH_START + FLASH_BOOTLOADER_LENGTH) + FLASH_BOOTLOADER_HEADER_LENGTH):(DEFINED (BOOTLOADER_SECONDARY_USE_QSPI) || DEFINED (BOOTLOADER_SECONDARY_USE_OSPI_B))?(((FLASH_START + FLASH_BOOTLOADER_LENGTH) + FLASH_BOOTLOADER_SCRATCH_LENGTH) + FLASH_BOOTLOADER_HEADER_LENGTH):((((FLASH_START + FLASH_BOOTLOADER_LENGTH) + FLASH_BOOTLOADER_SCRATCH_LENGTH) + FLASH_APPLICATION_S_LENGTH) + FLASH_BOOTLOADER_HEADER_LENGTH)
                0x00000000                        __bl_FLASH_IMAGE_LENGTH = ! (DEFINED (FLASH_BOOTLOADER_LENGTH))?0x0:(FLASH_APPLICATION_S_LENGTH - FLASH_BOOTLOADER_HEADER_LENGTH)
                0x00000000                        __bl_FLASH_IMAGE_END = (__bl_FLASH_IMAGE_START + __bl_FLASH_IMAGE_LENGTH)
                0x00000000                        __bl_XIP_SECONDARY_FLASH_IMAGE_START = ! (DEFINED (FLASH_BOOTLOADER_LENGTH))?0x0:(((FLASH_START + FLASH_BOOTLOADER_LENGTH) + FLASH_APPLICATION_S_LENGTH) + FLASH_BOOTLOADER_HEADER_LENGTH)
                0x00000000                        __bl_XIP_SECONDARY_FLASH_IMAGE_END = (__bl_XIP_SECONDARY_FLASH_IMAGE_START + __bl_FLASH_IMAGE_LENGTH)
                0x00000000                        __bl_FLASH_IMAGE_START_FROM_MMF_REGION = DEFINED (BOOT_IMAGE_FROM_MMF_REGION)?BOOT_IMAGE_FROM_MMF_REGION:0x0
                0x00000000                        __bl_MEMORY_MIRROR_REGION_START = DEFINED (MMF_REGION_START_ADDR)?MMF_REGION_START_ADDR:0x0
                0x00000000                        __bl_FLASH_NS_START = ! (DEFINED (FLASH_BOOTLOADER_LENGTH))?0x0:(FLASH_APPLICATION_NS_LENGTH == 0x0)?__bl_FLASH_IMAGE_END:((__bl_FLASH_IMAGE_START - FLASH_BOOTLOADER_HEADER_LENGTH) + FLASH_APPLICATION_S_LENGTH)
                0x00000000                        __bl_FLASH_NSC_START = ! (DEFINED (FLASH_BOOTLOADER_LENGTH))?0x0:(FLASH_APPLICATION_NS_LENGTH == 0x0)?__bl_FLASH_IMAGE_END:(__bl_FLASH_IMAGE_END - FLASH_APPLICATION_NSC_LENGTH)
                0x00000000                        __bl_RAM_NS_START = ! (DEFINED (FLASH_BOOTLOADER_LENGTH))?0x0:(FLASH_APPLICATION_NS_LENGTH == 0x0)?(RAM_START + RAM_LENGTH):((RAM_START + RAM_LENGTH) - RAM_APPLICATION_NS_LENGTH)
                0x00000000                        __bl_RAM_NSC_START = ! (DEFINED (FLASH_BOOTLOADER_LENGTH))?0x0:(FLASH_APPLICATION_NS_LENGTH == 0x0)?(RAM_START + RAM_LENGTH):(__bl_RAM_NS_START - RAM_APPLICATION_NSC_LENGTH)
                0x00000000                        __bl_FLASH_NS_IMAGE_START = ! (DEFINED (FLASH_BOOTLOADER_LENGTH))?0x0:(FLASH_APPLICATION_NS_LENGTH == 0x0)?__bl_FLASH_IMAGE_END:(__bl_FLASH_NS_START + FLASH_BOOTLOADER_HEADER_LENGTH_2)
                0x00000000                        __bln_FLASH_IMAGE_START = (__bl_FLASH_NS_IMAGE_START | ! (DEFINED (NS_OFFSET_START))?0x0:NS_OFFSET_START)
                0x00000000                        __bln_FLASH_IMAGE_LENGTH = ! (DEFINED (FLASH_BOOTLOADER_LENGTH))?0x0:(FLASH_APPLICATION_NS_LENGTH == 0x0)?__bl_FLASH_IMAGE_END:(FLASH_APPLICATION_NS_LENGTH - FLASH_BOOTLOADER_HEADER_LENGTH_2)
                0x00000000                        XIP_SECONDARY_SLOT_IMAGE = DEFINED (XIP_SECONDARY_SLOT_IMAGE)?XIP_SECONDARY_SLOT_IMAGE:0x0
                0x00000000                        FLASH_IMAGE_START_FROM_MMF_REGION = ! (DEFINED (FLASH_IMAGE_START_FROM_MMF_REGION))?0x0:FLASH_IMAGE_START_FROM_MMF_REGION
                0x00000000                        MEMORY_MIRROR_REGION_START = ! (DEFINED (MEMORY_MIRROR_REGION_START))?0x0:MEMORY_MIRROR_REGION_START
                0x00000000                        FLASH_ORIGIN = ! (DEFINED (FLASH_IMAGE_START))?FLASH_START:(XIP_SECONDARY_SLOT_IMAGE == 0x1)?XIP_SECONDARY_FLASH_IMAGE_START:(FLASH_IMAGE_START_FROM_MMF_REGION == 0x1)?MEMORY_MIRROR_REGION_START:FLASH_IMAGE_START
                0x00080000                        LIMITED_FLASH_LENGTH = DEFINED (FLASH_IMAGE_LENGTH)?FLASH_IMAGE_LENGTH:DEFINED (FLASH_BOOTLOADER_LENGTH)?FLASH_BOOTLOADER_LENGTH:FLASH_LENGTH
                0x00000034                        OPTION_SETTING_SAS_SIZE = 0x34
                0x000000cc                        OPTION_SETTING_SAS_LENGTH = ! (DEFINED (OPTION_SETTING_LENGTH))?0x0:(OPTION_SETTING_LENGTH == 0x0)?0x0:(OPTION_SETTING_LENGTH - OPTION_SETTING_SAS_SIZE)
START GROUP
LOAD C:/Renesas/RA/e2studio_v2025-04_fsp_v5.9.0/toolchains/gcc_arm/13.2.rel1/bin/../lib/gcc/arm-none-eabi/13.2.1/thumb/v8-m.main+fp/hard\libgcc.a
LOAD C:/Renesas/RA/e2studio_v2025-04_fsp_v5.9.0/toolchains/gcc_arm/13.2.rel1/bin/../lib/gcc/arm-none-eabi/13.2.1/thumb/v8-m.main+fp/hard\libc.a
LOAD C:/Renesas/RA/e2studio_v2025-04_fsp_v5.9.0/toolchains/gcc_arm/13.2.rel1/bin/../lib/gcc/arm-none-eabi/13.2.1/thumb/v8-m.main+fp/hard\libm.a
END GROUP

.text           0x00000000     0x9960
                0x00000000                        __tz_FLASH_S = ABSOLUTE (FLASH_START)
                0x00000000                        __ROM_Start = .
 *(.fixed_vectors*)
 .fixed_vectors
                0x00000000       0x40 ./ra/fsp/src/bsp/cmsis/Device/RENESAS/Source/startup.o
                0x00000000                __Vectors
 *(.application_vectors*)
 .application_vectors
                0x00000040       0x34 ./ra_gen/vector_data.o
                0x00000040                g_vector_table
                0x00000074                        __Vectors_End = .
 *(.flash_gap*)
                0x00000074                        . = (OPTION_SETTING_LENGTH > 0x0)?.:(__ROM_Start + 0x400)
 *(.rom_registers*)
 *(.mcuboot_sce9_key*)
 *(.text*)
 .text.deregister_tm_clones
                0x00000074       0x1c C:/Renesas/RA/e2studio_v2025-04_fsp_v5.9.0/toolchains/gcc_arm/13.2.rel1/bin/../lib/gcc/arm-none-eabi/13.2.1/thumb/v8-m.main+fp/hard/crtbegin.o
 .text.register_tm_clones
                0x00000090       0x28 C:/Renesas/RA/e2studio_v2025-04_fsp_v5.9.0/toolchains/gcc_arm/13.2.rel1/bin/../lib/gcc/arm-none-eabi/13.2.1/thumb/v8-m.main+fp/hard/crtbegin.o
 .text.__do_global_dtors_aux
                0x000000b8       0x28 C:/Renesas/RA/e2studio_v2025-04_fsp_v5.9.0/toolchains/gcc_arm/13.2.rel1/bin/../lib/gcc/arm-none-eabi/13.2.1/thumb/v8-m.main+fp/hard/crtbegin.o
 .text.frame_dummy
                0x000000e0       0x24 C:/Renesas/RA/e2studio_v2025-04_fsp_v5.9.0/toolchains/gcc_arm/13.2.rel1/bin/../lib/gcc/arm-none-eabi/13.2.1/thumb/v8-m.main+fp/hard/crtbegin.o
 .text.platform_delay
                0x00000104        0x8 ./src/hal_entry.o
 .text.platform_read
                0x0000010c      0x104 ./src/hal_entry.o
 .text.platform_read_lps22df
                0x00000210      0x104 ./src/hal_entry.o
 .text.platform_write
                0x00000314       0xc4 ./src/hal_entry.o
 .text.platform_write_lps22df
                0x000003d8       0xc4 ./src/hal_entry.o
 .text.platform_delay_lps22df
                0x0000049c        0x8 ./src/hal_entry.o
 .text.adc_callback
                0x000004a4        0xc ./src/hal_entry.o
                0x000004a4                adc_callback
 .text.user_uart_callback0
                0x000004b0       0x98 ./src/hal_entry.o
                0x000004b0                user_uart_callback0
 .text.user_uart_callback
                0x00000548       0x14 ./src/hal_entry.o
                0x00000548                user_uart_callback
 .text._write   0x0000055c       0x54 ./src/hal_entry.o
                0x0000055c                _write
 .text.sci_i2c_master_callback
                0x000005b0       0x14 ./src/hal_entry.o
                0x000005b0                sci_i2c_master_callback
 .text.external_irq6_callback
                0x000005c4        0xc ./src/hal_entry.o
                0x000005c4                external_irq6_callback
 .text.external_irq4_callback
                0x000005d0        0xc ./src/hal_entry.o
                0x000005d0                external_irq4_callback
 *fill*         0x000005dc        0x4 ff
 .text.hal_entry
                0x000005e0      0xf0c ./src/hal_entry.o
                0x000005e0                hal_entry
 .text.R_BSP_WarmStart
                0x000014ec       0x18 ./src/hal_entry.o
                0x000014ec                R_BSP_WarmStart
 .text.lps22df_read_reg
                0x00001504       0x18 ./src/lps22df_reg.o
                0x00001504                lps22df_read_reg
 .text.lps22df_write_reg
                0x0000151c       0x18 ./src/lps22df_reg.o
                0x0000151c                lps22df_write_reg
 .text.lps22df_id_get
                0x00001534       0x1c ./src/lps22df_reg.o
                0x00001534                lps22df_id_get
 .text.lps22df_bus_mode_set
                0x00001550       0x78 ./src/lps22df_reg.o
                0x00001550                lps22df_bus_mode_set
 .text.lps22df_status_get
                0x000015c8       0xa0 ./src/lps22df_reg.o
                0x000015c8                lps22df_status_get
 .text.lps22df_init_set
                0x00001668      0x104 ./src/lps22df_reg.o
                0x00001668                lps22df_init_set
 .text.lps22df_all_sources_get
                0x0000176c       0x80 ./src/lps22df_reg.o
                0x0000176c                lps22df_all_sources_get
 .text.lps22df_mode_set
                0x000017ec       0x60 ./src/lps22df_reg.o
                0x000017ec                lps22df_mode_set
 .text.lps22df_data_get
                0x0000184c       0x60 ./src/lps22df_reg.o
                0x0000184c                lps22df_data_get
 .text.lps22df_pin_int_route_set
                0x000018ac       0x54 ./src/lps22df_reg.o
                0x000018ac                lps22df_pin_int_route_set
 .text.lps22df_pin_int_route_get
                0x00001900       0x40 ./src/lps22df_reg.o
                0x00001900                lps22df_pin_int_route_get
 .text.lsm6dsv16x_read_reg
                0x00001940       0x18 ./src/lsm6dsv16x_reg.o
                0x00001940                lsm6dsv16x_read_reg
 .text.lsm6dsv16x_write_reg
                0x00001958       0x18 ./src/lsm6dsv16x_reg.o
                0x00001958                lsm6dsv16x_write_reg
 .text.lsm6dsv16x_from_fs8_to_mg
                0x00001970       0x18 ./src/lsm6dsv16x_reg.o
                0x00001970                lsm6dsv16x_from_fs8_to_mg
 .text.lsm6dsv16x_from_lsb_to_celsius
                0x00001988       0x14 ./src/lsm6dsv16x_reg.o
                0x00001988                lsm6dsv16x_from_lsb_to_celsius
 .text.lsm6dsv16x_reset_set
                0x0000199c       0x68 ./src/lsm6dsv16x_reg.o
                0x0000199c                lsm6dsv16x_reset_set
 .text.lsm6dsv16x_reset_get
                0x00001a04       0x5c ./src/lsm6dsv16x_reg.o
                0x00001a04                lsm6dsv16x_reset_get
 .text.lsm6dsv16x_device_id_get
                0x00001a60       0x10 ./src/lsm6dsv16x_reg.o
                0x00001a60                lsm6dsv16x_device_id_get
 .text.lsm6dsv16x_xl_data_rate_set
                0x00001a70       0x64 ./src/lsm6dsv16x_reg.o
                0x00001a70                lsm6dsv16x_xl_data_rate_set
 .text.lsm6dsv16x_block_data_update_set
                0x00001ad4       0x34 ./src/lsm6dsv16x_reg.o
                0x00001ad4                lsm6dsv16x_block_data_update_set
 .text.lsm6dsv16x_interrupt_enable_set
                0x00001b08       0x60 ./src/lsm6dsv16x_reg.o
                0x00001b08                lsm6dsv16x_interrupt_enable_set
 .text.lsm6dsv16x_xl_full_scale_set
                0x00001b68       0x34 ./src/lsm6dsv16x_reg.o
                0x00001b68                lsm6dsv16x_xl_full_scale_set
 .text.lsm6dsv16x_pin_int1_route_set
                0x00001b9c       0xd8 ./src/lsm6dsv16x_reg.o
                0x00001b9c                lsm6dsv16x_pin_int1_route_set
 .text.lsm6dsv16x_all_sources_get
                0x00001c74      0x338 ./src/lsm6dsv16x_reg.o
                0x00001c74                lsm6dsv16x_all_sources_get
 .text.lsm6dsv16x_temperature_raw_get
                0x00001fac       0x24 ./src/lsm6dsv16x_reg.o
                0x00001fac                lsm6dsv16x_temperature_raw_get
 .text.lsm6dsv16x_acceleration_raw_get
                0x00001fd0       0x40 ./src/lsm6dsv16x_reg.o
                0x00001fd0                lsm6dsv16x_acceleration_raw_get
 .text.lsm6dsv16x_tap_detection_set
                0x00002010       0x50 ./src/lsm6dsv16x_reg.o
                0x00002010                lsm6dsv16x_tap_detection_set
 .text.lsm6dsv16x_tap_thresholds_set
                0x00002060       0xa0 ./src/lsm6dsv16x_reg.o
                0x00002060                lsm6dsv16x_tap_thresholds_set
 .text.lsm6dsv16x_tap_time_windows_set
                0x00002100       0x2c ./src/lsm6dsv16x_reg.o
                0x00002100                lsm6dsv16x_tap_time_windows_set
 .text.lsm6dsv16x_tap_mode_set
                0x0000212c       0x34 ./src/lsm6dsv16x_reg.o
                0x0000212c                lsm6dsv16x_tap_mode_set
 .text.OLED_WR_Byte
                0x00002160       0xac ./src/oled.o
                0x00002160                OLED_WR_Byte
 .text.OLED_ColorTurn
                0x0000220c       0x18 ./src/oled.o
                0x0000220c                OLED_ColorTurn
 .text.OLED_DisplayTurn
                0x00002224       0x34 ./src/oled.o
                0x00002224                OLED_DisplayTurn
 .text.OLED_Refresh
                0x00002258       0xdc ./src/oled.o
                0x00002258                OLED_Refresh
 .text.OLED_Clear
                0x00002334       0x34 ./src/oled.o
                0x00002334                OLED_Clear
 .text.OLED_DrawPoint
                0x00002368       0x3c ./src/oled.o
                0x00002368                OLED_DrawPoint
 .text.OLED_ShowChar
                0x000023a4      0x14c ./src/oled.o
                0x000023a4                OLED_ShowChar
 .text.OLED_ShowString
                0x000024f0       0x4c ./src/oled.o
                0x000024f0                OLED_ShowString
 .text.OLED_ShowNum
                0x0000253c       0x9c ./src/oled.o
                0x0000253c                OLED_ShowNum
 .text.OLED_ShowChinese
                0x000025d8      0x110 ./src/oled.o
                0x000025d8                OLED_ShowChinese
 .text.OLED_ShowPicture
                0x000026e8      0x100 ./src/oled.o
                0x000026e8                OLED_ShowPicture
 .text.OLED_Init
                0x000027e8      0x10c ./src/oled.o
                0x000027e8                OLED_Init
 .text.startup.main
                0x000028f4        0xc ./ra_gen/main.o
                0x000028f4                main
 .text.R_SCI_UART_Write
                0x00002900       0x50 ./ra/fsp/src/r_sci_uart/r_sci_uart.o
                0x00002900                R_SCI_UART_Write
 .text.r_sci_uart_call_callback
                0x00002950       0x44 ./ra/fsp/src/r_sci_uart/r_sci_uart.o
 .text.R_SCI_UART_Open
                0x00002994      0x3b4 ./ra/fsp/src/r_sci_uart/r_sci_uart.o
                0x00002994                R_SCI_UART_Open
 .text.sci_uart_txi_isr
                0x00002d48       0x8c ./ra/fsp/src/r_sci_uart/r_sci_uart.o
                0x00002d48                sci_uart_txi_isr
 .text.sci_uart_rxi_isr
                0x00002dd4       0x90 ./ra/fsp/src/r_sci_uart/r_sci_uart.o
                0x00002dd4                sci_uart_rxi_isr
 .text.sci_uart_tei_isr
                0x00002e64       0x48 ./ra/fsp/src/r_sci_uart/r_sci_uart.o
                0x00002e64                sci_uart_tei_isr
 .text.sci_uart_eri_isr
                0x00002eac       0x78 ./ra/fsp/src/r_sci_uart/r_sci_uart.o
                0x00002eac                sci_uart_eri_isr
 .text.R_SCI_I2C_SlaveAddressSet
                0x00002f24        0xc ./ra/fsp/src/r_sci_i2c/r_sci_i2c.o
                0x00002f24                R_SCI_I2C_SlaveAddressSet
 .text.R_SCI_I2C_Read
                0x00002f30       0xa0 ./ra/fsp/src/r_sci_i2c/r_sci_i2c.o
                0x00002f30                R_SCI_I2C_Read
 .text.R_SCI_I2C_Write
                0x00002fd0       0x9c ./ra/fsp/src/r_sci_i2c/r_sci_i2c.o
                0x00002fd0                R_SCI_I2C_Write
 .text.R_SCI_I2C_Open
                0x0000306c      0x174 ./ra/fsp/src/r_sci_i2c/r_sci_i2c.o
                0x0000306c                R_SCI_I2C_Open
 .text.sci_i2c_notify
                0x000031e0       0x38 ./ra/fsp/src/r_sci_i2c/r_sci_i2c.o
                0x000031e0                sci_i2c_notify
 .text.sci_i2c_txi_isr
                0x00003218      0x14c ./ra/fsp/src/r_sci_i2c/r_sci_i2c.o
                0x00003218                sci_i2c_txi_isr
 .text.sci_i2c_tei_isr
                0x00003364       0xe0 ./ra/fsp/src/r_sci_i2c/r_sci_i2c.o
                0x00003364                sci_i2c_tei_isr
 .text.R_IOPORT_PinRead
                0x00003444       0x24 ./ra/fsp/src/r_ioport/r_ioport.o
                0x00003444                R_IOPORT_PinRead
 .text.R_IOPORT_PinWrite
                0x00003468       0x20 ./ra/fsp/src/r_ioport/r_ioport.o
                0x00003468                R_IOPORT_PinWrite
 .text.bsp_vbatt_init
                0x00003488       0xe8 ./ra/fsp/src/r_ioport/r_ioport.o
 .text.r_ioport_pins_config
                0x00003570       0xac ./ra/fsp/src/r_ioport/r_ioport.o
 .text.R_IOPORT_Open
                0x0000361c       0x14 ./ra/fsp/src/r_ioport/r_ioport.o
                0x0000361c                R_IOPORT_Open
 .text.R_ICU_ExternalIrqOpen
                0x00003630       0x80 ./ra/fsp/src/r_icu/r_icu.o
                0x00003630                R_ICU_ExternalIrqOpen
 .text.R_ICU_ExternalIrqEnable
                0x000036b0       0x44 ./ra/fsp/src/r_icu/r_icu.o
                0x000036b0                R_ICU_ExternalIrqEnable
 .text.r_icu_isr
                0x000036f4       0x74 ./ra/fsp/src/r_icu/r_icu.o
                0x000036f4                r_icu_isr
 .text.R_ADC_ScanStart
                0x00003768        0xc ./ra/fsp/src/r_adc/r_adc.o
                0x00003768                R_ADC_ScanStart
 .text.R_ADC_Read
                0x00003774       0x10 ./ra/fsp/src/r_adc/r_adc.o
                0x00003774                R_ADC_Read
 .text.r_adc_call_callback
                0x00003784       0x54 ./ra/fsp/src/r_adc/r_adc.o
 .text.r_adc_scan_end_common_isr
                0x000037d8       0x5c ./ra/fsp/src/r_adc/r_adc.o
 .text.R_ADC_ScanCfg
                0x00003834      0x200 ./ra/fsp/src/r_adc/r_adc.o
                0x00003834                R_ADC_ScanCfg
 .text.r_adc_irq_enable.part.0
                0x00003a34       0x5c ./ra/fsp/src/r_adc/r_adc.o
 .text.R_ADC_Open
                0x00003a90      0x134 ./ra/fsp/src/r_adc/r_adc.o
                0x00003a90                R_ADC_Open
 .text.adc_scan_end_isr
                0x00003bc4        0x8 ./ra/fsp/src/r_adc/r_adc.o
                0x00003bc4                adc_scan_end_isr
 .text.SystemCoreClockUpdate
                0x00003bcc       0x28 ./ra/fsp/src/bsp/mcu/all/bsp_clocks.o
                0x00003bcc                SystemCoreClockUpdate
 .text.R_BSP_SubClockStabilizeWaitAfterReset
                0x00003bf4        0x4 ./ra/fsp/src/bsp/mcu/all/bsp_clocks.o
                0x00003bf4                R_BSP_SubClockStabilizeWaitAfterReset
 .text.bsp_clock_init
                0x00003bf8      0x130 ./ra/fsp/src/bsp/mcu/all/bsp_clocks.o
                0x00003bf8                bsp_clock_init
 .text.R_BSP_Init_RTC
                0x00003d28       0xb0 ./ra/fsp/src/bsp/mcu/all/bsp_clocks.o
                0x00003d28                R_BSP_Init_RTC
 .text.bsp_init_internal
                0x00003dd8        0x4 ./ra/fsp/src/bsp/mcu/all/bsp_common.o
                0x00003dd8                bsp_init_internal
                0x00003dd8                bsp_init
 .text.__assert_func
                0x00003ddc        0x4 ./ra/fsp/src/bsp/mcu/all/bsp_common.o
                0x00003ddc                __assert_func
 .text.bsp_prv_software_delay_loop
                0x00003de0        0xc ./ra/fsp/src/bsp/mcu/all/bsp_delay.o
                0x00003de0                bsp_prv_software_delay_loop
 .text.R_BSP_SoftwareDelay
                0x00003dec       0x58 ./ra/fsp/src/bsp/mcu/all/bsp_delay.o
                0x00003dec                R_BSP_SoftwareDelay
 .text.NMI_Handler
                0x00003e44       0x3c ./ra/fsp/src/bsp/mcu/all/bsp_group_irq.o
                0x00003e44                NMI_Handler
 .text.bsp_irq_cfg
                0x00003e80       0x94 ./ra/fsp/src/bsp/mcu/all/bsp_irq.o
                0x00003e80                bsp_irq_cfg
 .text.R_BSP_RegisterProtectEnable
                0x00003f14       0x60 ./ra/fsp/src/bsp/mcu/all/bsp_register_protection.o
                0x00003f14                R_BSP_RegisterProtectEnable
 .text.R_BSP_RegisterProtectDisable
                0x00003f74       0x54 ./ra/fsp/src/bsp/mcu/all/bsp_register_protection.o
                0x00003f74                R_BSP_RegisterProtectDisable
 .text._sbrk    0x00003fc8       0x40 ./ra/fsp/src/bsp/mcu/all/bsp_sbrk.o
                0x00003fc8                _sbrk
 .text.Default_Handler
                0x00004008        0x4 ./ra/fsp/src/bsp/cmsis/Device/RENESAS/Source/startup.o
                0x00004008                DebugMon_Handler
                0x00004008                HardFault_Handler
                0x00004008                SysTick_Handler
                0x00004008                PendSV_Handler
                0x00004008                UsageFault_Handler
                0x00004008                SecureFault_Handler
                0x00004008                Default_Handler
                0x00004008                MemManage_Handler
                0x00004008                SVC_Handler
                0x00004008                BusFault_Handler
 .text.Reset_Handler
                0x0000400c        0xc ./ra/fsp/src/bsp/cmsis/Device/RENESAS/Source/startup.o
                0x0000400c                Reset_Handler
 .text.SystemInit
                0x00004018       0xe0 ./ra/fsp/src/bsp/cmsis/Device/RENESAS/Source/system.o
                0x00004018                SystemInit
 .text          0x000040f8      0x378 C:/Renesas/RA/e2studio_v2025-04_fsp_v5.9.0/toolchains/gcc_arm/13.2.rel1/bin/../lib/gcc/arm-none-eabi/13.2.1/thumb/v8-m.main+fp/hard\libgcc.a(_arm_addsubdf3.o)
                0x000040f8                __aeabi_drsub
                0x00004100                __aeabi_dsub
                0x00004100                __subdf3
                0x00004104                __aeabi_dadd
                0x00004104                __adddf3
                0x0000437c                __floatunsidf
                0x0000437c                __aeabi_ui2d
                0x0000439c                __floatsidf
                0x0000439c                __aeabi_i2d
                0x000043c0                __aeabi_f2d
                0x000043c0                __extendsfdf2
                0x00004404                __floatundidf
                0x00004404                __aeabi_ul2d
                0x00004414                __floatdidf
                0x00004414                __aeabi_l2d
 .text          0x00004470      0x424 C:/Renesas/RA/e2studio_v2025-04_fsp_v5.9.0/toolchains/gcc_arm/13.2.rel1/bin/../lib/gcc/arm-none-eabi/13.2.1/thumb/v8-m.main+fp/hard\libgcc.a(_arm_muldivdf3.o)
                0x00004470                __aeabi_dmul
                0x00004470                __muldf3
                0x000046c4                __divdf3
                0x000046c4                __aeabi_ddiv
 .text          0x00004894      0x110 C:/Renesas/RA/e2studio_v2025-04_fsp_v5.9.0/toolchains/gcc_arm/13.2.rel1/bin/../lib/gcc/arm-none-eabi/13.2.1/thumb/v8-m.main+fp/hard\libgcc.a(_arm_cmpdf2.o)
                0x00004894                __gtdf2
                0x00004894                __gedf2
                0x0000489c                __ltdf2
                0x0000489c                __ledf2
                0x000048a4                __nedf2
                0x000048a4                __eqdf2
                0x000048a4                __cmpdf2
                0x00004920                __aeabi_cdrcmple
                0x00004930                __aeabi_cdcmpeq
                0x00004930                __aeabi_cdcmple
                0x00004940                __aeabi_dcmpeq
                0x00004954                __aeabi_dcmplt
                0x00004968                __aeabi_dcmple
                0x0000497c                __aeabi_dcmpge
                0x00004990                __aeabi_dcmpgt
 .text          0x000049a4       0x40 C:/Renesas/RA/e2studio_v2025-04_fsp_v5.9.0/toolchains/gcc_arm/13.2.rel1/bin/../lib/gcc/arm-none-eabi/13.2.1/thumb/v8-m.main+fp/hard\libgcc.a(_arm_fixunsdfsi.o)
                0x000049a4                __aeabi_d2uiz
                0x000049a4                __fixunsdfsi
 .text.__cvt    0x000049e4       0xca C:/Renesas/RA/e2studio_v2025-04_fsp_v5.9.0/toolchains/gcc_arm/13.2.rel1/bin/../lib/gcc/arm-none-eabi/13.2.1/thumb/v8-m.main+fp/hard\libg_nano.a(libc_a-nano-vfprintf_float.o)
                0x000049e4                __cvt
 .text.__exponent
                0x00004aae       0x72 C:/Renesas/RA/e2studio_v2025-04_fsp_v5.9.0/toolchains/gcc_arm/13.2.rel1/bin/../lib/gcc/arm-none-eabi/13.2.1/thumb/v8-m.main+fp/hard\libg_nano.a(libc_a-nano-vfprintf_float.o)
                0x00004aae                __exponent
 .text._printf_float
                0x00004b20      0x454 C:/Renesas/RA/e2studio_v2025-04_fsp_v5.9.0/toolchains/gcc_arm/13.2.rel1/bin/../lib/gcc/arm-none-eabi/13.2.1/thumb/v8-m.main+fp/hard\libg_nano.a(libc_a-nano-vfprintf_float.o)
                0x00004b20                _printf_float
 .text._printf_common
                0x00004f74       0xe4 C:/Renesas/RA/e2studio_v2025-04_fsp_v5.9.0/toolchains/gcc_arm/13.2.rel1/bin/../lib/gcc/arm-none-eabi/13.2.1/thumb/v8-m.main+fp/hard\libg_nano.a(libc_a-nano-vfprintf_i.o)
                0x00004f74                _printf_common
 .text._printf_i
                0x00005058      0x23c C:/Renesas/RA/e2studio_v2025-04_fsp_v5.9.0/toolchains/gcc_arm/13.2.rel1/bin/../lib/gcc/arm-none-eabi/13.2.1/thumb/v8-m.main+fp/hard\libg_nano.a(libc_a-nano-vfprintf_i.o)
                0x00005058                _printf_i
 .text.std      0x00005294       0x6c C:/Renesas/RA/e2studio_v2025-04_fsp_v5.9.0/toolchains/gcc_arm/13.2.rel1/bin/../lib/gcc/arm-none-eabi/13.2.1/thumb/v8-m.main+fp/hard\libg_nano.a(libc_a-findfp.o)
 .text.stdio_exit_handler
                0x00005300       0x18 C:/Renesas/RA/e2studio_v2025-04_fsp_v5.9.0/toolchains/gcc_arm/13.2.rel1/bin/../lib/gcc/arm-none-eabi/13.2.1/thumb/v8-m.main+fp/hard\libg_nano.a(libc_a-findfp.o)
 .text.cleanup_stdio
                0x00005318       0x40 C:/Renesas/RA/e2studio_v2025-04_fsp_v5.9.0/toolchains/gcc_arm/13.2.rel1/bin/../lib/gcc/arm-none-eabi/13.2.1/thumb/v8-m.main+fp/hard\libg_nano.a(libc_a-findfp.o)
 .text.global_stdio_init.part.0
                0x00005358       0x3c C:/Renesas/RA/e2studio_v2025-04_fsp_v5.9.0/toolchains/gcc_arm/13.2.rel1/bin/../lib/gcc/arm-none-eabi/13.2.1/thumb/v8-m.main+fp/hard\libg_nano.a(libc_a-findfp.o)
 .text.__sfp_lock_acquire
                0x00005394        0xc C:/Renesas/RA/e2studio_v2025-04_fsp_v5.9.0/toolchains/gcc_arm/13.2.rel1/bin/../lib/gcc/arm-none-eabi/13.2.1/thumb/v8-m.main+fp/hard\libg_nano.a(libc_a-findfp.o)
                0x00005394                __sfp_lock_acquire
 .text.__sfp_lock_release
                0x000053a0        0xc C:/Renesas/RA/e2studio_v2025-04_fsp_v5.9.0/toolchains/gcc_arm/13.2.rel1/bin/../lib/gcc/arm-none-eabi/13.2.1/thumb/v8-m.main+fp/hard\libg_nano.a(libc_a-findfp.o)
                0x000053a0                __sfp_lock_release
 .text.__sinit  0x000053ac       0x30 C:/Renesas/RA/e2studio_v2025-04_fsp_v5.9.0/toolchains/gcc_arm/13.2.rel1/bin/../lib/gcc/arm-none-eabi/13.2.1/thumb/v8-m.main+fp/hard\libg_nano.a(libc_a-findfp.o)
                0x000053ac                __sinit
 .text._fwalk_sglue
                0x000053dc       0x3c C:/Renesas/RA/e2studio_v2025-04_fsp_v5.9.0/toolchains/gcc_arm/13.2.rel1/bin/../lib/gcc/arm-none-eabi/13.2.1/thumb/v8-m.main+fp/hard\libg_nano.a(libc_a-fwalk.o)
                0x000053dc                _fwalk_sglue
 .text.printf   0x00005418       0x24 C:/Renesas/RA/e2studio_v2025-04_fsp_v5.9.0/toolchains/gcc_arm/13.2.rel1/bin/../lib/gcc/arm-none-eabi/13.2.1/thumb/v8-m.main+fp/hard\libg_nano.a(libc_a-printf.o)
                0x00005418                iprintf
                0x00005418                printf
 .text._puts_r  0x0000543c       0xaa C:/Renesas/RA/e2studio_v2025-04_fsp_v5.9.0/toolchains/gcc_arm/13.2.rel1/bin/../lib/gcc/arm-none-eabi/13.2.1/thumb/v8-m.main+fp/hard\libg_nano.a(libc_a-puts.o)
                0x0000543c                _puts_r
 *fill*         0x000054e6        0x2 ff
 .text.puts     0x000054e8       0x10 C:/Renesas/RA/e2studio_v2025-04_fsp_v5.9.0/toolchains/gcc_arm/13.2.rel1/bin/../lib/gcc/arm-none-eabi/13.2.1/thumb/v8-m.main+fp/hard\libg_nano.a(libc_a-puts.o)
                0x000054e8                puts
 .text.__sread  0x000054f8       0x22 C:/Renesas/RA/e2studio_v2025-04_fsp_v5.9.0/toolchains/gcc_arm/13.2.rel1/bin/../lib/gcc/arm-none-eabi/13.2.1/thumb/v8-m.main+fp/hard\libg_nano.a(libc_a-stdio.o)
                0x000054f8                __sread
 .text.__swrite
                0x0000551a       0x38 C:/Renesas/RA/e2studio_v2025-04_fsp_v5.9.0/toolchains/gcc_arm/13.2.rel1/bin/../lib/gcc/arm-none-eabi/13.2.1/thumb/v8-m.main+fp/hard\libg_nano.a(libc_a-stdio.o)
                0x0000551a                __swrite
 .text.__sseek  0x00005552       0x24 C:/Renesas/RA/e2studio_v2025-04_fsp_v5.9.0/toolchains/gcc_arm/13.2.rel1/bin/../lib/gcc/arm-none-eabi/13.2.1/thumb/v8-m.main+fp/hard\libg_nano.a(libc_a-stdio.o)
                0x00005552                __sseek
 .text.__sclose
                0x00005576        0x8 C:/Renesas/RA/e2studio_v2025-04_fsp_v5.9.0/toolchains/gcc_arm/13.2.rel1/bin/../lib/gcc/arm-none-eabi/13.2.1/thumb/v8-m.main+fp/hard\libg_nano.a(libc_a-stdio.o)
                0x00005576                __sclose
 .text.__swbuf_r
                0x0000557e       0x7c C:/Renesas/RA/e2studio_v2025-04_fsp_v5.9.0/toolchains/gcc_arm/13.2.rel1/bin/../lib/gcc/arm-none-eabi/13.2.1/thumb/v8-m.main+fp/hard\libg_nano.a(libc_a-wbuf.o)
                0x0000557e                __swbuf_r
 *fill*         0x000055fa        0x2 ff
 .text.__swsetup_r
                0x000055fc       0xac C:/Renesas/RA/e2studio_v2025-04_fsp_v5.9.0/toolchains/gcc_arm/13.2.rel1/bin/../lib/gcc/arm-none-eabi/13.2.1/thumb/v8-m.main+fp/hard\libg_nano.a(libc_a-wsetup.o)
                0x000055fc                __swsetup_r
 .text.memset   0x000056a8       0x10 C:/Renesas/RA/e2studio_v2025-04_fsp_v5.9.0/toolchains/gcc_arm/13.2.rel1/bin/../lib/gcc/arm-none-eabi/13.2.1/thumb/v8-m.main+fp/hard\libg_nano.a(libc_a-memset.o)
                0x000056a8                memset
 .text._localeconv_r
                0x000056b8        0x8 C:/Renesas/RA/e2studio_v2025-04_fsp_v5.9.0/toolchains/gcc_arm/13.2.rel1/bin/../lib/gcc/arm-none-eabi/13.2.1/thumb/v8-m.main+fp/hard\libg_nano.a(libc_a-localeconv.o)
                0x000056b8                _localeconv_r
 .text._close_r
                0x000056c0       0x20 C:/Renesas/RA/e2studio_v2025-04_fsp_v5.9.0/toolchains/gcc_arm/13.2.rel1/bin/../lib/gcc/arm-none-eabi/13.2.1/thumb/v8-m.main+fp/hard\libg_nano.a(libc_a-closer.o)
                0x000056c0                _close_r
 .text._lseek_r
                0x000056e0       0x24 C:/Renesas/RA/e2studio_v2025-04_fsp_v5.9.0/toolchains/gcc_arm/13.2.rel1/bin/../lib/gcc/arm-none-eabi/13.2.1/thumb/v8-m.main+fp/hard\libg_nano.a(libc_a-lseekr.o)
                0x000056e0                _lseek_r
 .text._read_r  0x00005704       0x24 C:/Renesas/RA/e2studio_v2025-04_fsp_v5.9.0/toolchains/gcc_arm/13.2.rel1/bin/../lib/gcc/arm-none-eabi/13.2.1/thumb/v8-m.main+fp/hard\libg_nano.a(libc_a-readr.o)
                0x00005704                _read_r
 .text._write_r
                0x00005728       0x24 C:/Renesas/RA/e2studio_v2025-04_fsp_v5.9.0/toolchains/gcc_arm/13.2.rel1/bin/../lib/gcc/arm-none-eabi/13.2.1/thumb/v8-m.main+fp/hard\libg_nano.a(libc_a-writer.o)
                0x00005728                _write_r
 .text.__errno  0x0000574c        0xc C:/Renesas/RA/e2studio_v2025-04_fsp_v5.9.0/toolchains/gcc_arm/13.2.rel1/bin/../lib/gcc/arm-none-eabi/13.2.1/thumb/v8-m.main+fp/hard\libg_nano.a(libc_a-errno.o)
                0x0000574c                __errno
 .text.__retarget_lock_init_recursive
                0x00005758        0x2 C:/Renesas/RA/e2studio_v2025-04_fsp_v5.9.0/toolchains/gcc_arm/13.2.rel1/bin/../lib/gcc/arm-none-eabi/13.2.1/thumb/v8-m.main+fp/hard\libg_nano.a(libc_a-lock.o)
                0x00005758                __retarget_lock_init_recursive
 .text.__retarget_lock_acquire_recursive
                0x0000575a        0x2 C:/Renesas/RA/e2studio_v2025-04_fsp_v5.9.0/toolchains/gcc_arm/13.2.rel1/bin/../lib/gcc/arm-none-eabi/13.2.1/thumb/v8-m.main+fp/hard\libg_nano.a(libc_a-lock.o)
                0x0000575a                __retarget_lock_acquire_recursive
 .text.__retarget_lock_release_recursive
                0x0000575c        0x2 C:/Renesas/RA/e2studio_v2025-04_fsp_v5.9.0/toolchains/gcc_arm/13.2.rel1/bin/../lib/gcc/arm-none-eabi/13.2.1/thumb/v8-m.main+fp/hard\libg_nano.a(libc_a-lock.o)
                0x0000575c                __retarget_lock_release_recursive
 .text.memchr   0x0000575e       0x1c C:/Renesas/RA/e2studio_v2025-04_fsp_v5.9.0/toolchains/gcc_arm/13.2.rel1/bin/../lib/gcc/arm-none-eabi/13.2.1/thumb/v8-m.main+fp/hard\libg_nano.a(libc_a-memchr-stub.o)
                0x0000575e                memchr
 .text.memcpy   0x0000577a       0x1a C:/Renesas/RA/e2studio_v2025-04_fsp_v5.9.0/toolchains/gcc_arm/13.2.rel1/bin/../lib/gcc/arm-none-eabi/13.2.1/thumb/v8-m.main+fp/hard\libg_nano.a(libc_a-memcpy-stub.o)
                0x0000577a                memcpy
 .text          0x00005794       0x10 C:/Renesas/RA/e2studio_v2025-04_fsp_v5.9.0/toolchains/gcc_arm/13.2.rel1/bin/../lib/gcc/arm-none-eabi/13.2.1/thumb/v8-m.main+fp/hard\libg_nano.a(libc_a-strlen.o)
                0x00005794                strlen
 .text.quorem   0x000057a4      0x11a C:/Renesas/RA/e2studio_v2025-04_fsp_v5.9.0/toolchains/gcc_arm/13.2.rel1/bin/../lib/gcc/arm-none-eabi/13.2.1/thumb/v8-m.main+fp/hard\libg_nano.a(libc_a-dtoa.o)
 *fill*         0x000058be        0x2 ff
 .text._dtoa_r  0x000058c0      0xb7c C:/Renesas/RA/e2studio_v2025-04_fsp_v5.9.0/toolchains/gcc_arm/13.2.rel1/bin/../lib/gcc/arm-none-eabi/13.2.1/thumb/v8-m.main+fp/hard\libg_nano.a(libc_a-dtoa.o)
                0x000058c0                _dtoa_r
 .text._free_r  0x0000643c       0x94 C:/Renesas/RA/e2studio_v2025-04_fsp_v5.9.0/toolchains/gcc_arm/13.2.rel1/bin/../lib/gcc/arm-none-eabi/13.2.1/thumb/v8-m.main+fp/hard\libg_nano.a(libc_a-freer.o)
                0x0000643c                _free_r
 .text.malloc   0x000064d0       0x10 C:/Renesas/RA/e2studio_v2025-04_fsp_v5.9.0/toolchains/gcc_arm/13.2.rel1/bin/../lib/gcc/arm-none-eabi/13.2.1/thumb/v8-m.main+fp/hard\libg_nano.a(libc_a-malloc.o)
                0x000064d0                malloc
 .text.sbrk_aligned
                0x000064e0       0x44 C:/Renesas/RA/e2studio_v2025-04_fsp_v5.9.0/toolchains/gcc_arm/13.2.rel1/bin/../lib/gcc/arm-none-eabi/13.2.1/thumb/v8-m.main+fp/hard\libg_nano.a(libc_a-mallocr.o)
 .text._malloc_r
                0x00006524      0x100 C:/Renesas/RA/e2studio_v2025-04_fsp_v5.9.0/toolchains/gcc_arm/13.2.rel1/bin/../lib/gcc/arm-none-eabi/13.2.1/thumb/v8-m.main+fp/hard\libg_nano.a(libc_a-mallocr.o)
                0x00006524                _malloc_r
 .text.__malloc_lock
                0x00006624        0xc C:/Renesas/RA/e2studio_v2025-04_fsp_v5.9.0/toolchains/gcc_arm/13.2.rel1/bin/../lib/gcc/arm-none-eabi/13.2.1/thumb/v8-m.main+fp/hard\libg_nano.a(libc_a-mlock.o)
                0x00006624                __malloc_lock
 .text.__malloc_unlock
                0x00006630        0xc C:/Renesas/RA/e2studio_v2025-04_fsp_v5.9.0/toolchains/gcc_arm/13.2.rel1/bin/../lib/gcc/arm-none-eabi/13.2.1/thumb/v8-m.main+fp/hard\libg_nano.a(libc_a-mlock.o)
                0x00006630                __malloc_unlock
 .text._Balloc  0x0000663c       0x80 C:/Renesas/RA/e2studio_v2025-04_fsp_v5.9.0/toolchains/gcc_arm/13.2.rel1/bin/../lib/gcc/arm-none-eabi/13.2.1/thumb/v8-m.main+fp/hard\libg_nano.a(libc_a-mprec.o)
                0x0000663c                _Balloc
 .text._Bfree   0x000066bc       0x44 C:/Renesas/RA/e2studio_v2025-04_fsp_v5.9.0/toolchains/gcc_arm/13.2.rel1/bin/../lib/gcc/arm-none-eabi/13.2.1/thumb/v8-m.main+fp/hard\libg_nano.a(libc_a-mprec.o)
                0x000066bc                _Bfree
 .text.__multadd
                0x00006700       0x90 C:/Renesas/RA/e2studio_v2025-04_fsp_v5.9.0/toolchains/gcc_arm/13.2.rel1/bin/../lib/gcc/arm-none-eabi/13.2.1/thumb/v8-m.main+fp/hard\libg_nano.a(libc_a-mprec.o)
                0x00006700                __multadd
 .text.__hi0bits
                0x00006790       0x3e C:/Renesas/RA/e2studio_v2025-04_fsp_v5.9.0/toolchains/gcc_arm/13.2.rel1/bin/../lib/gcc/arm-none-eabi/13.2.1/thumb/v8-m.main+fp/hard\libg_nano.a(libc_a-mprec.o)
                0x00006790                __hi0bits
 .text.__lo0bits
                0x000067ce       0x5a C:/Renesas/RA/e2studio_v2025-04_fsp_v5.9.0/toolchains/gcc_arm/13.2.rel1/bin/../lib/gcc/arm-none-eabi/13.2.1/thumb/v8-m.main+fp/hard\libg_nano.a(libc_a-mprec.o)
                0x000067ce                __lo0bits
 .text.__i2b    0x00006828       0x2c C:/Renesas/RA/e2studio_v2025-04_fsp_v5.9.0/toolchains/gcc_arm/13.2.rel1/bin/../lib/gcc/arm-none-eabi/13.2.1/thumb/v8-m.main+fp/hard\libg_nano.a(libc_a-mprec.o)
                0x00006828                __i2b
 .text.__multiply
                0x00006854      0x148 C:/Renesas/RA/e2studio_v2025-04_fsp_v5.9.0/toolchains/gcc_arm/13.2.rel1/bin/../lib/gcc/arm-none-eabi/13.2.1/thumb/v8-m.main+fp/hard\libg_nano.a(libc_a-mprec.o)
                0x00006854                __multiply
 .text.__pow5mult
                0x0000699c       0xb4 C:/Renesas/RA/e2studio_v2025-04_fsp_v5.9.0/toolchains/gcc_arm/13.2.rel1/bin/../lib/gcc/arm-none-eabi/13.2.1/thumb/v8-m.main+fp/hard\libg_nano.a(libc_a-mprec.o)
                0x0000699c                __pow5mult
 .text.__lshift
                0x00006a50       0xd8 C:/Renesas/RA/e2studio_v2025-04_fsp_v5.9.0/toolchains/gcc_arm/13.2.rel1/bin/../lib/gcc/arm-none-eabi/13.2.1/thumb/v8-m.main+fp/hard\libg_nano.a(libc_a-mprec.o)
                0x00006a50                __lshift
 .text.__mcmp   0x00006b28       0x36 C:/Renesas/RA/e2studio_v2025-04_fsp_v5.9.0/toolchains/gcc_arm/13.2.rel1/bin/../lib/gcc/arm-none-eabi/13.2.1/thumb/v8-m.main+fp/hard\libg_nano.a(libc_a-mprec.o)
                0x00006b28                __mcmp
 *fill*         0x00006b5e        0x2 ff
 .text.__mdiff  0x00006b60      0x130 C:/Renesas/RA/e2studio_v2025-04_fsp_v5.9.0/toolchains/gcc_arm/13.2.rel1/bin/../lib/gcc/arm-none-eabi/13.2.1/thumb/v8-m.main+fp/hard\libg_nano.a(libc_a-mprec.o)
                0x00006b60                __mdiff
 .text.__d2b    0x00006c90       0xb0 C:/Renesas/RA/e2studio_v2025-04_fsp_v5.9.0/toolchains/gcc_arm/13.2.rel1/bin/../lib/gcc/arm-none-eabi/13.2.1/thumb/v8-m.main+fp/hard\libg_nano.a(libc_a-mprec.o)
                0x00006c90                __d2b
 .text.__sfputc_r
                0x00006d40       0x2e C:/Renesas/RA/e2studio_v2025-04_fsp_v5.9.0/toolchains/gcc_arm/13.2.rel1/bin/../lib/gcc/arm-none-eabi/13.2.1/thumb/v8-m.main+fp/hard\libg_nano.a(libc_a-nano-vfprintf.o)
 .text.__sfputs_r
                0x00006d6e       0x24 C:/Renesas/RA/e2studio_v2025-04_fsp_v5.9.0/toolchains/gcc_arm/13.2.rel1/bin/../lib/gcc/arm-none-eabi/13.2.1/thumb/v8-m.main+fp/hard\libg_nano.a(libc_a-nano-vfprintf.o)
                0x00006d6e                __sfputs_r
 *fill*         0x00006d92        0x2 ff
 .text._vfprintf_r
                0x00006d94      0x230 C:/Renesas/RA/e2studio_v2025-04_fsp_v5.9.0/toolchains/gcc_arm/13.2.rel1/bin/../lib/gcc/arm-none-eabi/13.2.1/thumb/v8-m.main+fp/hard\libg_nano.a(libc_a-nano-vfprintf.o)
                0x00006d94                _vfprintf_r
                0x00006d94                _vfiprintf_r
 .text.__sflush_r
                0x00006fc4      0x108 C:/Renesas/RA/e2studio_v2025-04_fsp_v5.9.0/toolchains/gcc_arm/13.2.rel1/bin/../lib/gcc/arm-none-eabi/13.2.1/thumb/v8-m.main+fp/hard\libg_nano.a(libc_a-fflush.o)
                0x00006fc4                __sflush_r
 .text._fflush_r
                0x000070cc       0x50 C:/Renesas/RA/e2studio_v2025-04_fsp_v5.9.0/toolchains/gcc_arm/13.2.rel1/bin/../lib/gcc/arm-none-eabi/13.2.1/thumb/v8-m.main+fp/hard\libg_nano.a(libc_a-fflush.o)
                0x000070cc                _fflush_r
 .text.__swhatbuf_r
                0x0000711c       0x4a C:/Renesas/RA/e2studio_v2025-04_fsp_v5.9.0/toolchains/gcc_arm/13.2.rel1/bin/../lib/gcc/arm-none-eabi/13.2.1/thumb/v8-m.main+fp/hard\libg_nano.a(libc_a-makebuf.o)
                0x0000711c                __swhatbuf_r
 .text.__smakebuf_r
                0x00007166       0x78 C:/Renesas/RA/e2studio_v2025-04_fsp_v5.9.0/toolchains/gcc_arm/13.2.rel1/bin/../lib/gcc/arm-none-eabi/13.2.1/thumb/v8-m.main+fp/hard\libg_nano.a(libc_a-makebuf.o)
                0x00007166                __smakebuf_r
 *fill*         0x000071de        0x2 ff
 .text._fstat_r
                0x000071e0       0x24 C:/Renesas/RA/e2studio_v2025-04_fsp_v5.9.0/toolchains/gcc_arm/13.2.rel1/bin/../lib/gcc/arm-none-eabi/13.2.1/thumb/v8-m.main+fp/hard\libg_nano.a(libc_a-fstatr.o)
                0x000071e0                _fstat_r
 .text._isatty_r
                0x00007204       0x20 C:/Renesas/RA/e2studio_v2025-04_fsp_v5.9.0/toolchains/gcc_arm/13.2.rel1/bin/../lib/gcc/arm-none-eabi/13.2.1/thumb/v8-m.main+fp/hard\libg_nano.a(libc_a-isattyr.o)
                0x00007204                _isatty_r
 .text._sbrk_r  0x00007224       0x20 C:/Renesas/RA/e2studio_v2025-04_fsp_v5.9.0/toolchains/gcc_arm/13.2.rel1/bin/../lib/gcc/arm-none-eabi/13.2.1/thumb/v8-m.main+fp/hard\libg_nano.a(libc_a-sbrkr.o)
                0x00007224                _sbrk_r
 .text._calloc_r
                0x00007244       0x28 C:/Renesas/RA/e2studio_v2025-04_fsp_v5.9.0/toolchains/gcc_arm/13.2.rel1/bin/../lib/gcc/arm-none-eabi/13.2.1/thumb/v8-m.main+fp/hard\libg_nano.a(libc_a-callocr.o)
                0x00007244                _calloc_r
 .text.__ascii_mbtowc
                0x0000726c       0x24 C:/Renesas/RA/e2studio_v2025-04_fsp_v5.9.0/toolchains/gcc_arm/13.2.rel1/bin/../lib/gcc/arm-none-eabi/13.2.1/thumb/v8-m.main+fp/hard\libg_nano.a(libc_a-mbtowc_r.o)
                0x0000726c                __ascii_mbtowc
 .text.__ascii_wctomb
                0x00007290       0x1a C:/Renesas/RA/e2studio_v2025-04_fsp_v5.9.0/toolchains/gcc_arm/13.2.rel1/bin/../lib/gcc/arm-none-eabi/13.2.1/thumb/v8-m.main+fp/hard\libg_nano.a(libc_a-wctomb_r.o)
                0x00007290                __ascii_wctomb
 *fill*         0x000072aa        0x2 ff
 .text          0x000072ac       0x2c C:/Renesas/RA/e2studio_v2025-04_fsp_v5.9.0/toolchains/gcc_arm/13.2.rel1/bin/../lib/gcc/arm-none-eabi/13.2.1/thumb/v8-m.main+fp/hard\libgcc.a(_arm_unorddf2.o)
                0x000072ac                __unorddf2
                0x000072ac                __aeabi_dcmpun
 .text          0x000072d8       0x50 C:/Renesas/RA/e2studio_v2025-04_fsp_v5.9.0/toolchains/gcc_arm/13.2.rel1/bin/../lib/gcc/arm-none-eabi/13.2.1/thumb/v8-m.main+fp/hard\libgcc.a(_arm_fixdfsi.o)
                0x000072d8                __aeabi_d2iz
                0x000072d8                __fixdfsi
 .text._close   0x00007328       0x10 C:/Renesas/RA/e2studio_v2025-04_fsp_v5.9.0/toolchains/gcc_arm/13.2.rel1/bin/../lib/gcc/arm-none-eabi/13.2.1/thumb/v8-m.main+fp/hard\libnosys.a(close.o)
                0x00007328                _close
 .text._fstat   0x00007338       0x10 C:/Renesas/RA/e2studio_v2025-04_fsp_v5.9.0/toolchains/gcc_arm/13.2.rel1/bin/../lib/gcc/arm-none-eabi/13.2.1/thumb/v8-m.main+fp/hard\libnosys.a(fstat.o)
                0x00007338                _fstat
 .text._isatty  0x00007348       0x10 C:/Renesas/RA/e2studio_v2025-04_fsp_v5.9.0/toolchains/gcc_arm/13.2.rel1/bin/../lib/gcc/arm-none-eabi/13.2.1/thumb/v8-m.main+fp/hard\libnosys.a(isatty.o)
                0x00007348                _isatty
 .text._lseek   0x00007358       0x10 C:/Renesas/RA/e2studio_v2025-04_fsp_v5.9.0/toolchains/gcc_arm/13.2.rel1/bin/../lib/gcc/arm-none-eabi/13.2.1/thumb/v8-m.main+fp/hard\libnosys.a(lseek.o)
                0x00007358                _lseek
 .text._read    0x00007368       0x10 C:/Renesas/RA/e2studio_v2025-04_fsp_v5.9.0/toolchains/gcc_arm/13.2.rel1/bin/../lib/gcc/arm-none-eabi/13.2.1/thumb/v8-m.main+fp/hard\libnosys.a(read.o)
                0x00007368                _read
 *(.version)
 .version       0x00007378       0x50 ./ra/fsp/src/bsp/mcu/all/bsp_common.o
 *(.init)
 .init          0x000073c8        0x4 C:/Renesas/RA/e2studio_v2025-04_fsp_v5.9.0/toolchains/gcc_arm/13.2.rel1/bin/../lib/gcc/arm-none-eabi/13.2.1/thumb/v8-m.main+fp/hard/crti.o
                0x000073c8                _init
 .init          0x000073cc        0x8 C:/Renesas/RA/e2studio_v2025-04_fsp_v5.9.0/toolchains/gcc_arm/13.2.rel1/bin/../lib/gcc/arm-none-eabi/13.2.1/thumb/v8-m.main+fp/hard/crtn.o
 *(.fini)
 .fini          0x000073d4        0x4 C:/Renesas/RA/e2studio_v2025-04_fsp_v5.9.0/toolchains/gcc_arm/13.2.rel1/bin/../lib/gcc/arm-none-eabi/13.2.1/thumb/v8-m.main+fp/hard/crti.o
                0x000073d4                _fini
 .fini          0x000073d8        0x8 C:/Renesas/RA/e2studio_v2025-04_fsp_v5.9.0/toolchains/gcc_arm/13.2.rel1/bin/../lib/gcc/arm-none-eabi/13.2.1/thumb/v8-m.main+fp/hard/crtn.o
 *crtbegin.o(.ctors)
 *crtbegin?.o(.ctors)
 *(EXCLUDE_FILE(*crtend.o *crtend?.o) .ctors)
 *(SORT_BY_NAME(.ctors.*))
 *(.ctors)
 *crtbegin.o(.dtors)
 *crtbegin?.o(.dtors)
 *(EXCLUDE_FILE(*crtend.o *crtend?.o) .dtors)
 *(SORT_BY_NAME(.dtors.*))
 *(.dtors)
 *(.rodata*)
 .rodata.platform_read.str1.4
                0x000073e0      0x242 ./src/hal_entry.o
                                 0x27 (size before relaxing)
 .rodata.hal_entry.str1.4
                0x00007622      0x208 ./src/hal_entry.o
 *fill*         0x00007622        0x2 ff
 .rodata.__func__.1
                0x00007624       0x13 ./src/hal_entry.o
 *fill*         0x00007637        0x1 ff
 .rodata.__func__.2
                0x00007638       0x17 ./src/hal_entry.o
 *fill*         0x0000764f        0x1 ff
 .rodata.__func__.3
                0x00007650       0x16 ./src/hal_entry.o
 *fill*         0x00007666        0x2 ff
 .rodata.__func__.4
                0x00007668        0xf ./src/hal_entry.o
 *fill*         0x00007677        0x1 ff
 .rodata.__func__.5
                0x00007678        0xe ./src/hal_entry.o
 *fill*         0x00007686        0x2 ff
 .rodata.__func__.6
                0x00007688       0x14 ./src/hal_entry.o
 .rodata.g_tuya_rpt_net
                0x0000769c        0x8 ./src/hal_entry.o
                0x0000769c                g_tuya_rpt_net
 .rodata.g_tuya_query_mode
                0x000076a4        0x8 ./src/hal_entry.o
                0x000076a4                g_tuya_query_mode
 .rodata.g_tuya_wifi_cfg
                0x000076ac        0x8 ./src/hal_entry.o
                0x000076ac                g_tuya_wifi_cfg
 .rodata.g_tuya_heartbeat2
                0x000076b4        0x8 ./src/hal_entry.o
                0x000076b4                g_tuya_heartbeat2
 .rodata.g_tuya_heartbeat1
                0x000076bc        0x8 ./src/hal_entry.o
                0x000076bc                g_tuya_heartbeat1
 .rodata.Send_Byte.str1.4
                0x000076c4       0x22 ./src/oled.o
 .rodata.__func__.0
                0x000076c4        0xd ./src/oled.o
 *fill*         0x000076d1        0x3 ff
 .rodata.__func__.1
                0x000076d4        0xd ./src/oled.o
 *fill*         0x000076e1        0x3 ff
 .rodata.Hzk4   0x000076e4      0x200 ./src/oled.o
                0x000076e4                Hzk4
 .rodata.Hzk3   0x000078e4       0x80 ./src/oled.o
                0x000078e4                Hzk3
 .rodata.Hzk2   0x00007964       0x48 ./src/oled.o
                0x00007964                Hzk2
 .rodata.Hzk1   0x000079ac       0xa0 ./src/oled.o
                0x000079ac                Hzk1
 .rodata.asc2_2412
                0x00007a4c      0xd5c ./src/oled.o
                0x00007a4c                asc2_2412
 .rodata.asc2_1608
                0x000087a8      0x5f0 ./src/oled.o
                0x000087a8                asc2_1608
 .rodata.asc2_1206
                0x00008d98      0x474 ./src/oled.o
                0x00008d98                asc2_1206
 .rodata.asc2_0806
                0x0000920c      0x228 ./src/oled.o
                0x0000920c                asc2_0806
 .rodata.g_external_irq6_cfg
                0x00009434       0x14 ./ra_gen/common_data.o
                0x00009434                g_external_irq6_cfg
 .rodata.g_external_irq6_ext_cfg
                0x00009448        0x1 ./ra_gen/common_data.o
                0x00009448                g_external_irq6_ext_cfg
 *fill*         0x00009449        0x3 ff
 .rodata.g_external_irq4_cfg
                0x0000944c       0x14 ./ra_gen/common_data.o
                0x0000944c                g_external_irq4_cfg
 .rodata.g_external_irq4_ext_cfg
                0x00009460        0x1 ./ra_gen/common_data.o
                0x00009460                g_external_irq4_ext_cfg
 *fill*         0x00009461        0x3 ff
 .rodata.g_uart9_cfg
                0x00009464       0x20 ./ra_gen/hal_data.o
                0x00009464                g_uart9_cfg
 .rodata.g_uart9_cfg_extend
                0x00009484       0x14 ./ra_gen/hal_data.o
                0x00009484                g_uart9_cfg_extend
 .rodata.g_i2c2_cfg
                0x00009498       0x28 ./ra_gen/hal_data.o
                0x00009498                g_i2c2_cfg
 .rodata.g_i2c2_cfg_extend
                0x000094c0        0x6 ./ra_gen/hal_data.o
                0x000094c0                g_i2c2_cfg_extend
 *fill*         0x000094c6        0x2 ff
 .rodata.g_uart0_cfg
                0x000094c8       0x20 ./ra_gen/hal_data.o
                0x000094c8                g_uart0_cfg
 .rodata.g_uart0_cfg_extend
                0x000094e8       0x14 ./ra_gen/hal_data.o
                0x000094e8                g_uart0_cfg_extend
 .rodata.g_adc0_channel_cfg
                0x000094fc       0x14 ./ra_gen/hal_data.o
                0x000094fc                g_adc0_channel_cfg
 .rodata.g_adc0_cfg
                0x00009510       0x18 ./ra_gen/hal_data.o
                0x00009510                g_adc0_cfg
 .rodata.g_adc0_cfg_extend
                0x00009528        0xb ./ra_gen/hal_data.o
                0x00009528                g_adc0_cfg_extend
 *fill*         0x00009533        0x1 ff
 .rodata.g_bsp_pin_cfg
                0x00009534        0xc ./ra_gen/pin_data.o
                0x00009534                g_bsp_pin_cfg
 .rodata.g_bsp_pin_cfg_data
                0x00009540       0x90 ./ra_gen/pin_data.o
                0x00009540                g_bsp_pin_cfg_data
 .rodata.g_interrupt_event_link_select
                0x000095d0       0x1a ./ra_gen/vector_data.o
                0x000095d0                g_interrupt_event_link_select
 *fill*         0x000095ea        0x2 ff
 .rodata.g_vbatt_pins_input
                0x000095ec        0x6 ./ra/fsp/src/r_ioport/r_ioport.o
 *fill*         0x000095f2        0x2 ff
 .rodata.g_prcr_masks
                0x000095f4        0x8 ./ra/fsp/src/bsp/mcu/all/bsp_register_protection.o
 .rodata._printf_float.str1.1
                0x000095fc      0x137 C:/Renesas/RA/e2studio_v2025-04_fsp_v5.9.0/toolchains/gcc_arm/13.2.rel1/bin/../lib/gcc/arm-none-eabi/13.2.1/thumb/v8-m.main+fp/hard\libg_nano.a(libc_a-nano-vfprintf_float.o)
                                 0x12 (size before relaxing)
 .rodata._printf_i.str1.1
                0x00009733       0x22 C:/Renesas/RA/e2studio_v2025-04_fsp_v5.9.0/toolchains/gcc_arm/13.2.rel1/bin/../lib/gcc/arm-none-eabi/13.2.1/thumb/v8-m.main+fp/hard\libg_nano.a(libc_a-nano-vfprintf_i.o)
 .rodata._dtoa_r.str1.1
                0x00009733       0x90 C:/Renesas/RA/e2studio_v2025-04_fsp_v5.9.0/toolchains/gcc_arm/13.2.rel1/bin/../lib/gcc/arm-none-eabi/13.2.1/thumb/v8-m.main+fp/hard\libg_nano.a(libc_a-dtoa.o)
 .rodata._Balloc.str1.1
                0x00009733       0x71 C:/Renesas/RA/e2studio_v2025-04_fsp_v5.9.0/toolchains/gcc_arm/13.2.rel1/bin/../lib/gcc/arm-none-eabi/13.2.1/thumb/v8-m.main+fp/hard\libg_nano.a(libc_a-mprec.o)
 .rodata.__multadd.str1.1
                0x00009733       0x11 C:/Renesas/RA/e2studio_v2025-04_fsp_v5.9.0/toolchains/gcc_arm/13.2.rel1/bin/../lib/gcc/arm-none-eabi/13.2.1/thumb/v8-m.main+fp/hard\libg_nano.a(libc_a-mprec.o)
 *fill*         0x00009733        0x1 ff
 .rodata.p05.0  0x00009734        0xc C:/Renesas/RA/e2studio_v2025-04_fsp_v5.9.0/toolchains/gcc_arm/13.2.rel1/bin/../lib/gcc/arm-none-eabi/13.2.1/thumb/v8-m.main+fp/hard\libg_nano.a(libc_a-mprec.o)
 .rodata.__mprec_bigtens
                0x00009740       0x28 C:/Renesas/RA/e2studio_v2025-04_fsp_v5.9.0/toolchains/gcc_arm/13.2.rel1/bin/../lib/gcc/arm-none-eabi/13.2.1/thumb/v8-m.main+fp/hard\libg_nano.a(libc_a-mprec.o)
                0x00009740                __mprec_bigtens
 .rodata.__mprec_tens
                0x00009768       0xc8 C:/Renesas/RA/e2studio_v2025-04_fsp_v5.9.0/toolchains/gcc_arm/13.2.rel1/bin/../lib/gcc/arm-none-eabi/13.2.1/thumb/v8-m.main+fp/hard\libg_nano.a(libc_a-mprec.o)
                0x00009768                __mprec_tens
 .rodata._vfprintf_r.str1.1
                0x00009830       0x11 C:/Renesas/RA/e2studio_v2025-04_fsp_v5.9.0/toolchains/gcc_arm/13.2.rel1/bin/../lib/gcc/arm-none-eabi/13.2.1/thumb/v8-m.main+fp/hard\libg_nano.a(libc_a-nano-vfprintf.o)
 .rodata._setlocale_r.str1.1
                0x00009830        0x9 C:/Renesas/RA/e2studio_v2025-04_fsp_v5.9.0/toolchains/gcc_arm/13.2.rel1/bin/../lib/gcc/arm-none-eabi/13.2.1/thumb/v8-m.main+fp/hard\libg_nano.a(libc_a-locale.o)
 .rodata.str1.1
                0x00009830        0x2 C:/Renesas/RA/e2studio_v2025-04_fsp_v5.9.0/toolchains/gcc_arm/13.2.rel1/bin/../lib/gcc/arm-none-eabi/13.2.1/thumb/v8-m.main+fp/hard\libg_nano.a(libc_a-locale.o)
 .rodata._ctype_
                0x00009830      0x101 C:/Renesas/RA/e2studio_v2025-04_fsp_v5.9.0/toolchains/gcc_arm/13.2.rel1/bin/../lib/gcc/arm-none-eabi/13.2.1/thumb/v8-m.main+fp/hard\libg_nano.a(libc_a-ctype_.o)
                0x00009830                _ctype_
                0x00009931                        __usb_dev_descriptor_start_fs = .
 *(.usb_device_desc_fs*)
                0x00009931                        __usb_cfg_descriptor_start_fs = .
 *(.usb_config_desc_fs*)
                0x00009931                        __usb_interface_descriptor_start_fs = .
 *(.usb_interface_desc_fs*)
                0x00009931                        __usb_descriptor_end_fs = .
                0x00009931                        __usb_dev_descriptor_start_hs = .
 *(.usb_device_desc_hs*)
                0x00009931                        __usb_cfg_descriptor_start_hs = .
 *(.usb_config_desc_hs*)
                0x00009931                        __usb_interface_descriptor_start_hs = .
 *(.usb_interface_desc_hs*)
                0x00009931                        __usb_descriptor_end_hs = .
 *(.eh_frame*)
 *fill*         0x00009931        0x3 ff
 .eh_frame      0x00009934        0x0 C:/Renesas/RA/e2studio_v2025-04_fsp_v5.9.0/toolchains/gcc_arm/13.2.rel1/bin/../lib/gcc/arm-none-eabi/13.2.1/thumb/v8-m.main+fp/hard/crtbegin.o
 .eh_frame      0x00009934       0x28 C:/Renesas/RA/e2studio_v2025-04_fsp_v5.9.0/toolchains/gcc_arm/13.2.rel1/bin/../lib/gcc/arm-none-eabi/13.2.1/thumb/v8-m.main+fp/hard\libg_nano.a(libc_a-strlen.o)
 .eh_frame      0x0000995c        0x4 C:/Renesas/RA/e2studio_v2025-04_fsp_v5.9.0/toolchains/gcc_arm/13.2.rel1/bin/../lib/gcc/arm-none-eabi/13.2.1/thumb/v8-m.main+fp/hard/crtend.o
                0x00009960                        __ROM_End = .
                0x00000074                        __Vectors_Size = (__Vectors_End - __Vectors)

.glue_7         0x00009960        0x0
 .glue_7        0x00009960        0x0 linker stubs

.glue_7t        0x00009960        0x0
 .glue_7t       0x00009960        0x0 linker stubs

.vfp11_veneer   0x00009960        0x0
 .vfp11_veneer  0x00009960        0x0 linker stubs

.v4_bx          0x00009960        0x0
 .v4_bx         0x00009960        0x0 linker stubs

.iplt           0x00009960        0x0
 .iplt          0x00009960        0x0 C:/Renesas/RA/e2studio_v2025-04_fsp_v5.9.0/toolchains/gcc_arm/13.2.rel1/bin/../lib/gcc/arm-none-eabi/13.2.1/thumb/v8-m.main+fp/hard/crtbegin.o
                0x00009960                        . = .
                0x00009960                        __itcm_data_pre_location = .

.itcm_data      0x00000000        0x0 load address 0x00009960
                0x00000000                        __tz_ITCM_S = ABSOLUTE (ITCM_START)
                0x00000000                        __itcm_data_start = .
 *(.itcm_data*)
                0x00000000                        . = ALIGN (0x8)
                0x00000000                        __itcm_data_end = .
                0x00000000                        __tz_ITCM_N = DEFINED (ITCM_NS_START)?ABSOLUTE (ITCM_NS_START):ALIGN (__itcm_data_end, 0x2000)
                0x00009960                        __itcm_data_init_start = LOADADDR (.itcm_data)
                0x00009960                        __itcm_data_init_end = (LOADADDR (.itcm_data) + SIZEOF (.itcm_data))
                0x00000001                        ASSERT (((ORIGIN (ITCM) % 0x8) == 0x0), ITCM memory region origin must be aligned to 8 bytes.)
                0x00000001                        ASSERT (((LENGTH (ITCM) % 0x8) == 0x0), ITCM memory region length must be a multiple of 8 bytes.)
                0x00000001                        ASSERT (((LOADADDR (.itcm_data) % 0x10) == 0x0), .itcm_data section must be aligned to 16 bytes.)
                0x00000001                        ASSERT (((SIZEOF (.itcm_data) % 0x8) == 0x0), .itcm_data section size must be a multiple of 8 bytes.)
                0x00009960                        . = (SIZEOF (.itcm_data) > 0x0)?__itcm_data_init_end:__itcm_data_pre_location
                0x00009960                        __exidx_start = .

/DISCARD/
 *(.ARM.extab* .gnu.linkonce.armextab.*)
 *(.ARM.exidx* .gnu.linkonce.armexidx.*)
                0x00009960                        __exidx_end = .
                0x00009960                        __etext = .
                0x20000000                        __tz_RAM_S = ORIGIN (RAM)

.fsp_dtc_vector_table
                0x20000000        0x0
                0x20000000                        . = ORIGIN (RAM)
 *(.fsp_dtc_vector_table)

.data           0x20000000      0x3a0 load address 0x00009960
                0x20000000                        __data_start__ = .
                0x20000000                        . = ALIGN (0x4)
                0x20000000                        __Code_In_RAM_Start = .
 *(.code_in_ram*)
                0x20000000                        __Code_In_RAM_End = .
 *(vtable)
 *(.data.*)
 .data.timeout_ms
                0x20000000        0x4 ./src/hal_entry.o
                0x20000000                timeout_ms
 .data.i2c_event
                0x20000004        0x1 ./src/hal_entry.o
                0x20000004                i2c_event
 *fill*         0x20000005        0x3 
 .data.g_tuya_dp_temp
                0x20000008        0xf ./src/hal_entry.o
                0x20000008                g_tuya_dp_temp
 *fill*         0x20000017        0x1 
 .data.g_tuya_dp_tap
                0x20000018        0xc ./src/hal_entry.o
                0x20000018                g_tuya_dp_tap
 .data.g_tuya_dp_bat
                0x20000024        0xf ./src/hal_entry.o
                0x20000024                g_tuya_dp_bat
 *fill*         0x20000033        0x1 
 .data.g_tuya_product_info
                0x20000034       0x31 ./src/hal_entry.o
                0x20000034                g_tuya_product_info
 .data.g_oled_clear
                0x20000065        0x1 ./src/hal_entry.o
 *fill*         0x20000066        0x2 
 .data.BMP3     0x20000068      0x15f ./src/hal_entry.o
                0x20000068                BMP3
 *fill*         0x200001c7        0x1 
 .data.g_uart9_baud_setting
                0x200001c8        0x4 ./ra_gen/hal_data.o
                0x200001c8                g_uart9_baud_setting
 .data.g_uart0_baud_setting
                0x200001cc        0x4 ./ra_gen/hal_data.o
                0x200001cc                g_uart0_baud_setting
 .data.__sglue  0x200001d0        0xc C:/Renesas/RA/e2studio_v2025-04_fsp_v5.9.0/toolchains/gcc_arm/13.2.rel1/bin/../lib/gcc/arm-none-eabi/13.2.1/thumb/v8-m.main+fp/hard\libg_nano.a(libc_a-findfp.o)
                0x200001d0                __sglue
 .data._impure_ptr
                0x200001dc        0x4 C:/Renesas/RA/e2studio_v2025-04_fsp_v5.9.0/toolchains/gcc_arm/13.2.rel1/bin/../lib/gcc/arm-none-eabi/13.2.1/thumb/v8-m.main+fp/hard\libg_nano.a(libc_a-impure.o)
                0x200001dc                _impure_ptr
 .data._impure_data
                0x200001e0       0x4c C:/Renesas/RA/e2studio_v2025-04_fsp_v5.9.0/toolchains/gcc_arm/13.2.rel1/bin/../lib/gcc/arm-none-eabi/13.2.1/thumb/v8-m.main+fp/hard\libg_nano.a(libc_a-impure.o)
                0x200001e0                _impure_data
 .data.__global_locale
                0x2000022c      0x16c C:/Renesas/RA/e2studio_v2025-04_fsp_v5.9.0/toolchains/gcc_arm/13.2.rel1/bin/../lib/gcc/arm-none-eabi/13.2.1/thumb/v8-m.main+fp/hard\libg_nano.a(libc_a-locale.o)
                0x2000022c                __global_locale
 *(.data)
                0x20000398                        . = ALIGN (0x4)
                0x20000398                        PROVIDE (__preinit_array_start = .)
 *(.preinit_array)
                0x20000398                        PROVIDE (__preinit_array_end = .)
                0x20000398                        . = ALIGN (0x4)
                0x20000398                        PROVIDE (__init_array_start = .)
 *(SORT_BY_NAME(.init_array.*))
 *(.init_array)
 .init_array    0x20000398        0x4 C:/Renesas/RA/e2studio_v2025-04_fsp_v5.9.0/toolchains/gcc_arm/13.2.rel1/bin/../lib/gcc/arm-none-eabi/13.2.1/thumb/v8-m.main+fp/hard/crtbegin.o
                0x2000039c                        PROVIDE (__init_array_end = .)
                0x2000039c                        . = ALIGN (0x4)
                [!provide]                        PROVIDE (__fini_array_start = .)
 *(SORT_BY_NAME(.fini_array.*))
 *(.fini_array)
 .fini_array    0x2000039c        0x4 C:/Renesas/RA/e2studio_v2025-04_fsp_v5.9.0/toolchains/gcc_arm/13.2.rel1/bin/../lib/gcc/arm-none-eabi/13.2.1/thumb/v8-m.main+fp/hard/crtbegin.o
                [!provide]                        PROVIDE (__fini_array_end = .)
 *(.jcr*)
                0x200003a0                        . = ALIGN (0x4)
                0x200003a0                        __data_end__ = .

.tm_clone_table
                0x200003a0        0x0 load address 0x00009d00
 .tm_clone_table
                0x200003a0        0x0 C:/Renesas/RA/e2studio_v2025-04_fsp_v5.9.0/toolchains/gcc_arm/13.2.rel1/bin/../lib/gcc/arm-none-eabi/13.2.1/thumb/v8-m.main+fp/hard/crtbegin.o
 .tm_clone_table
                0x200003a0        0x0 C:/Renesas/RA/e2studio_v2025-04_fsp_v5.9.0/toolchains/gcc_arm/13.2.rel1/bin/../lib/gcc/arm-none-eabi/13.2.1/thumb/v8-m.main+fp/hard/crtend.o

.igot.plt       0x200003a0        0x0 load address 0x00009d00
 .igot.plt      0x200003a0        0x0 C:/Renesas/RA/e2studio_v2025-04_fsp_v5.9.0/toolchains/gcc_arm/13.2.rel1/bin/../lib/gcc/arm-none-eabi/13.2.1/thumb/v8-m.main+fp/hard/crtbegin.o
                0x200003a0                        . = .
                0x00009d00                        __dtcm_data_pre_location = (LOADADDR (.data) + SIZEOF (.data))

.dtcm_data      0x00000000        0x0 load address 0x00009d00
                0x00000000                        __tz_DTCM_S = ABSOLUTE (DTCM_START)
                0x00000000                        __dtcm_data_start = .
 *(.dtcm_data*)
                0x00000000                        . = ALIGN (0x8)
                0x00000000                        __dtcm_data_end = .
                0x00000000                        . = __dtcm_data_end

.dtcm_bss       0x00000000        0x0
                0x00000000                        __dtcm_bss_start = .
 *(.dtcm_bss*)
                0x00000000                        . = ALIGN (0x8)
                0x00000000                        __dtcm_bss_end = .
                0x00000000                        __tz_DTCM_N = DEFINED (DTCM_NS_START)?ABSOLUTE (DTCM_NS_START):ALIGN (__dtcm_bss_end, 0x2000)
                0x00009d00                        __dtcm_data_init_start = LOADADDR (.dtcm_data)
                0x00009d00                        __dtcm_data_init_end = (LOADADDR (.dtcm_data) + SIZEOF (.dtcm_data))
                0x00000001                        ASSERT (((ORIGIN (DTCM) % 0x8) == 0x0), DTCM memory region origin must be aligned to 8 bytes.)
                0x00000001                        ASSERT (((LENGTH (DTCM) % 0x8) == 0x0), DTCM memory region length must be a multiple of 8 bytes.)
                0x00000001                        ASSERT ((LOADADDR (.dtcm_bss) == ADDR (.dtcm_bss)), .dtcm_bss has (VMA != LMA) but should be NOLOAD (VMA == LMA).)
                0x00000001                        ASSERT (((LOADADDR (.dtcm_data) % 0x10) == 0x0), .dtcm_data section must be aligned to 16 bytes.)
                0x00000001                        ASSERT (((SIZEOF (.dtcm_data) % 0x8) == 0x0), .dtcm_data section size must be a multiple of 8 bytes.)
                0x00000001                        ASSERT (((LOADADDR (.dtcm_bss) % 0x8) == 0x0), .dtcm_bss section must be aligned to 8 bytes.)
                0x00000001                        ASSERT (((SIZEOF (.dtcm_bss) % 0x8) == 0x0), .dtcm_bss section size must be a multiple of 8 bytes.)
                0x00000001                        ASSERT ((__dtcm_bss_start == __dtcm_data_end), .dtcm_bss section is not adjacent to .dtcm_data section.)
                0x00009d00                        . = (SIZEOF (.dtcm_data) > 0x0)?__dtcm_data_init_end:__dtcm_data_pre_location
                0x00009d00                        sgstubs_pre_location = .
                0x0000a000                        SGSTUBS_LOC = (DEFINED (PROJECT_SECURE) && DEFINED (FLASH_NSC_START))?ABSOLUTE (FLASH_NSC_START):ALIGN (0x400)

.gnu.sgstubs    0x0000a000        0x0
                0x0000a000                        __tz_FLASH_C = DEFINED (FLASH_NSC_START)?ABSOLUTE (FLASH_NSC_START):__RESERVE_NS_RAM?ABSOLUTE ((FLASH_START + FLASH_LENGTH)):ALIGN (0x400)
                0x0000a000                        _start_sg = .
 *(.gnu.sgstubs*)
                0x0000a000                        . = ALIGN (0x20)
                0x0000a000                        _end_sg = .
                0x00010000                        __tz_FLASH_N = DEFINED (FLASH_NS_START)?ABSOLUTE (FLASH_NS_START):__RESERVE_NS_RAM?ABSOLUTE ((FLASH_START + FLASH_LENGTH)):(FLASH_LENGTH < 0x8000)?FLASH_LENGTH:ALIGN (0x8000)
                0x00010000                        FLASH_NS_IMAGE_START = DEFINED (FLASH_NS_IMAGE_START)?FLASH_NS_IMAGE_START:__tz_FLASH_N
                0x60000000                        __tz_QSPI_FLASH_S = ORIGIN (QSPI_FLASH)

.qspi_flash     0x60000000        0x0
                0x60000000                        __qspi_flash_start__ = .
 *(.qspi_flash*)
 *(.code_in_qspi*)
                0x60000000                        __qspi_flash_end__ = .
                0x00000000                        __qspi_flash_code_size__ = (__qspi_flash_end__ - __qspi_flash_start__)
                0x00009d00                        __qspi_flash_code_addr__ = sgstubs_pre_location

.qspi_non_retentive
                0x60000000        0x0 load address 0x00009d00
                0x60000000                        __qspi_non_retentive_start__ = .
 *(.qspi_non_retentive*)
                0x60000000                        __qspi_non_retentive_end__ = .
                0x00000000                        __qspi_non_retentive_size__ = (__qspi_non_retentive_end__ - __qspi_non_retentive_start__)
                0x04000000                        __qspi_region_max_size__ = 0x4000000
                0x60000000                        __qspi_region_start_address__ = __qspi_flash_start__
                0x64000000                        __qspi_region_end_address__ = (__qspi_flash_start__ + __qspi_region_max_size__)
                0x60000000                        __tz_QSPI_FLASH_N = __qspi_non_retentive_end__

.OSPI_DEVICE_0_NO_LOAD
                0x80020000        0x0
                0x80020000                        . = ALIGN (0x4)
                0x80020000                        __ospi_device_0_start__ = .
 *(.ospi_device_0_no_load*)
                0x80020000                        . = ALIGN (0x4)
                0x80020000                        __ospi_device_0_end__ = .

.OSPI_DEVICE_1_NO_LOAD
                0x80030000        0x0
                0x80030000                        . = ALIGN (0x4)
                0x80030000                        __ospi_device_1_start__ = .
 *(.ospi_device_1_no_load*)
                0x80030000                        . = ALIGN (0x4)
                0x80030000                        __ospi_device_1_end__ = .
                0x80020000                        __tz_OSPI_DEVICE_0_S = ORIGIN (OSPI_DEVICE_0)

.OSPI_DEVICE_0  0x80020000        0x0
                0x80020000                        __ospi_device_0_start__ = .
 *(.ospi_device_0*)
 *(.code_in_ospi_device_0*)
                0x80020000                        __ospi_device_0_end__ = .
                0x00000000                        __ospi_device_0_code_size__ = (__ospi_device_0_end__ - __ospi_device_0_start__)
                0x00009d00                        __ospi_device_0_code_addr__ = (sgstubs_pre_location + SIZEOF (.qspi_non_retentive))

.ospi_device_0_non_retentive
                0x80020000        0x0 load address 0x00009d00
                0x80020000                        __ospi_device_0_non_retentive_start__ = .
 *(.ospi_device_0_non_retentive*)
                0x80020000                        __ospi_device_0_non_retentive_end__ = .
                0x00000000                        __ospi_device_0_non_retentive_size__ = (__ospi_device_0_non_retentive_end__ - __ospi_device_0_non_retentive_start__)
                0x08000000                        __ospi_device_0_region_max_size__ = 0x8000000
                0x80020000                        __ospi_device_0_region_start_address__ = __ospi_device_0_start__
                0x88020000                        __ospi_device_0_region_end_address__ = (__ospi_device_0_start__ + __ospi_device_0_region_max_size__)
                0x80020000                        __tz_OSPI_DEVICE_0_N = __ospi_device_0_non_retentive_end__
                0x80030000                        __tz_OSPI_DEVICE_1_S = ORIGIN (OSPI_DEVICE_1)

.OSPI_DEVICE_1  0x80030000        0x0
                0x80030000                        __ospi_device_1_start__ = .
 *(.ospi_device_1*)
 *(.code_in_ospi_device_1*)
                0x80030000                        __ospi_device_1_end__ = .
                0x00000000                        __ospi_device_1_code_size__ = (__ospi_device_1_end__ - __ospi_device_1_start__)
                0x00009d00                        __ospi_device_1_code_addr__ = (sgstubs_pre_location + (SIZEOF (.qspi_non_retentive) + SIZEOF (.ospi_device_0_non_retentive)))

.ospi_device_1_non_retentive
                0x80030000        0x0 load address 0x00009d00
                0x80030000                        __ospi_device_1_non_retentive_start__ = .
 *(.ospi_device_1_non_retentive*)
                0x80030000                        __ospi_device_1_non_retentive_end__ = .
                0x00000000                        __ospi_device_1_non_retentive_size__ = (__ospi_device_1_non_retentive_end__ - __ospi_device_1_non_retentive_start__)
                0x10000000                        __ospi_device_1_region_max_size__ = 0x10000000
                0x80030000                        __ospi_device_1_region_start_address__ = __ospi_device_1_start__
                0x90030000                        __ospi_device_1_region_end_address__ = (__ospi_device_1_start__ + __ospi_device_1_region_max_size__)
                0x80030000                        __tz_OSPI_DEVICE_1_N = __ospi_device_1_non_retentive_end__

.noinit         0x200003a0       0x20
                0x200003a0                        . = ALIGN (0x4)
                0x200003a0                        __noinit_start = .
 *(.noinit*)
 .noinit        0x200003a0       0x1c ./ra/fsp/src/bsp/mcu/all/bsp_clocks.o
                0x200003c0                        . = ALIGN (0x8)
 *fill*         0x200003bc        0x4 
 *(.heap.*)
                0x200003c0                        __noinit_end = .

.bss            0x200003c0      0x8ec
                0x200003c0                        . = ALIGN (0x4)
                0x200003c0                        __bss_start__ = .
 *(.bss*)
 .bss.completed.1
                0x200003c0        0x1 C:/Renesas/RA/e2studio_v2025-04_fsp_v5.9.0/toolchains/gcc_arm/13.2.rel1/bin/../lib/gcc/arm-none-eabi/13.2.1/thumb/v8-m.main+fp/hard/crtbegin.o
 *fill*         0x200003c1        0x3 
 .bss.object.0  0x200003c4       0x18 C:/Renesas/RA/e2studio_v2025-04_fsp_v5.9.0/toolchains/gcc_arm/13.2.rel1/bin/../lib/gcc/arm-none-eabi/13.2.1/thumb/v8-m.main+fp/hard/crtbegin.o
 .bss.data.0    0x200003dc       0x10 ./src/hal_entry.o
 *fill*         0x200003ec        0x4 
 .bss.lps22df_data_temp
                0x200003f0        0x8 ./src/hal_entry.o
                0x200003f0                lps22df_data_temp
 .bss.lps22df_data_pressure
                0x200003f8        0x8 ./src/hal_entry.o
                0x200003f8                lps22df_data_pressure
 .bss.dev_ctx_LPS22DF
                0x20000400       0x10 ./src/hal_entry.o
                0x20000400                dev_ctx_LPS22DF
 .bss.lps22df_irq_flag
                0x20000410        0x1 ./src/hal_entry.o
                0x20000410                lps22df_irq_flag
 .bss.irq_flag  0x20000411        0x1 ./src/hal_entry.o
                0x20000411                irq_flag
 .bss.dtap_event_catched
                0x20000412        0x1 ./src/hal_entry.o
 .bss.stap_event_catched
                0x20000413        0x1 ./src/hal_entry.o
 .bss.dev_ctx   0x20000414       0x10 ./src/hal_entry.o
 .bss.rst       0x20000424        0x1 ./src/hal_entry.o
                0x20000424                rst
 *fill*         0x20000425        0x3 
 .bss.pin_int   0x20000428        0x3 ./src/hal_entry.o
                0x20000428                pin_int
 *fill*         0x2000042b        0x1 
 .bss.status    0x2000042c        0x8 ./src/hal_entry.o
                0x2000042c                status
 .bss.tap_win   0x20000434        0x1 ./src/hal_entry.o
 *fill*         0x20000435        0x3 
 .bss.tap_ths   0x20000438        0x3 ./src/hal_entry.o
 *fill*         0x2000043b        0x1 
 .bss.tap       0x2000043c        0x1 ./src/hal_entry.o
 *fill*         0x2000043d        0x3 
 .bss.irq       0x20000440        0x1 ./src/hal_entry.o
 .bss.whoamI    0x20000441        0x1 ./src/hal_entry.o
 .bss.uart_send_complete_flag
                0x20000442        0x1 ./src/hal_entry.o
                0x20000442                uart_send_complete_flag
 *fill*         0x20000443        0x1 
 .bss.err       0x20000444        0x4 ./src/hal_entry.o
                0x20000444                err
 .bss.temp_tuya
                0x20000448        0x2 ./src/hal_entry.o
                0x20000448                temp_tuya
 .bss.up_down   0x2000044a        0x1 ./src/hal_entry.o
                0x2000044a                up_down
 .bss.bat       0x2000044b        0x1 ./src/hal_entry.o
                0x2000044b                bat
 .bss.g_tuya_mode_flag
                0x2000044c        0x1 ./src/hal_entry.o
                0x2000044c                g_tuya_mode_flag
 *fill*         0x2000044d        0x3 
 .bss.g_tuya_up_data
                0x20000450        0x4 ./src/hal_entry.o
                0x20000450                g_tuya_up_data
 .bss.wifi_Update
                0x20000454        0x4 ./src/hal_entry.o
                0x20000454                wifi_Update
 .bss.wifi_ap_num
                0x20000458        0x4 ./src/hal_entry.o
                0x20000458                wifi_ap_num
 .bss.wifi_first
                0x2000045c        0x1 ./src/hal_entry.o
                0x2000045c                wifi_first
 *fill*         0x2000045d        0x3 
 .bss.UART0_TUYA_flag
                0x20000460        0x4 ./src/hal_entry.o
                0x20000460                UART0_TUYA_flag
 .bss.UART0_TUYA_LENGTH
                0x20000464        0x4 ./src/hal_entry.o
                0x20000464                UART0_TUYA_LENGTH
 .bss.TUYA_wifi_buffer
                0x20000468       0xff ./src/hal_entry.o
                0x20000468                TUYA_wifi_buffer
 .bss.uart_wifi_TX_flag
                0x20000567        0x1 ./src/hal_entry.o
                0x20000567                uart_wifi_TX_flag
 .bss.uart_wifi_RX_flag
                0x20000568        0x1 ./src/hal_entry.o
                0x20000568                uart_wifi_RX_flag
 *fill*         0x20000569        0x3 
 .bss.g_tuya_ap_mode_num
                0x2000056c        0x4 ./src/hal_entry.o
 .bss.g_tuya_num
                0x20000570        0x1 ./src/hal_entry.o
 .bss.g_oled_page
                0x20000571        0x1 ./src/hal_entry.o
 .bss.scan_complete_flag
                0x20000572        0x1 ./src/hal_entry.o
                0x20000572                scan_complete_flag
 *fill*         0x20000573        0x1 
 .bss.OLED_GRAM
                0x20000574      0x480 ./src/oled.o
                0x20000574                OLED_GRAM
 .bss.g_ioport_ctrl
                0x200009f4        0x8 ./ra_gen/common_data.o
                0x200009f4                g_ioport_ctrl
 .bss.g_external_irq6_ctrl
                0x200009fc       0x10 ./ra_gen/common_data.o
                0x200009fc                g_external_irq6_ctrl
 .bss.g_external_irq4_ctrl
                0x20000a0c       0x10 ./ra_gen/common_data.o
                0x20000a0c                g_external_irq4_ctrl
 .bss.g_uart9_ctrl
                0x20000a1c       0x30 ./ra_gen/hal_data.o
                0x20000a1c                g_uart9_ctrl
 .bss.g_i2c2_ctrl
                0x20000a4c       0x40 ./ra_gen/hal_data.o
                0x20000a4c                g_i2c2_ctrl
 .bss.g_uart0_ctrl
                0x20000a8c       0x30 ./ra_gen/hal_data.o
                0x20000a8c                g_uart0_ctrl
 .bss.g_adc0_ctrl
                0x20000abc       0x24 ./ra_gen/hal_data.o
                0x20000abc                g_adc0_ctrl
 .bss.g_bsp_group_irq_sources
                0x20000ae0       0x38 ./ra/fsp/src/bsp/mcu/all/bsp_group_irq.o
                0x20000ae0                g_bsp_group_irq_sources
 .bss.g_protect_pfswe_counter
                0x20000b18        0x4 ./ra/fsp/src/bsp/mcu/all/bsp_io.o
                0x20000b18                g_protect_pfswe_counter
 .bss.gp_renesas_isr_context
                0x20000b1c       0x34 ./ra/fsp/src/bsp/mcu/all/bsp_irq.o
                0x20000b1c                gp_renesas_isr_context
 .bss.g_protect_counters
                0x20000b50        0x8 ./ra/fsp/src/bsp/mcu/all/bsp_register_protection.o
                0x20000b50                g_protect_counters
 .bss.current_heap_end.0
                0x20000b58        0x4 ./ra/fsp/src/bsp/mcu/all/bsp_sbrk.o
 .bss.SystemCoreClock
                0x20000b5c        0x4 ./ra/fsp/src/bsp/cmsis/Device/RENESAS/Source/system.o
                0x20000b5c                SystemCoreClock
 .bss.__sf      0x20000b60      0x138 C:/Renesas/RA/e2studio_v2025-04_fsp_v5.9.0/toolchains/gcc_arm/13.2.rel1/bin/../lib/gcc/arm-none-eabi/13.2.1/thumb/v8-m.main+fp/hard\libg_nano.a(libc_a-findfp.o)
                0x20000b60                __sf
 .bss.__stdio_exit_handler
                0x20000c98        0x4 C:/Renesas/RA/e2studio_v2025-04_fsp_v5.9.0/toolchains/gcc_arm/13.2.rel1/bin/../lib/gcc/arm-none-eabi/13.2.1/thumb/v8-m.main+fp/hard\libg_nano.a(libc_a-findfp.o)
                0x20000c98                __stdio_exit_handler
 .bss.errno     0x20000c9c        0x4 C:/Renesas/RA/e2studio_v2025-04_fsp_v5.9.0/toolchains/gcc_arm/13.2.rel1/bin/../lib/gcc/arm-none-eabi/13.2.1/thumb/v8-m.main+fp/hard\libg_nano.a(libc_a-reent.o)
                0x20000c9c                errno
 .bss.__lock___malloc_recursive_mutex
                0x20000ca0        0x1 C:/Renesas/RA/e2studio_v2025-04_fsp_v5.9.0/toolchains/gcc_arm/13.2.rel1/bin/../lib/gcc/arm-none-eabi/13.2.1/thumb/v8-m.main+fp/hard\libg_nano.a(libc_a-lock.o)
                0x20000ca0                __lock___malloc_recursive_mutex
 .bss.__lock___sfp_recursive_mutex
                0x20000ca1        0x1 C:/Renesas/RA/e2studio_v2025-04_fsp_v5.9.0/toolchains/gcc_arm/13.2.rel1/bin/../lib/gcc/arm-none-eabi/13.2.1/thumb/v8-m.main+fp/hard\libg_nano.a(libc_a-lock.o)
                0x20000ca1                __lock___sfp_recursive_mutex
 *fill*         0x20000ca2        0x2 
 .bss.__malloc_sbrk_start
                0x20000ca4        0x4 C:/Renesas/RA/e2studio_v2025-04_fsp_v5.9.0/toolchains/gcc_arm/13.2.rel1/bin/../lib/gcc/arm-none-eabi/13.2.1/thumb/v8-m.main+fp/hard\libg_nano.a(libc_a-mallocr.o)
                0x20000ca4                __malloc_sbrk_start
 .bss.__malloc_free_list
                0x20000ca8        0x4 C:/Renesas/RA/e2studio_v2025-04_fsp_v5.9.0/toolchains/gcc_arm/13.2.rel1/bin/../lib/gcc/arm-none-eabi/13.2.1/thumb/v8-m.main+fp/hard\libg_nano.a(libc_a-mallocr.o)
                0x20000ca8                __malloc_free_list
 *(COMMON)
                0x20000cac                        . = ALIGN (0x4)
                0x20000cac                        __bss_end__ = .

.heap           0x20000cb0     0x2000
                0x20000cb0                        . = ALIGN (0x8)
                0x20000cb0                        __HeapBase = .
 *(.heap)
 .heap          0x20000cb0     0x2000 ./ra/fsp/src/bsp/cmsis/Device/RENESAS/Source/startup.o
                0x20002cb0                        __HeapLimit = .

.stack_dummy    0x20002cb0      0x400
                0x20002cb0                        . = ALIGN (0x8)
                0x20002cb0                        __StackLimit = .
 *(.stack)
 .stack         0x20002cb0      0x400 ./ra/fsp/src/bsp/cmsis/Device/RENESAS/Source/startup.o
                0x200030b0                        __StackTop = .
 *(.stack*)
                0x200030b0                        __StackTopAll = .
                0x200030b0                        PROVIDE (__stack = __StackTopAll)
                0x200030b0                        __RAM_segment_used_end__ = ALIGN (__StackTopAll, 0x4)
                0x20003400                        __tz_RAM_C = DEFINED (RAM_NSC_START)?ABSOLUTE ((RAM_NSC_START - RAM_NS_BUFFER_BLOCK_LENGTH)):__RESERVE_NS_RAM?ABSOLUTE (RAM_NS_BUFFER_BLOCK_START):ALIGN (__RAM_segment_used_end__, 0x400)
                0x20004000                        __tz_RAM_N = DEFINED (RAM_NS_START)?ABSOLUTE ((RAM_NS_START - RAM_NS_BUFFER_BLOCK_LENGTH)):__RESERVE_NS_RAM?ABSOLUTE (RAM_NS_BUFFER_BLOCK_START):ALIGN (__tz_RAM_C, 0x2000)

.ns_buffer      0x200030b0        0x0
                0x200030b0                        . = __RESERVE_NS_RAM?ABSOLUTE ((RAM_NS_BUFFER_START & 0xffffffe0)):.
 *(.ns_buffer*)

.data_flash     0x08000000        0x0
                0x08000000                        . = ORIGIN (DATA_FLASH)
                0x08000000                        __tz_DATA_FLASH_S = .
                0x08000000                        __Data_Flash_Start = .
 *(.data_flash*)
                0x08000000                        __Data_Flash_End = .
                0x08000000                        __tz_DATA_FLASH_N = DEFINED (DATA_FLASH_NS_START)?ABSOLUTE (DATA_FLASH_NS_START):__RESERVE_NS_RAM?ABSOLUTE ((DATA_FLASH_START + DATA_FLASH_LENGTH)):ALIGN (0x400)
                0x80010000                        __tz_SDRAM_S = ORIGIN (SDRAM)

.sdram          0x80010000        0x0
                0x80010000                        __SDRAM_Start = .
 *(.sdram*)
 *(.frame*)
                0x80010000                        __SDRAM_End = .
                0x80010000                        __tz_SDRAM_N = __SDRAM_End
                0x00000000                        __tz_ID_CODE_S = ORIGIN (ID_CODE)
                0x00000000                        __tz_ID_CODE_N = __tz_ID_CODE_S

.id_code        0x00000000        0x0
                0x00000000                        __ID_Code_Start = .
 *(.id_code*)
                0x00000000                        __ID_Code_End = .
                0x0100a100                        __tz_OPTION_SETTING_S = ORIGIN (OPTION_SETTING_OFS)

.option_setting_ofs
                0x0100a100       0x10
                0x0100a100                        __OPTION_SETTING_OFS_Start = .
 *(.option_setting_ofs0)
 .option_setting_ofs0
                0x0100a100        0x4 ./ra/fsp/src/bsp/mcu/all/bsp_rom_registers.o
                0x0100a104                        . = PROJECT_SECURE_OR_FLAT?(__OPTION_SETTING_OFS_Start + 0x4):__OPTION_SETTING_OFS_Start
 *(.option_setting_ofs2)
                0x0100a110                        . = PROJECT_SECURE_OR_FLAT?(__OPTION_SETTING_OFS_Start + 0x10):__OPTION_SETTING_OFS_Start
 *fill*         0x0100a104        0xc ff
 *(.option_setting_dualsel)
                0x0100a110                        __OPTION_SETTING_OFS_End = .

.option_setting_sas
                0x0100a134        0x4
                0x0100a134                        __OPTION_SETTING_SAS_Start = .
 *(.option_setting_sas)
 .option_setting_sas
                0x0100a134        0x4 ./ra/fsp/src/bsp/mcu/all/bsp_rom_registers.o
                0x0100a138                        __OPTION_SETTING_SAS_End = .
                0x0100a180                        __tz_OPTION_SETTING_N = ABSOLUTE (OPTION_SETTING_START_NS)

.option_setting_ns
                0x0100a100        0x0
                0x0100a100                        __OPTION_SETTING_NS_Start = .
 *(.option_setting_ofs1)
                0x0100a100                        . = USE_OPTION_SETTING_NS?(__OPTION_SETTING_NS_Start + 0x4):__OPTION_SETTING_NS_Start
 *(.option_setting_ofs3)
                0x0100a100                        . = USE_OPTION_SETTING_NS?(__OPTION_SETTING_NS_Start + 0x10):__OPTION_SETTING_NS_Start
 *(.option_setting_banksel)
                0x0100a100                        . = USE_OPTION_SETTING_NS?(__OPTION_SETTING_NS_Start + 0x40):__OPTION_SETTING_NS_Start