T9EFC 000:000.716   SEGGER J-Link V8.12f Log File
T9EFC 000:000.873   DLL Compiled: Feb 12 2025 13:34:40
T9EFC 000:000.888   Logging started @ 2025-06-04 17:47
T9EFC 000:000.900   Process: C:\Users\a8456\.eclipse\com.renesas.platform_1713588285\DebugComp\RA\e2-server-gdb.exe
T9EFC 000:000.918 - 0.911ms 
T9EFC 000:000.938 JLINK_GetDLLVersion()
T9EFC 000:000.950 - 0.012ms returns 81206
T9EFC 000:004.224 JLINK_OpenEx(...)
T9EFC 000:014.508   Firmware: J-Link V9 compiled May  7 2021 16:26:12
T9EFC 000:016.121   Firmware: J-Link V9 compiled May  7 2021 16:26:12
T9EFC 000:016.267   Decompressing FW timestamp took 97 us
T9EFC 000:024.114   Hardware: V9.60
T9EFC 000:024.145   S/N: 69667700
T9EFC 000:024.154   OEM: SEGGER
T9EFC 000:024.162   Feature(s): RDI, GDB, FlashDL, FlashBP, JFlash
T9EFC 000:025.648   Bootloader: (FW returned invalid version)
T9EFC 000:027.660   TELNET listener socket opened on port 19021
T9EFC 000:027.910   WEBSRV WEBSRV_Init(): Starting webserver thread(s)
T9EFC 000:028.084   WEBSRV Webserver running on local port 19080
T9EFC 000:028.269   Looking for J-Link GUI Server exe at: C:\Users\a8456\.eclipse\com.renesas.platform_1713588285\DebugComp\RA\ARM\Segger_v8.12.6\JLinkGUIServer.exe
T9EFC 000:028.414   Looking for J-Link GUI Server exe at: C:\Program Files\SEGGER\JLink_V818\JLinkGUIServer.exe
T9EFC 000:028.467   Forking J-Link GUI Server: C:\Program Files\SEGGER\JLink_V818\JLinkGUIServer.exe
T9EFC 000:054.685   J-Link GUI Server info: "J-Link GUI server V8.18 "
T9EFC 000:058.432 - 54.206ms returns "O.K."
T9EFC 000:058.562 JLINK_ExecCommand("ProjectFile=C:\Users\a8456\e2_studio\workspace\RA4M2_IOT_Project4/RA4M2_IOT_Project4.elf.jlink", ...). 
T9EFC 000:074.305 - 15.750ms returns 0x00
T9EFC 000:074.540 JLINK_ExecCommand("device=R7FA4M2AD", ...). 
T9EFC 000:075.350   Flash bank @ 0x0100A100: SFL: Parsing sectorization info from ELF file
T9EFC 000:075.366     FlashDevice.SectorInfo[0]: .SectorSize = 0x00000010, .SectorStartAddr = 0x00000000
T9EFC 000:075.375   FlashBank @0x0100A100: Sectorization info from SFL ELF file ignored because sectorization override from DLL / XML file is active.
T9EFC 000:075.550   Flash bank @ 0x60000000: SFL: Parsing sectorization info from ELF file
T9EFC 000:075.585     FlashDevice.SectorInfo[0]: .SectorSize = 0x00010000, .SectorStartAddr = 0x00000000
T9EFC 000:078.518   Device "R7FA4M2AD" selected.
T9EFC 000:078.864 - 4.314ms returns 0x00
T9EFC 000:078.879 JLINK_TIF_GetAvailable(...)
T9EFC 000:079.367 - 0.488ms 
T9EFC 000:079.388 JLINK_TIF_Select(JLINKARM_TIF_SWD)
T9EFC 000:081.222 - 1.834ms returns 0x00
T9EFC 000:081.256 JLINK_SetSpeed(4000)
T9EFC 000:081.696 - 0.442ms 
T9EFC 000:081.722 JLINK_ReadMem(0xE000EDF0, 0x4 Bytes, ...)
T9EFC 000:082.179   ConfigTargetSettings() start
T9EFC 000:082.213    J-Link Script File: Executing ConfigTargetSettings()
T9EFC 000:082.227   Configuring FlashDLNoRMWThreshold=0x200 in order to make sure that option bytes programming is done via read-modify-write
T9EFC 000:087.373   ConfigTargetSettings() end - Took 5.16ms
T9EFC 000:087.387   InitTarget() start
T9EFC 000:087.395    J-Link Script File: Executing InitTarget()
T9EFC 000:087.402   SWD selected. Executing JTAG -> SWD switching sequence.
T9EFC 000:090.837   DAP initialized successfully.
T9EFC 000:090.856   Determining TrustZone configuration...
T9EFC 000:092.993     Secure Debug: Enabled (SSD)
T9EFC 000:093.030   Determining currently configured transfer type by reading the AHB-AP CSW register.
T9EFC 000:094.621     --> Correct transfer type configured. Done.
T9EFC 000:094.666   InitTarget() end - Took 7.26ms
T9EFC 000:095.868   Found SW-DP with ID 0x6BA02477
T9EFC 000:099.709   DPIDR: 0x6BA02477
T9EFC 000:099.778   CoreSight SoC-400 or earlier
T9EFC 000:099.802   Scanning AP map to find all available APs
T9EFC 000:101.490   AP[2]: Stopped AP scan as end of AP map has been reached
T9EFC 000:101.522   AP[0]: AHB-AP (IDR: 0x84770001, ADDR: 0x00000000)
T9EFC 000:101.538   AP[1]: APB-AP (IDR: 0x54770002, ADDR: 0x01000000)
T9EFC 000:101.553   Iterating through AP map to find AHB-AP to use
T9EFC 000:103.039   AP[0]: Core found
T9EFC 000:103.056   AP[0]: AHB-AP ROM base: 0xE00FE000
T9EFC 000:103.787   CPUID register: 0x410FD214. Implementer code: 0x41 (ARM)
T9EFC 000:103.806   Feature set: Mainline
T9EFC 000:104.567   Cache: No cache
T9EFC 000:104.583   Found Cortex-M33 r0p4, Little endian.
T9EFC 000:105.516   -- Max. mem block: 0x00010A88
T9EFC 000:106.936   
  ***** Warning: 
T9EFC 000:106.951   Cortex-M (ARMv8-M and later): The connected J-Link (S/N 69667700) uses an old firmware module that does not handle I/D-cache correctly. Proper debugging functionality cannot be guaranteed if cache is enabled
T9EFC 000:106.978   CPU_ReadMem(4 bytes @ 0xE000EDF0)
T9EFC 000:107.573   CPU_ReadMem(4 bytes @ 0xE0002000)
T9EFC 000:108.159   FPUnit: 8 code (BP) slots and 0 literal slots
T9EFC 000:108.173   CPU_ReadMem(4 bytes @ 0xE000EDFC)
T9EFC 000:108.735   CPU_ReadMem(4 bytes @ 0xE0001000)
T9EFC 000:109.284   CPU_ReadMem(4 bytes @ 0xE0001000)
T9EFC 000:109.892   CPU_ReadMem(4 bytes @ 0xE0001028)
T9EFC 000:110.517   CPU_ReadMem(4 bytes @ 0xE0001038)
T9EFC 000:111.165   CPU_ReadMem(4 bytes @ 0xE0001048)
T9EFC 000:111.770   CPU_ReadMem(4 bytes @ 0xE0001058)
T9EFC 000:112.352   CPU_WriteMem(4 bytes @ 0xE0001000)
T9EFC 000:112.928   CPU_ReadMem(4 bytes @ 0xE000ED88)
T9EFC 000:113.501   CPU_WriteMem(4 bytes @ 0xE000ED88)
T9EFC 000:114.070   CPU_ReadMem(4 bytes @ 0xE000ED88)
T9EFC 000:114.686   CPU_WriteMem(4 bytes @ 0xE000ED88)
T9EFC 000:115.284   CPU_ReadMem(4 bytes @ 0xE000EFB8)
T9EFC 000:115.903   Security extension: implemented
T9EFC 000:115.915   Secure debug: enabled
T9EFC 000:115.923   CoreSight components:
T9EFC 000:115.931   ROMTbl[0] @ E00FE000
T9EFC 000:115.940   CPU_ReadMem(64 bytes @ 0xE00FE000)
T9EFC 000:116.871   CPU_ReadMem(32 bytes @ 0xE0044FE0)
T9EFC 000:117.625   CPU_ReadMem(4 bytes @ 0xE0044FBC)
T9EFC 000:118.197   CPU_ReadMem(4 bytes @ 0xE0044FCC)
T9EFC 000:118.762   [0][0]: E0044000 CID B105900D PID 005BB906 DEVARCH 00000000 DEVTYPE 14 CTI (?)
T9EFC 000:118.774   CPU_ReadMem(32 bytes @ 0xE0047FE0)
T9EFC 000:119.513   CPU_ReadMem(4 bytes @ 0xE0047FBC)
T9EFC 000:120.115   CPU_ReadMem(4 bytes @ 0xE0047FCC)
T9EFC 000:120.668   [0][1]: E0047000 CID B105900D PID 003BB908 DEVARCH 00000000 DEVTYPE 12 CSTF
T9EFC 000:120.681   CPU_ReadMem(32 bytes @ 0xE0048FE0)
T9EFC 000:121.388   CPU_ReadMem(4 bytes @ 0xE0048FBC)
T9EFC 000:122.017   CPU_ReadMem(4 bytes @ 0xE0048FCC)
T9EFC 000:122.574   [0][2]: E0048000 CID B105900D PID 001BB961 DEVARCH 00000000 DEVTYPE 21 TMC
T9EFC 000:122.584   CPU_ReadMem(32 bytes @ 0xE0049FE0)
T9EFC 000:123.312   [0][3]: E0049000 CID B105F00D PID 001BB101 TSG
T9EFC 000:123.326   CPU_ReadMem(32 bytes @ 0xE0040FE0)
T9EFC 000:124.032   CPU_ReadMem(4 bytes @ 0xE0040FBC)
T9EFC 000:124.638   CPU_ReadMem(4 bytes @ 0xE0040FCC)
T9EFC 000:125.197   [0][4]: E0040000 CID B105900D PID 000BBD21 DEVARCH 00000000 DEVTYPE 11 TPIU
T9EFC 000:125.208   CPU_ReadMem(32 bytes @ 0xE00FFFE0)
T9EFC 000:125.916   [0][5]: E00FF000 CID B105100D PID 000BB4C9 ROM Table
T9EFC 000:125.931   ROMTbl[1] @ E00FF000
T9EFC 000:125.940   CPU_ReadMem(64 bytes @ 0xE00FF000)
T9EFC 000:126.881   CPU_ReadMem(32 bytes @ 0xE000EFE0)
T9EFC 000:127.616   CPU_ReadMem(4 bytes @ 0xE000EFBC)
T9EFC 000:128.202   CPU_ReadMem(4 bytes @ 0xE000EFCC)
T9EFC 000:128.763   [1][0]: E000E000 CID B105900D PID 000BBD21 DEVARCH 47702A04 DEVTYPE 00 Cortex-M33
T9EFC 000:128.780   CPU_ReadMem(32 bytes @ 0xE0001FE0)
T9EFC 000:129.466   CPU_ReadMem(4 bytes @ 0xE0001FBC)
T9EFC 000:130.094   CPU_ReadMem(4 bytes @ 0xE0001FCC)
T9EFC 000:130.676   [1][1]: E0001000 CID B105900D PID 000BBD21 DEVARCH 47701A02 DEVTYPE 00 DWT
T9EFC 000:130.691   CPU_ReadMem(32 bytes @ 0xE0002FE0)
T9EFC 000:131.408   CPU_ReadMem(4 bytes @ 0xE0002FBC)
T9EFC 000:132.031   CPU_ReadMem(4 bytes @ 0xE0002FCC)
T9EFC 000:132.609   [1][2]: E0002000 CID B105900D PID 000BBD21 DEVARCH 47701A03 DEVTYPE 00 FPB
T9EFC 000:132.628   CPU_ReadMem(32 bytes @ 0xE0000FE0)
T9EFC 000:133.319   CPU_ReadMem(4 bytes @ 0xE0000FBC)
T9EFC 000:133.927   CPU_ReadMem(4 bytes @ 0xE0000FCC)
T9EFC 000:134.483   [1][3]: E0000000 CID B105900D PID 000BBD21 DEVARCH 47701A01 DEVTYPE 43 ITM
T9EFC 000:134.492   CPU_ReadMem(32 bytes @ 0xE0041FE0)
T9EFC 000:135.220   CPU_ReadMem(4 bytes @ 0xE0041FBC)
T9EFC 000:135.847   CPU_ReadMem(4 bytes @ 0xE0041FCC)
T9EFC 000:136.421   [1][5]: E0041000 CID B105900D PID 002BBD21 DEVARCH 47724A13 DEVTYPE 13 ETM
T9EFC 000:136.436   CPU_ReadMem(32 bytes @ 0xE0042FE0)
T9EFC 000:137.139   CPU_ReadMem(4 bytes @ 0xE0042FBC)
T9EFC 000:137.700   CPU_ReadMem(4 bytes @ 0xE0042FCC)
T9EFC 000:138.268   [1][6]: E0042000 CID B105900D PID 000BBD21 DEVARCH 47701A14 DEVTYPE 14 CSS600-CTI
T9EFC 000:138.311   CPU_ReadMem(4 bytes @ 0xE000EDF0)
T9EFC 000:138.835   Data:  03 00 13 00
T9EFC 000:138.844   Debug reg: DHCSR
T9EFC 000:138.853 - 57.131ms returns 0
T9EFC 000:138.889 JLINK_ReadMem(0x400E002C, 0x4 Bytes, ...)
T9EFC 000:138.896   CPU_ReadMem(4 bytes @ 0x400E002C)
T9EFC 000:139.446   Data:  02 00 00 00
T9EFC 000:139.457 - 0.568ms returns 0
T9EFC 000:139.478 JLINK_ReadMem(0xE000EDF0, 0x4 Bytes, ...)
T9EFC 000:139.490   CPU_ReadMem(4 bytes @ 0xE000EDF0)
T9EFC 000:140.046   Data:  03 00 13 00
T9EFC 000:140.055   Debug reg: DHCSR
T9EFC 000:140.063 - 0.584ms returns 0
T9EFC 000:140.086 JLINK_ReadMem(0xE000EDF0, 0x4 Bytes, ...)
T9EFC 000:140.092   CPU_ReadMem(4 bytes @ 0xE000EDF0)
T9EFC 000:140.632   Data:  03 00 13 00
T9EFC 000:140.642   Debug reg: DHCSR
T9EFC 000:140.651 - 0.565ms returns 0
T9EFC 000:140.658 JLINK_ReadMem(0x400E001C, 0x4 Bytes, ...)
T9EFC 000:140.665   CPU_ReadMem(4 bytes @ 0x400E001C)
T9EFC 000:141.215   Data:  00 FC FF 00
T9EFC 000:141.226 - 0.567ms returns 0
T9EFC 000:141.235 JLINK_ReadMem(0xE000EDF0, 0x4 Bytes, ...)
T9EFC 000:141.242   CPU_ReadMem(4 bytes @ 0xE000EDF0)
T9EFC 000:141.835   Data:  03 00 13 00
T9EFC 000:141.844   Debug reg: DHCSR
T9EFC 000:141.852 - 0.617ms returns 0
T9EFC 000:141.859 JLINK_ReadMem(0x400E0018, 0x4 Bytes, ...)
T9EFC 000:141.865   CPU_ReadMem(4 bytes @ 0x400E0018)
T9EFC 000:142.431   Data:  00 80 FF 00
T9EFC 000:142.442 - 0.582ms returns 0
T9EFC 000:142.452 JLINK_ReadMem(0xE000EDF0, 0x4 Bytes, ...)
T9EFC 000:142.459   CPU_ReadMem(4 bytes @ 0xE000EDF0)
T9EFC 000:143.016   Data:  03 00 13 00
T9EFC 000:143.041   Debug reg: DHCSR
T9EFC 000:143.062 - 0.608ms returns 0
T9EFC 000:143.071 JLINK_ReadMem(0x400E0020, 0x4 Bytes, ...)
T9EFC 000:143.081   CPU_ReadMem(4 bytes @ 0x400E0020)
T9EFC 000:143.636   Data:  00 FC 00 00
T9EFC 000:143.649 - 0.578ms returns 0
T9EFC 000:143.662 JLINK_ReadMem(0xE000EDF0, 0x4 Bytes, ...)
T9EFC 000:143.670   CPU_ReadMem(4 bytes @ 0xE000EDF0)
T9EFC 000:144.284   Data:  03 00 13 00
T9EFC 000:144.301   Debug reg: DHCSR
T9EFC 000:144.309 - 0.647ms returns 0
T9EFC 000:144.318 JLINK_ReadMem(0x400E0028, 0x4 Bytes, ...)
T9EFC 000:144.327   CPU_ReadMem(4 bytes @ 0x400E0028)
T9EFC 000:144.886   Data:  00 FC 1F 00
T9EFC 000:144.900 - 0.581ms returns 0
T9EFC 000:144.912 JLINK_ReadMem(0xE000EDF0, 0x4 Bytes, ...)
T9EFC 000:144.921   CPU_ReadMem(4 bytes @ 0xE000EDF0)
T9EFC 000:145.538   Data:  03 00 13 00
T9EFC 000:145.631   Debug reg: DHCSR
T9EFC 000:145.639 - 0.727ms returns 0
T9EFC 000:145.649 JLINK_ReadMem(0x400E0024, 0x4 Bytes, ...)
T9EFC 000:145.660   CPU_ReadMem(4 bytes @ 0x400E0024)
T9EFC 000:146.200   Data:  00 E0 1F 00
T9EFC 000:146.216 - 0.567ms returns 0
T9EFC 000:146.230 JLINK_ReadMem(0xE000EDF0, 0x4 Bytes, ...)
T9EFC 000:146.239   CPU_ReadMem(4 bytes @ 0xE000EDF0)
T9EFC 000:146.869   Data:  03 00 13 00
T9EFC 000:146.883   Debug reg: DHCSR
T9EFC 000:146.893 - 0.663ms returns 0
T9EFC 000:146.902 JLINK_ReadMem(0x400E002C, 0x4 Bytes, ...)
T9EFC 000:146.910   CPU_ReadMem(4 bytes @ 0x400E002C)
T9EFC 000:147.476   Data:  02 00 00 00
T9EFC 000:147.492 - 0.590ms returns 0
T9EFC 000:147.504 JLINK_ReadMem(0xE000EDF0, 0x4 Bytes, ...)
T9EFC 000:147.513   CPU_ReadMem(4 bytes @ 0xE000EDF0)
T9EFC 000:148.070   Data:  03 00 13 00
T9EFC 000:148.079   Debug reg: DHCSR
T9EFC 000:148.087 - 0.583ms returns 0
T9EFC 000:148.131 JLINK_ReadMem(0x400E002C, 0x4 Bytes, ...)
T9EFC 000:148.141   CPU_ReadMem(4 bytes @ 0x400E002C)
T9EFC 000:148.678   Data:  02 00 00 00
T9EFC 000:148.689 - 0.557ms returns 0
T9EFC 000:152.545 JLINK_Close()
T9EFC 000:172.614 - 20.067ms
T9EFC 000:172.641   
T9EFC 000:172.647   Closed
