TACBC 000:000.418   SEGGER J-Link V8.12f Log File
TACBC 000:000.504   DLL Compiled: Feb 12 2025 13:34:40
TACBC 000:000.510   Logging started @ 2025-06-04 17:19
TACBC 000:000.516   Process: C:\Users\a8456\.eclipse\com.renesas.platform_1713588285\DebugComp\RA\e2-server-gdb.exe
TACBC 000:000.525 - 0.521ms 
TACBC 000:000.536 JLINK_GetDLLVersion()
TACBC 000:000.541 - 0.006ms returns 81206
TACBC 000:001.933 JLINK_OpenEx(...)
TACBC 000:010.036   Firmware: J-Link V9 compiled May  7 2021 16:26:12
TACBC 000:011.677   Firmware: J-Link V9 compiled May  7 2021 16:26:12
TACBC 000:011.802   Decompressing FW timestamp took 106 us
TACBC 000:019.667   Hardware: V9.60
TACBC 000:019.685   S/N: 69667700
TACBC 000:019.693   OEM: SEGGER
TACBC 000:019.701   Feature(s): RDI, GDB, FlashDL, FlashBP, JFlash
TACBC 000:021.370   Bootloader: (FW returned invalid version)
TACBC 000:023.135   TELNET listener socket opened on port 19021
TACBC 000:023.252   WEBSRV WEBSRV_Init(): Starting webserver thread(s)
TACBC 000:023.455   WEBSRV Webserver running on local port 19080
TACBC 000:023.574   Looking for J-Link GUI Server exe at: C:\Users\a8456\.eclipse\com.renesas.platform_1713588285\DebugComp\RA\ARM\Segger_v8.12.6\JLinkGUIServer.exe
TACBC 000:023.662   Looking for J-Link GUI Server exe at: C:\Program Files\SEGGER\JLink_V818\JLinkGUIServer.exe
TACBC 000:023.688   Forking J-Link GUI Server: C:\Program Files\SEGGER\JLink_V818\JLinkGUIServer.exe
TACBC 000:041.542   J-Link GUI Server info: "J-Link GUI server V8.18 "
TACBC 000:045.214 - 43.276ms returns "O.K."
TACBC 000:045.302 JLINK_ExecCommand("ProjectFile=C:\Users\a8456\e2_studio\workspace\RA4M2_IOT_Project3/RA4M2_IOT_Project3 Debug_Flat.jlink", ...). 
TACBC 000:058.556 - 13.256ms returns 0x00
TACBC 000:058.796 JLINK_ExecCommand("device=R7FA4M2AD", ...). 
TACBC 000:059.601   Flash bank @ 0x0100A100: SFL: Parsing sectorization info from ELF file
TACBC 000:059.620     FlashDevice.SectorInfo[0]: .SectorSize = 0x00000010, .SectorStartAddr = 0x00000000
TACBC 000:059.628   FlashBank @0x0100A100: Sectorization info from SFL ELF file ignored because sectorization override from DLL / XML file is active.
TACBC 000:059.854   Flash bank @ 0x60000000: SFL: Parsing sectorization info from ELF file
TACBC 000:059.865     FlashDevice.SectorInfo[0]: .SectorSize = 0x00010000, .SectorStartAddr = 0x00000000
TACBC 000:062.441   Device "R7FA4M2AD" selected.
TACBC 000:062.744 - 3.935ms returns 0x00
TACBC 000:062.757 JLINK_TIF_GetAvailable(...)
TACBC 000:063.199 - 0.442ms 
TACBC 000:063.215 JLINK_TIF_Select(JLINKARM_TIF_SWD)
TACBC 000:065.126 - 1.911ms returns 0x00
TACBC 000:065.141 JLINK_SetSpeed(4000)
TACBC 000:065.532 - 0.391ms 
TACBC 000:065.557 JLINK_ReadMem(0xE000EDF0, 0x4 Bytes, ...)
TACBC 000:066.030   ConfigTargetSettings() start
TACBC 000:066.042    J-Link Script File: Executing ConfigTargetSettings()
TACBC 000:066.050   Configuring FlashDLNoRMWThreshold=0x200 in order to make sure that option bytes programming is done via read-modify-write
TACBC 000:071.049   ConfigTargetSettings() end - Took 5.00ms
TACBC 000:071.084   InitTarget() start
TACBC 000:071.101    J-Link Script File: Executing InitTarget()
TACBC 000:071.115   SWD selected. Executing JTAG -> SWD switching sequence.
TACBC 000:074.317   DAP initialized successfully.
TACBC 000:074.335   Determining TrustZone configuration...
TACBC 000:076.309     Secure Debug: Enabled (SSD)
TACBC 000:076.320   Determining currently configured transfer type by reading the AHB-AP CSW register.
TACBC 000:077.820     --> Correct transfer type configured. Done.
TACBC 000:077.838   InitTarget() end - Took 6.73ms
TACBC 000:078.998   Found SW-DP with ID 0x6BA02477
TACBC 000:082.714   DPIDR: 0x6BA02477
TACBC 000:082.728   CoreSight SoC-400 or earlier
TACBC 000:082.740   Scanning AP map to find all available APs
TACBC 000:084.348   AP[2]: Stopped AP scan as end of AP map has been reached
TACBC 000:084.361   AP[0]: AHB-AP (IDR: 0x84770001, ADDR: 0x00000000)
TACBC 000:084.369   AP[1]: APB-AP (IDR: 0x54770002, ADDR: 0x01000000)
TACBC 000:084.377   Iterating through AP map to find AHB-AP to use
TACBC 000:085.894   AP[0]: Core found
TACBC 000:085.912   AP[0]: AHB-AP ROM base: 0xE00FE000
TACBC 000:086.674   CPUID register: 0x410FD214. Implementer code: 0x41 (ARM)
TACBC 000:086.689   Feature set: Mainline
TACBC 000:087.434   Cache: No cache
TACBC 000:087.459   Found Cortex-M33 r0p4, Little endian.
TACBC 000:088.427   -- Max. mem block: 0x00010A88
TACBC 000:089.888   
  ***** Warning: 
TACBC 000:089.907   Cortex-M (ARMv8-M and later): The connected J-Link (S/N 69667700) uses an old firmware module that does not handle I/D-cache correctly. Proper debugging functionality cannot be guaranteed if cache is enabled
TACBC 000:089.925   CPU_ReadMem(4 bytes @ 0xE000EDF0)
TACBC 000:090.504   CPU_WriteMem(4 bytes @ 0xE000EDF0)
TACBC 000:091.071   CPU_ReadMem(4 bytes @ 0xE0002000)
TACBC 000:091.637   FPUnit: 8 code (BP) slots and 0 literal slots
TACBC 000:091.646   CPU_ReadMem(4 bytes @ 0xE000EDFC)
TACBC 000:092.222   CPU_WriteMem(4 bytes @ 0xE000EDFC)
TACBC 000:092.837   CPU_ReadMem(4 bytes @ 0xE0001000)
TACBC 000:093.445   CPU_ReadMem(4 bytes @ 0xE0001000)
TACBC 000:094.042   CPU_ReadMem(4 bytes @ 0xE0001028)
TACBC 000:094.675   CPU_ReadMem(4 bytes @ 0xE0001038)
TACBC 000:095.267   CPU_ReadMem(4 bytes @ 0xE0001048)
TACBC 000:095.843   CPU_ReadMem(4 bytes @ 0xE0001058)
TACBC 000:096.419   CPU_WriteMem(4 bytes @ 0xE0001000)
TACBC 000:097.002   CPU_ReadMem(4 bytes @ 0xE000ED88)
TACBC 000:097.575   CPU_WriteMem(4 bytes @ 0xE000ED88)
TACBC 000:098.208   CPU_ReadMem(4 bytes @ 0xE000ED88)
TACBC 000:098.844   CPU_WriteMem(4 bytes @ 0xE000ED88)
TACBC 000:099.500   CPU_ReadMem(4 bytes @ 0xE000EFB8)
TACBC 000:100.126   Security extension: implemented
TACBC 000:100.146   Secure debug: enabled
TACBC 000:100.154   CoreSight components:
TACBC 000:100.163   ROMTbl[0] @ E00FE000
TACBC 000:100.172   CPU_ReadMem(64 bytes @ 0xE00FE000)
TACBC 000:101.056   CPU_ReadMem(32 bytes @ 0xE0044FE0)
TACBC 000:101.806   CPU_ReadMem(4 bytes @ 0xE0044FBC)
TACBC 000:102.396   CPU_ReadMem(4 bytes @ 0xE0044FCC)
TACBC 000:102.981   [0][0]: E0044000 CID B105900D PID 005BB906 DEVARCH 00000000 DEVTYPE 14 CTI (?)
TACBC 000:102.998   CPU_ReadMem(32 bytes @ 0xE0047FE0)
TACBC 000:103.732   CPU_ReadMem(4 bytes @ 0xE0047FBC)
TACBC 000:104.338   CPU_ReadMem(4 bytes @ 0xE0047FCC)
TACBC 000:105.016   [0][1]: E0047000 CID B105900D PID 003BB908 DEVARCH 00000000 DEVTYPE 12 CSTF
TACBC 000:105.056   CPU_ReadMem(32 bytes @ 0xE0048FE0)
TACBC 000:105.820   CPU_ReadMem(4 bytes @ 0xE0048FBC)
TACBC 000:106.394   CPU_ReadMem(4 bytes @ 0xE0048FCC)
TACBC 000:106.984   [0][2]: E0048000 CID B105900D PID 001BB961 DEVARCH 00000000 DEVTYPE 21 TMC
TACBC 000:106.996   CPU_ReadMem(32 bytes @ 0xE0049FE0)
TACBC 000:107.719   [0][3]: E0049000 CID B105F00D PID 001BB101 TSG
TACBC 000:107.737   CPU_ReadMem(32 bytes @ 0xE0040FE0)
TACBC 000:108.481   CPU_ReadMem(4 bytes @ 0xE0040FBC)
TACBC 000:109.101   CPU_ReadMem(4 bytes @ 0xE0040FCC)
TACBC 000:109.737   [0][4]: E0040000 CID B105900D PID 000BBD21 DEVARCH 00000000 DEVTYPE 11 TPIU
TACBC 000:109.752   CPU_ReadMem(32 bytes @ 0xE00FFFE0)
TACBC 000:110.488   [0][5]: E00FF000 CID B105100D PID 000BB4C9 ROM Table
TACBC 000:110.500   ROMTbl[1] @ E00FF000
TACBC 000:110.509   CPU_ReadMem(64 bytes @ 0xE00FF000)
TACBC 000:111.396   CPU_ReadMem(32 bytes @ 0xE000EFE0)
TACBC 000:112.148   CPU_ReadMem(4 bytes @ 0xE000EFBC)
TACBC 000:112.822   CPU_ReadMem(4 bytes @ 0xE000EFCC)
TACBC 000:113.396   [1][0]: E000E000 CID B105900D PID 000BBD21 DEVARCH 47702A04 DEVTYPE 00 Cortex-M33
TACBC 000:113.406   CPU_ReadMem(32 bytes @ 0xE0001FE0)
TACBC 000:114.144   CPU_ReadMem(4 bytes @ 0xE0001FBC)
TACBC 000:114.751   CPU_ReadMem(4 bytes @ 0xE0001FCC)
TACBC 000:115.319   [1][1]: E0001000 CID B105900D PID 000BBD21 DEVARCH 47701A02 DEVTYPE 00 DWT
TACBC 000:115.338   CPU_ReadMem(32 bytes @ 0xE0002FE0)
TACBC 000:116.097   CPU_ReadMem(4 bytes @ 0xE0002FBC)
TACBC 000:116.690   CPU_ReadMem(4 bytes @ 0xE0002FCC)
TACBC 000:117.295   [1][2]: E0002000 CID B105900D PID 000BBD21 DEVARCH 47701A03 DEVTYPE 00 FPB
TACBC 000:117.319   CPU_ReadMem(32 bytes @ 0xE0000FE0)
TACBC 000:118.043   CPU_ReadMem(4 bytes @ 0xE0000FBC)
TACBC 000:118.642   CPU_ReadMem(4 bytes @ 0xE0000FCC)
TACBC 000:119.220   [1][3]: E0000000 CID B105900D PID 000BBD21 DEVARCH 47701A01 DEVTYPE 43 ITM
TACBC 000:119.230   CPU_ReadMem(32 bytes @ 0xE0041FE0)
TACBC 000:119.950   CPU_ReadMem(4 bytes @ 0xE0041FBC)
TACBC 000:120.585   CPU_ReadMem(4 bytes @ 0xE0041FCC)
TACBC 000:121.226   [1][5]: E0041000 CID B105900D PID 002BBD21 DEVARCH 47724A13 DEVTYPE 13 ETM
TACBC 000:121.248   CPU_ReadMem(32 bytes @ 0xE0042FE0)
TACBC 000:122.004   CPU_ReadMem(4 bytes @ 0xE0042FBC)
TACBC 000:122.652   CPU_ReadMem(4 bytes @ 0xE0042FCC)
TACBC 000:123.248   [1][6]: E0042000 CID B105900D PID 000BBD21 DEVARCH 47701A14 DEVTYPE 14 CSS600-CTI
TACBC 000:123.294   CPU_ReadMem(4 bytes @ 0xE000EDF0)
TACBC 000:123.848   Data:  01 00 10 01
TACBC 000:123.861   Debug reg: DHCSR
TACBC 000:123.871 - 58.313ms returns 0
TACBC 000:123.916 JLINK_ReadMem(0x400E002C, 0x4 Bytes, ...)
TACBC 000:123.926   CPU_ReadMem(4 bytes @ 0x400E002C)
TACBC 000:124.500   Data:  02 00 00 00
TACBC 000:124.513 - 0.596ms returns 0
TACBC 000:124.538 JLINK_ReadMem(0xE000EDF0, 0x4 Bytes, ...)
TACBC 000:124.547   CPU_ReadMem(4 bytes @ 0xE000EDF0)
TACBC 000:125.173   Data:  01 00 10 01
TACBC 000:125.188   Debug reg: DHCSR
TACBC 000:125.196 - 0.658ms returns 0
TACBC 000:125.232 JLINK_ReadMem(0xE000EDF0, 0x4 Bytes, ...)
TACBC 000:125.242   CPU_ReadMem(4 bytes @ 0xE000EDF0)
TACBC 000:125.871   Data:  01 00 10 01
TACBC 000:125.884   Debug reg: DHCSR
TACBC 000:125.893 - 0.661ms returns 0
TACBC 000:125.901 JLINK_ReadMem(0x400E001C, 0x4 Bytes, ...)
TACBC 000:125.909   CPU_ReadMem(4 bytes @ 0x400E001C)
TACBC 000:126.470   Data:  00 FC FF 00
TACBC 000:126.482 - 0.581ms returns 0
TACBC 000:126.493 JLINK_ReadMem(0xE000EDF0, 0x4 Bytes, ...)
TACBC 000:126.502   CPU_ReadMem(4 bytes @ 0xE000EDF0)
TACBC 000:127.070   Data:  01 00 10 01
TACBC 000:127.090   Debug reg: DHCSR
TACBC 000:127.099 - 0.605ms returns 0
TACBC 000:127.108 JLINK_ReadMem(0x400E0018, 0x4 Bytes, ...)
TACBC 000:127.118   CPU_ReadMem(4 bytes @ 0x400E0018)
TACBC 000:127.690   Data:  00 80 FF 00
TACBC 000:127.706 - 0.597ms returns 0
TACBC 000:127.721 JLINK_ReadMem(0xE000EDF0, 0x4 Bytes, ...)
TACBC 000:127.731   CPU_ReadMem(4 bytes @ 0xE000EDF0)
TACBC 000:128.317   Data:  01 00 10 01
TACBC 000:128.327   Debug reg: DHCSR
TACBC 000:128.336 - 0.615ms returns 0
TACBC 000:128.426 JLINK_ReadMem(0x400E0020, 0x4 Bytes, ...)
TACBC 000:128.434   CPU_ReadMem(4 bytes @ 0x400E0020)
TACBC 000:129.046   Data:  00 FC 00 00
TACBC 000:129.093 - 0.660ms returns 0
TACBC 000:129.120 JLINK_ReadMem(0xE000EDF0, 0x4 Bytes, ...)
TACBC 000:129.132   CPU_ReadMem(4 bytes @ 0xE000EDF0)
TACBC 000:129.722   Data:  01 00 10 01
TACBC 000:129.743   Debug reg: DHCSR
TACBC 000:129.751 - 0.630ms returns 0
TACBC 000:129.763 JLINK_ReadMem(0x400E0028, 0x4 Bytes, ...)
TACBC 000:129.773   CPU_ReadMem(4 bytes @ 0x400E0028)
TACBC 000:130.338   Data:  00 FC 1F 00
TACBC 000:130.350 - 0.586ms returns 0
TACBC 000:130.364 JLINK_ReadMem(0xE000EDF0, 0x4 Bytes, ...)
TACBC 000:130.372   CPU_ReadMem(4 bytes @ 0xE000EDF0)
TACBC 000:130.946   Data:  01 00 10 01
TACBC 000:130.962   Debug reg: DHCSR
TACBC 000:130.970 - 0.606ms returns 0
TACBC 000:130.980 JLINK_ReadMem(0x400E0024, 0x4 Bytes, ...)
TACBC 000:130.989   CPU_ReadMem(4 bytes @ 0x400E0024)
TACBC 000:131.570   Data:  00 E0 1F 00
TACBC 000:131.587 - 0.607ms returns 0
TACBC 000:131.602 JLINK_ReadMem(0xE000EDF0, 0x4 Bytes, ...)
TACBC 000:131.611   CPU_ReadMem(4 bytes @ 0xE000EDF0)
TACBC 000:132.200   Data:  01 00 10 01
TACBC 000:132.211   Debug reg: DHCSR
TACBC 000:132.220 - 0.618ms returns 0
TACBC 000:132.228 JLINK_ReadMem(0x400E002C, 0x4 Bytes, ...)
TACBC 000:132.235   CPU_ReadMem(4 bytes @ 0x400E002C)
TACBC 000:132.837   Data:  02 00 00 00
TACBC 000:132.847 - 0.618ms returns 0
TACBC 000:132.856 JLINK_ReadMem(0xE000EDF0, 0x4 Bytes, ...)
TACBC 000:132.863   CPU_ReadMem(4 bytes @ 0xE000EDF0)
TACBC 000:133.467   Data:  01 00 10 01
TACBC 000:133.485   Debug reg: DHCSR
TACBC 000:133.494 - 0.638ms returns 0
TACBC 000:133.505 JLINK_ReadMem(0x400E002C, 0x4 Bytes, ...)
TACBC 000:133.514   CPU_ReadMem(4 bytes @ 0x400E002C)
TACBC 000:134.083   Data:  02 00 00 00
TACBC 000:134.096 - 0.592ms returns 0
TACBC 000:138.685 JLINK_Close()
TACBC 000:154.872 - 16.186ms
TACBC 000:154.904   
TACBC 000:154.911   Closed
