Archive member included to satisfy reference by file (symbol)

C:/Renesas/RA/e2studio_v2025-04_fsp_v5.9.0/toolchains/gcc_arm/13.2.rel1/bin/../lib/gcc/arm-none-eabi/13.2.1/thumb/v8-m.main+fp/hard\libgcc.a(_arm_muldf3.o)
                              ./src/hal_entry.o (__aeabi_dmul)
C:/Renesas/RA/e2studio_v2025-04_fsp_v5.9.0/toolchains/gcc_arm/13.2.rel1/bin/../lib/gcc/arm-none-eabi/13.2.1/thumb/v8-m.main+fp/hard\libgcc.a(_arm_addsubdf3.o)
                              ./src/hal_entry.o (__aeabi_f2d)
C:/Renesas/RA/e2studio_v2025-04_fsp_v5.9.0/toolchains/gcc_arm/13.2.rel1/bin/../lib/gcc/arm-none-eabi/13.2.1/thumb/v8-m.main+fp/hard\libgcc.a(_arm_fixunsdfsi.o)
                              ./src/hal_entry.o (__aeabi_d2uiz)
C:/Renesas/RA/e2studio_v2025-04_fsp_v5.9.0/toolchains/gcc_arm/13.2.rel1/bin/../lib/gcc/arm-none-eabi/13.2.1/thumb/v8-m.main+fp/hard\libgcc.a(_aeabi_ldivmod.o)
                              ./ra/fsp/src/r_sci_uart/r_sci_uart.o (__aeabi_ldivmod)
C:/Renesas/RA/e2studio_v2025-04_fsp_v5.9.0/toolchains/gcc_arm/13.2.rel1/bin/../lib/gcc/arm-none-eabi/13.2.1/thumb/v8-m.main+fp/hard\libgcc.a(_udivmoddi4.o)
                              C:/Renesas/RA/e2studio_v2025-04_fsp_v5.9.0/toolchains/gcc_arm/13.2.rel1/bin/../lib/gcc/arm-none-eabi/13.2.1/thumb/v8-m.main+fp/hard\libgcc.a(_aeabi_ldivmod.o) (__udivmoddi4)
C:/Renesas/RA/e2studio_v2025-04_fsp_v5.9.0/toolchains/gcc_arm/13.2.rel1/bin/../lib/gcc/arm-none-eabi/13.2.1/thumb/v8-m.main+fp/hard\libgcc.a(_dvmd_tls.o)
                              C:/Renesas/RA/e2studio_v2025-04_fsp_v5.9.0/toolchains/gcc_arm/13.2.rel1/bin/../lib/gcc/arm-none-eabi/13.2.1/thumb/v8-m.main+fp/hard\libgcc.a(_aeabi_ldivmod.o) (__aeabi_ldiv0)
C:/Renesas/RA/e2studio_v2025-04_fsp_v5.9.0/toolchains/gcc_arm/13.2.rel1/bin/../lib/gcc/arm-none-eabi/13.2.1/thumb/v8-m.main+fp/hard\libg_nano.a(libc_a-exit.o)
                              C:/Renesas/RA/e2studio_v2025-04_fsp_v5.9.0/toolchains/gcc_arm/13.2.rel1/bin/../lib/gcc/arm-none-eabi/13.2.1/thumb/v8-m.main+fp/hard/crt0.o (exit)
C:/Renesas/RA/e2studio_v2025-04_fsp_v5.9.0/toolchains/gcc_arm/13.2.rel1/bin/../lib/gcc/arm-none-eabi/13.2.1/thumb/v8-m.main+fp/hard\libg_nano.a(libc_a-nano-vfprintf_float.o)
                              (_printf_float)
C:/Renesas/RA/e2studio_v2025-04_fsp_v5.9.0/toolchains/gcc_arm/13.2.rel1/bin/../lib/gcc/arm-none-eabi/13.2.1/thumb/v8-m.main+fp/hard\libg_nano.a(libc_a-nano-vfprintf_i.o)
                              C:/Renesas/RA/e2studio_v2025-04_fsp_v5.9.0/toolchains/gcc_arm/13.2.rel1/bin/../lib/gcc/arm-none-eabi/13.2.1/thumb/v8-m.main+fp/hard\libg_nano.a(libc_a-nano-vfprintf_float.o) (_printf_common)
C:/Renesas/RA/e2studio_v2025-04_fsp_v5.9.0/toolchains/gcc_arm/13.2.rel1/bin/../lib/gcc/arm-none-eabi/13.2.1/thumb/v8-m.main+fp/hard\libg_nano.a(libc_a-findfp.o)
                              C:/Renesas/RA/e2studio_v2025-04_fsp_v5.9.0/toolchains/gcc_arm/13.2.rel1/bin/../lib/gcc/arm-none-eabi/13.2.1/thumb/v8-m.main+fp/hard\libg_nano.a(libc_a-exit.o) (__stdio_exit_handler)
C:/Renesas/RA/e2studio_v2025-04_fsp_v5.9.0/toolchains/gcc_arm/13.2.rel1/bin/../lib/gcc/arm-none-eabi/13.2.1/thumb/v8-m.main+fp/hard\libg_nano.a(libc_a-fwalk.o)
                              C:/Renesas/RA/e2studio_v2025-04_fsp_v5.9.0/toolchains/gcc_arm/13.2.rel1/bin/../lib/gcc/arm-none-eabi/13.2.1/thumb/v8-m.main+fp/hard\libg_nano.a(libc_a-findfp.o) (_fwalk_sglue)
C:/Renesas/RA/e2studio_v2025-04_fsp_v5.9.0/toolchains/gcc_arm/13.2.rel1/bin/../lib/gcc/arm-none-eabi/13.2.1/thumb/v8-m.main+fp/hard\libg_nano.a(libc_a-printf.o)
                              ./src/hal_entry.o (printf)
C:/Renesas/RA/e2studio_v2025-04_fsp_v5.9.0/toolchains/gcc_arm/13.2.rel1/bin/../lib/gcc/arm-none-eabi/13.2.1/thumb/v8-m.main+fp/hard\libg_nano.a(libc_a-puts.o)
                              ./src/hal_entry.o (puts)
C:/Renesas/RA/e2studio_v2025-04_fsp_v5.9.0/toolchains/gcc_arm/13.2.rel1/bin/../lib/gcc/arm-none-eabi/13.2.1/thumb/v8-m.main+fp/hard\libg_nano.a(libc_a-stdio.o)
                              C:/Renesas/RA/e2studio_v2025-04_fsp_v5.9.0/toolchains/gcc_arm/13.2.rel1/bin/../lib/gcc/arm-none-eabi/13.2.1/thumb/v8-m.main+fp/hard\libg_nano.a(libc_a-findfp.o) (__sread)
C:/Renesas/RA/e2studio_v2025-04_fsp_v5.9.0/toolchains/gcc_arm/13.2.rel1/bin/../lib/gcc/arm-none-eabi/13.2.1/thumb/v8-m.main+fp/hard\libg_nano.a(libc_a-wbuf.o)
                              C:/Renesas/RA/e2studio_v2025-04_fsp_v5.9.0/toolchains/gcc_arm/13.2.rel1/bin/../lib/gcc/arm-none-eabi/13.2.1/thumb/v8-m.main+fp/hard\libg_nano.a(libc_a-puts.o) (__swbuf_r)
C:/Renesas/RA/e2studio_v2025-04_fsp_v5.9.0/toolchains/gcc_arm/13.2.rel1/bin/../lib/gcc/arm-none-eabi/13.2.1/thumb/v8-m.main+fp/hard\libg_nano.a(libc_a-wsetup.o)
                              C:/Renesas/RA/e2studio_v2025-04_fsp_v5.9.0/toolchains/gcc_arm/13.2.rel1/bin/../lib/gcc/arm-none-eabi/13.2.1/thumb/v8-m.main+fp/hard\libg_nano.a(libc_a-puts.o) (__swsetup_r)
[...]
Memory Configuration

Name             Origin             Length             Attributes
ITCM             0x00000000         0x00000000         xr
DTCM             0x00000000         0x00000000         xrw
FLASH            0x00000000         0x00080000         xr
RAM              0x20000000         0x00020000         xrw
DATA_FLASH       0x08000000         0x00002000         xr
QSPI_FLASH       0x60000000         0x04000000         xr
OSPI_DEVICE_0    0x80020000         0x00000000         xr
OSPI_DEVICE_1    0x80030000         0x00000000         xr
OSPI_DEVICE_0_RAM 0x80020000         0x00000000         xrw
OSPI_DEVICE_1_RAM 0x80030000         0x00000000         xrw
SDRAM            0x80010000         0x00000000         xrw
OPTION_SETTING   0x0100a100         0x00000100         r
OPTION_SETTING_OFS 0x0100a100         0x00000018         r
OPTION_SETTING_SAS 0x0100a134         0x000000cc         r
OPTION_SETTING_S 0x0100a200         0x00000100         r
ID_CODE          0x00000000         0x00000000         xr
*default*        0x00000000         0xffffffff

Linker script and memory map

LOAD C:/Renesas/RA/e2studio_v2025-04_fsp_v5.9.0/toolchains/gcc_arm/13.2.rel1/bin/../lib/gcc/arm-none-eabi/13.2.1/thumb/v8-m.main+fp/hard/crti.o
LOAD C:/Renesas/RA/e2studio_v2025-04_fsp_v5.9.0/toolchains/gcc_arm/13.2.rel1/bin/../lib/gcc/arm-none-eabi/13.2.1/thumb/v8-m.main+fp/hard/crtbegin.o
LOAD C:/Renesas/RA/e2studio_v2025-04_fsp_v5.9.0/toolchains/gcc_arm/13.2.rel1/bin/../lib/gcc/arm-none-eabi/13.2.1/thumb/v8-m.main+fp/hard/crt0.o
START GROUP
LOAD ./src/hal_entry.o
LOAD ./src/lsm6dsv16x_reg.o
LOAD ./src/oled.o
LOAD ./ra_gen/common_data.o
LOAD ./ra_gen/hal_data.o
LOAD ./ra_gen/main.o
LOAD ./ra_gen/pin_data.o
LOAD ./ra_gen/vector_data.o
LOAD ./ra/fsp/src/r_sci_uart/r_sci_uart.o
LOAD ./ra/fsp/src/r_sci_i2c/r_sci_i2c.o
LOAD ./ra/fsp/src/r_ioport/r_ioport.o
LOAD ./ra/fsp/src/r_icu/r_icu.o
LOAD ./ra/fsp/src/bsp/mcu/all/bsp_clocks.o
LOAD ./ra/fsp/src/bsp/mcu/all/bsp_common.o
LOAD ./ra/fsp/src/bsp/mcu/all/bsp_delay.o
LOAD ./ra/fsp/src/bsp/mcu/all/bsp_group_irq.o
LOAD ./ra/fsp/src/bsp/mcu/all/bsp_guard.o
LOAD ./ra/fsp/src/bsp/mcu/all/bsp_io.o
LOAD ./ra/fsp/src/bsp/mcu/all/bsp_irq.o
LOAD ./ra/fsp/src/bsp/mcu/all/bsp_macl.o
LOAD ./ra/fsp/src/bsp/mcu/all/bsp_register_protection.o
LOAD ./ra/fsp/src/bsp/mcu/all/bsp_rom_registers.o
LOAD ./ra/fsp/src/bsp/mcu/all/bsp_sbrk.o
LOAD ./ra/fsp/src/bsp/mcu/all/bsp_sdram.o
LOAD ./ra/fsp/src/bsp/mcu/all/bsp_security.o
LOAD ./ra/fsp/src/bsp/cmsis/Device/RENESAS/Source/startup.o
LOAD ./ra/fsp/src/bsp/cmsis/Device/RENESAS/Source/system.o
END GROUP
START GROUP
LOAD C:/Renesas/RA/e2studio_v2025-04_fsp_v5.9.0/toolchains/gcc_arm/13.2.rel1/bin/../lib/gcc/arm-none-eabi/13.2.1/thumb/v8-m.main+fp/hard\libgcc.a
LOAD C:/Renesas/RA/e2studio_v2025-04_fsp_v5.9.0/toolchains/gcc_arm/13.2.rel1/bin/../lib/gcc/arm-none-eabi/13.2.1/thumb/v8-m.main+fp/hard\libg_nano.a
LOAD C:/Renesas/RA/e2studio_v2025-04_fsp_v5.9.0/toolchains/gcc_arm/13.2.rel1/bin/../lib/gcc/arm-none-eabi/13.2.1/thumb/v8-m.main+fp/hard\libc_nano.a
END GROUP
START GROUP
LOAD C:/Renesas/RA/e2studio_v2025-04_fsp_v5.9.0/toolchains/gcc_arm/13.2.rel1/bin/../lib/gcc/arm-none-eabi/13.2.1/thumb/v8-m.main+fp/hard\libgcc.a
LOAD C:/Renesas/RA/e2studio_v2025-04_fsp_v5.9.0/toolchains/gcc_arm/13.2.rel1/bin/../lib/gcc/arm-none-eabi/13.2.1/thumb/v8-m.main+fp/hard\libc_nano.a
LOAD C:/Renesas/RA/e2studio_v2025-04_fsp_v5.9.0/toolchains/gcc_arm/13.2.rel1/bin/../lib/gcc/arm-none-eabi/13.2.1/thumb/v8-m.main+fp/hard\libnosys.a
END GROUP
START GROUP
LOAD C:/Renesas/RA/e2studio_v2025-04_fsp_v5.9.0/toolchains/gcc_arm/13.2.rel1/bin/../lib/gcc/arm-none-eabi/13.2.1/thumb/v8-m.main+fp/hard\libgcc.a
LOAD C:/Renesas/RA/e2studio_v2025-04_fsp_v5.9.0/toolchains/gcc_arm/13.2.rel1/bin/../lib/gcc/arm-none-eabi/13.2.1/thumb/v8-m.main+fp/hard\libc_nano.a
LOAD C:/Renesas/RA/e2studio_v2025-04_fsp_v5.9.0/toolchains/gcc_arm/13.2.rel1/bin/../lib/gcc/arm-none-eabi/13.2.1/thumb/v8-m.main+fp/hard\libnosys.a
END GROUP
LOAD C:/Renesas/RA/e2studio_v2025-04_fsp_v5.9.0/toolchains/gcc_arm/13.2.rel1/bin/../lib/gcc/arm-none-eabi/13.2.1/thumb/v8-m.main+fp/hard/crtend.o
LOAD C:/Renesas/RA/e2studio_v2025-04_fsp_v5.9.0/toolchains/gcc_arm/13.2.rel1/bin/../lib/gcc/arm-none-eabi/13.2.1/thumb/v8-m.main+fp/hard/crtn.o
                0x20000000                        RAM_START = 0x20000000
                0x00020000                        RAM_LENGTH = 0x20000
                0x00000000                        FLASH_START = 0x0
                0x00080000                        FLASH_LENGTH = 0x80000
                0x08000000                        DATA_FLASH_START = 0x8000000
                0x00002000                        DATA_FLASH_LENGTH = 0x2000
                0x0100a100                        OPTION_SETTING_START = 0x100a100
                0x00000100                        OPTION_SETTING_LENGTH = 0x100
                0x0100a200                        OPTION_SETTING_S_START = 0x100a200
                0x00000100                        OPTION_SETTING_S_LENGTH = 0x100
                0x00000000                        ID_CODE_START = 0x0
                0x00000000                        ID_CODE_LENGTH = 0x0
                0x80010000                        SDRAM_START = 0x80010000
                0x00000000                        SDRAM_LENGTH = 0x0
                0x60000000                        QSPI_FLASH_START = 0x60000000
                0x04000000                        QSPI_FLASH_LENGTH = 0x4000000
                0x80020000                        OSPI_DEVICE_0_START = 0x80020000
                0x00000000                        OSPI_DEVICE_0_LENGTH = 0x0
                0x80030000                        OSPI_DEVICE_1_START = 0x80030000
                0x00000000                        OSPI_DEVICE_1_LENGTH = 0x0
                0x04000000                        QSPI_FLASH_PRV_LENGTH = DEFINED (QSPI_FLASH_SIZE)?ABSOLUTE (QSPI_FLASH_SIZE):ABSOLUTE (QSPI_FLASH_LENGTH)
                0x00000000                        OSPI_DEVICE_0_PRV_LENGTH = DEFINED (OSPI_DEVICE_0_SIZE)?ABSOLUTE (OSPI_DEVICE_0_SIZE):ABSOLUTE (OSPI_DEVICE_0_LENGTH)
                0x00000000                        OSPI_DEVICE_1_PRV_LENGTH = DEFINED (OSPI_DEVICE_1_SIZE)?ABSOLUTE (OSPI_DEVICE_1_SIZE):ABSOLUTE (OSPI_DEVICE_1_LENGTH)
                0x00000000                        __RESERVE_NS_RAM = ((! (DEFINED (PROJECT_NONSECURE)) && DEFINED (RAM_NS_BUFFER_LENGTH)) && (OPTION_SETTING_S_LENGTH != 0x0))
                0x00000000                        ITCM_START = DEFINED (ITCM_START)?ITCM_START:0x0
                0x00000000                        ITCM_LENGTH = DEFINED (ITCM_LENGTH)?ITCM_LENGTH:0x0
                0x00000000                        DTCM_START = DEFINED (DTCM_START)?DTCM_START:0x0
                0x00000000                        DTCM_LENGTH = DEFINED (DTCM_LENGTH)?DTCM_LENGTH:0x0
                0x00000000                        RAM_NS_BUFFER_BLOCK_LENGTH = DEFINED (RAM_NS_BUFFER_LENGTH)?ALIGN (RAM_NS_BUFFER_LENGTH, 0x2000):0x0
                0x00000000                        RAM_NS_BUFFER_LENGTH = DEFINED (RAM_NS_BUFFER_LENGTH)?RAM_NS_BUFFER_LENGTH:0x0
                0x20020000                        RAM_NS_BUFFER_START = ((RAM_START + RAM_LENGTH) - RAM_NS_BUFFER_LENGTH)
                0x20020000                        RAM_NS_BUFFER_BLOCK_START = ((RAM_START + RAM_LENGTH) - RAM_NS_BUFFER_BLOCK_LENGTH)
                0x0100a180                        OPTION_SETTING_START_NS = DEFINED (PROJECT_NONSECURE)?OPTION_SETTING_START:(OPTION_SETTING_START + 0x80)
                0x00000001                        __bl_FSP_BOOTABLE_IMAGE = 0x1
                0x00000001                        __bln_FSP_BOOTABLE_IMAGE = 0x1
                0x00000001                        PROJECT_SECURE_OR_FLAT = (((! (DEFINED (PROJECT_NONSECURE)) || DEFINED (PROJECT_SECURE)) && OPTION_SETTING_LENGTH) && ! (DEFINED (FSP_BOOTABLE_IMAGE)))
                0x00000000                        USE_OPTION_SETTING_NS = (DEFINED (PROJECT_NONSECURE) && ! (DEFINED (FSP_BOOTABLE_IMAGE)))
                0x00000000                        __bl_FLASH_IMAGE_START = ! (DEFINED (FLASH_BOOTLOADER_LENGTH))?0x0:(FLASH_APPLICATION_IMAGE_NUMBER == 0x1)?((FLASH_START + FLASH_BOOTLOADER_LENGTH) + FLASH_BOOTLOADER_HEADER_LENGTH):(DEFINED (BOOTLOADER_SECONDARY_USE_QSPI) || DEFINED (BOOTLOADER_SECONDARY_USE_OSPI_B))?(((FLASH_START + FLASH_BOOTLOADER_LENGTH) + FLASH_BOOTLOADER_SCRATCH_LENGTH) + FLASH_BOOTLOADER_HEADER_LENGTH):((((FLASH_START + FLASH_BOOTLOADER_LENGTH) + FLASH_BOOTLOADER_SCRATCH_LENGTH) + FLASH_APPLICATION_S_LENGTH) + FLASH_BOOTLOADER_HEADER_LENGTH)
                0x00000000                        __bl_FLASH_IMAGE_LENGTH = ! (DEFINED (FLASH_BOOTLOADER_LENGTH))?0x0:(FLASH_APPLICATION_S_LENGTH - FLASH_BOOTLOADER_HEADER_LENGTH)
                0x00000000                        __bl_FLASH_IMAGE_END = (__bl_FLASH_IMAGE_START + __bl_FLASH_IMAGE_LENGTH)
                0x00000000                        __bl_XIP_SECONDARY_FLASH_IMAGE_START = ! (DEFINED (FLASH_BOOTLOADER_LENGTH))?0x0:(((FLASH_START + FLASH_BOOTLOADER_LENGTH) + FLASH_APPLICATION_S_LENGTH) + FLASH_BOOTLOADER_HEADER_LENGTH)
                0x00000000                        __bl_XIP_SECONDARY_FLASH_IMAGE_END = (__bl_XIP_SECONDARY_FLASH_IMAGE_START + __bl_FLASH_IMAGE_LENGTH)
                0x00000000                        __bl_FLASH_IMAGE_START_FROM_MMF_REGION = DEFINED (BOOT_IMAGE_FROM_MMF_REGION)?BOOT_IMAGE_FROM_MMF_REGION:0x0
                0x00000000                        __bl_MEMORY_MIRROR_REGION_START = DEFINED (MMF_REGION_START_ADDR)?MMF_REGION_START_ADDR:0x0
                0x00000000                        __bl_FLASH_NS_START = ! (DEFINED (FLASH_BOOTLOADER_LENGTH))?0x0:(FLASH_APPLICATION_NS_LENGTH == 0x0)?__bl_FLASH_IMAGE_END:((__bl_FLASH_IMAGE_START - FLASH_BOOTLOADER_HEADER_LENGTH) + FLASH_APPLICATION_S_LENGTH)
                0x00000000                        __bl_FLASH_NSC_START = ! (DEFINED (FLASH_BOOTLOADER_LENGTH))?0x0:(FLASH_APPLICATION_NS_LENGTH == 0x0)?__bl_FLASH_IMAGE_END:(__bl_FLASH_IMAGE_END - FLASH_APPLICATION_NSC_LENGTH)
                0x00000000                        __bl_RAM_NS_START = ! (DEFINED (FLASH_BOOTLOADER_LENGTH))?0x0:(FLASH_APPLICATION_NS_LENGTH == 0x0)?(RAM_START + RAM_LENGTH):((RAM_START + RAM_LENGTH) - RAM_APPLICATION_NS_LENGTH)
                0x00000000                        __bl_RAM_NSC_START = ! (DEFINED (FLASH_BOOTLOADER_LENGTH))?0x0:(FLASH_APPLICATION_NS_LENGTH == 0x0)?(RAM_START + RAM_LENGTH):(__bl_RAM_NS_START - RAM_APPLICATION_NSC_LENGTH)
                0x00000000                        __bl_FLASH_NS_IMAGE_START = ! (DEFINED (FLASH_BOOTLOADER_LENGTH))?0x0:(FLASH_APPLICATION_NS_LENGTH == 0x0)?__bl_FLASH_IMAGE_END:(__bl_FLASH_NS_START + FLASH_BOOTLOADER_HEADER_LENGTH_2)
                0x00000000                        __bln_FLASH_IMAGE_START = (__bl_FLASH_NS_IMAGE_START | ! (DEFINED (NS_OFFSET_START))?0x0:NS_OFFSET_START)
                0x00000000                        __bln_FLASH_IMAGE_LENGTH = ! (DEFINED (FLASH_BOOTLOADER_LENGTH))?0x0:(FLASH_APPLICATION_NS_LENGTH == 0x0)?__bl_FLASH_IMAGE_END:(FLASH_APPLICATION_NS_LENGTH - FLASH_BOOTLOADER_HEADER_LENGTH_2)
                0x00000000                        XIP_SECONDARY_SLOT_IMAGE = DEFINED (XIP_SECONDARY_SLOT_IMAGE)?XIP_SECONDARY_SLOT_IMAGE:0x0
                0x00000000                        FLASH_IMAGE_START_FROM_MMF_REGION = ! (DEFINED (FLASH_IMAGE_START_FROM_MMF_REGION))?0x0:FLASH_IMAGE_START_FROM_MMF_REGION
                0x00000000                        MEMORY_MIRROR_REGION_START = ! (DEFINED (MEMORY_MIRROR_REGION_START))?0x0:MEMORY_MIRROR_REGION_START
                0x00000000                        FLASH_ORIGIN = ! (DEFINED (FLASH_IMAGE_START))?FLASH_START:(XIP_SECONDARY_SLOT_IMAGE == 0x1)?XIP_SECONDARY_FLASH_IMAGE_START:(FLASH_IMAGE_START_FROM_MMF_REGION == 0x1)?MEMORY_MIRROR_REGION_START:FLASH_IMAGE_START
                0x00080000                        LIMITED_FLASH_LENGTH = DEFINED (FLASH_IMAGE_LENGTH)?FLASH_IMAGE_LENGTH:DEFINED (FLASH_BOOTLOADER_LENGTH)?FLASH_BOOTLOADER_LENGTH:FLASH_LENGTH
                0x00000034                        OPTION_SETTING_SAS_SIZE = 0x34
                0x000000cc                        OPTION_SETTING_SAS_LENGTH = ! (DEFINED (OPTION_SETTING_LENGTH))?0x0:(OPTION_SETTING_LENGTH == 0x0)?0x0:(OPTION_SETTING_LENGTH - OPTION_SETTING_SAS_SIZE)
START GROUP
LOAD C:/Renesas/RA/e2studio_v2025-04_fsp_v5.9.0/toolchains/gcc_arm/13.2.rel1/bin/../lib/gcc/arm-none-eabi/13.2.1/thumb/v8-m.main+fp/hard\libgcc.a
LOAD C:/Renesas/RA/e2studio_v2025-04_fsp_v5.9.0/toolchains/gcc_arm/13.2.rel1/bin/../lib/gcc/arm-none-eabi/13.2.1/thumb/v8-m.main+fp/hard\libc.a
LOAD C:/Renesas/RA/e2studio_v2025-04_fsp_v5.9.0/toolchains/gcc_arm/13.2.rel1/bin/../lib/gcc/arm-none-eabi/13.2.1/thumb/v8-m.main+fp/hard\libm.a
END GROUP

.text           0x00000000     0x84e0
                0x00000000                        __tz_FLASH_S = ABSOLUTE (FLASH_START)
                0x00000000                        __ROM_Start = .
 *(.fixed_vectors*)
 .fixed_vectors
                0x00000000       0x40 ./ra/fsp/src/bsp/cmsis/Device/RENESAS/Source/startup.o
                0x00000000                __Vectors
 *(.application_vectors*)
 .application_vectors
                0x00000040       0x2c ./ra_gen/vector_data.o
                0x00000040                g_vector_table
                0x0000006c                        __Vectors_End = .
 *(.flash_gap*)
                0x0000006c                        . = (OPTION_SETTING_LENGTH > 0x0)?.:(__ROM_Start + 0x400)
 *(.rom_registers*)
 *(.mcuboot_sce9_key*)
 *(.text*)
 .text.deregister_tm_clones
                0x0000006c       0x1c C:/Renesas/RA/e2studio_v2025-04_fsp_v5.9.0/toolchains/gcc_arm/13.2.rel1/bin/../lib/gcc/arm-none-eabi/13.2.1/thumb/v8-m.main+fp/hard/crtbegin.o
 .text.register_tm_clones
                0x00000088       0x28 C:/Renesas/RA/e2studio_v2025-04_fsp_v5.9.0/toolchains/gcc_arm/13.2.rel1/bin/../lib/gcc/arm-none-eabi/13.2.1/thumb/v8-m.main+fp/hard/crtbegin.o
 .text.__do_global_dtors_aux
                0x000000b0       0x28 C:/Renesas/RA/e2studio_v2025-04_fsp_v5.9.0/toolchains/gcc_arm/13.2.rel1/bin/../lib/gcc/arm-none-eabi/13.2.1/thumb/v8-m.main+fp/hard/crtbegin.o
 .text.frame_dummy
                0x000000d8       0x24 C:/Renesas/RA/e2studio_v2025-04_fsp_v5.9.0/toolchains/gcc_arm/13.2.rel1/bin/../lib/gcc/arm-none-eabi/13.2.1/thumb/v8-m.main+fp/hard/crtbegin.o
 .text.platform_delay
                0x000000fc        0x8 ./src/hal_entry.o
 .text.platform_read
                0x00000104      0x104 ./src/hal_entry.o
 .text.platform_write
                0x00000208       0xc4 ./src/hal_entry.o
 .text.user_uart_callback0
                0x000002cc       0x98 ./src/hal_entry.o
                0x000002cc                user_uart_callback0
 .text.user_uart_callback
                0x00000364       0x14 ./src/hal_entry.o
                0x00000364                user_uart_callback
 .text._write   0x00000378       0x54 ./src/hal_entry.o
                0x00000378                _write
 .text.sci_i2c_master_callback
                0x000003cc       0x14 ./src/hal_entry.o
                0x000003cc                sci_i2c_master_callback
 .text.external_irq6_callback
                0x000003e0        0xc ./src/hal_entry.o
                0x000003e0                external_irq6_callback
 .text.hal_entry
                0x000003ec      0x704 ./src/hal_entry.o
                0x000003ec                hal_entry
 .text.R_BSP_WarmStart
                0x00000af0       0x18 ./src/hal_entry.o
                0x00000af0                R_BSP_WarmStart
 .text.lsm6dsv16x_read_reg
                0x00000b08       0x18 ./src/lsm6dsv16x_reg.o
                0x00000b08                lsm6dsv16x_read_reg
 .text.lsm6dsv16x_write_reg
                0x00000b20       0x18 ./src/lsm6dsv16x_reg.o
                0x00000b20                lsm6dsv16x_write_reg
 .text.lsm6dsv16x_from_lsb_to_celsius
                0x00000b38       0x14 ./src/lsm6dsv16x_reg.o
                0x00000b38                lsm6dsv16x_from_lsb_to_celsius
 .text.lsm6dsv16x_reset_set
                0x00000b4c       0x68 ./src/lsm6dsv16x_reg.o
                0x00000b4c                lsm6dsv16x_reset_set
 .text.lsm6dsv16x_reset_get
                0x00000bb4       0x5c ./src/lsm6dsv16x_reg.o
                0x00000bb4                lsm6dsv16x_reset_get
 .text.lsm6dsv16x_device_id_get
                0x00000c10       0x10 ./src/lsm6dsv16x_reg.o
                0x00000c10                lsm6dsv16x_device_id_get
 .text.lsm6dsv16x_xl_data_rate_set
                0x00000c20       0x64 ./src/lsm6dsv16x_reg.o
                0x00000c20                lsm6dsv16x_xl_data_rate_set
 .text.lsm6dsv16x_block_data_update_set
                0x00000c84       0x34 ./src/lsm6dsv16x_reg.o
                0x00000c84                lsm6dsv16x_block_data_update_set
 .text.lsm6dsv16x_interrupt_enable_set
                0x00000cb8       0x60 ./src/lsm6dsv16x_reg.o
                0x00000cb8                lsm6dsv16x_interrupt_enable_set
 .text.lsm6dsv16x_xl_full_scale_set
                0x00000d18       0x34 ./src/lsm6dsv16x_reg.o
                0x00000d18                lsm6dsv16x_xl_full_scale_set
 .text.lsm6dsv16x_pin_int1_route_set
                0x00000d4c       0xd8 ./src/lsm6dsv16x_reg.o
                0x00000d4c                lsm6dsv16x_pin_int1_route_set
 .text.lsm6dsv16x_all_sources_get
                0x00000e24      0x338 ./src/lsm6dsv16x_reg.o
                0x00000e24                lsm6dsv16x_all_sources_get
 .text.lsm6dsv16x_temperature_raw_get
                0x0000115c       0x24 ./src/lsm6dsv16x_reg.o
                0x0000115c                lsm6dsv16x_temperature_raw_get
 .text.lsm6dsv16x_tap_detection_set
                0x00001180       0x50 ./src/lsm6dsv16x_reg.o
                0x00001180                lsm6dsv16x_tap_detection_set
 .text.lsm6dsv16x_tap_thresholds_set
                0x000011d0       0xa0 ./src/lsm6dsv16x_reg.o
                0x000011d0                lsm6dsv16x_tap_thresholds_set
 .text.lsm6dsv16x_tap_time_windows_set
                0x00001270       0x2c ./src/lsm6dsv16x_reg.o
                0x00001270                lsm6dsv16x_tap_time_windows_set
 .text.lsm6dsv16x_tap_mode_set
                0x0000129c       0x34 ./src/lsm6dsv16x_reg.o
                0x0000129c                lsm6dsv16x_tap_mode_set
 .text.OLED_WR_Byte
                0x000012d0       0xac ./src/oled.o
                0x000012d0                OLED_WR_Byte
 .text.OLED_ColorTurn
                0x0000137c       0x18 ./src/oled.o
                0x0000137c                OLED_ColorTurn
 .text.OLED_DisplayTurn
                0x00001394       0x34 ./src/oled.o
                0x00001394                OLED_DisplayTurn
 .text.OLED_Refresh
                0x000013c8       0xdc ./src/oled.o
                0x000013c8                OLED_Refresh
 .text.OLED_Clear
                0x000014a4       0x34 ./src/oled.o
                0x000014a4                OLED_Clear
 .text.OLED_DrawPoint
                0x000014d8       0x3c ./src/oled.o
                0x000014d8                OLED_DrawPoint
 .text.OLED_ShowChar
                0x00001514      0x14c ./src/oled.o
                0x00001514                OLED_ShowChar
 .text.OLED_ShowString
                0x00001660       0x4c ./src/oled.o
                0x00001660                OLED_ShowString
 .text.OLED_ShowNum
                0x000016ac       0x9c ./src/oled.o
                0x000016ac                OLED_ShowNum
 .text.OLED_ShowChinese
                0x00001748      0x110 ./src/oled.o
                0x00001748                OLED_ShowChinese
 .text.OLED_ShowPicture
                0x00001858      0x100 ./src/oled.o
                0x00001858                OLED_ShowPicture
 .text.OLED_Init
                0x00001958      0x10c ./src/oled.o
                0x00001958                OLED_Init
 .text.startup.main
                0x00001a64        0xc ./ra_gen/main.o
                0x00001a64                main
 .text.R_SCI_UART_Write
                0x00001a70       0x50 ./ra/fsp/src/r_sci_uart/r_sci_uart.o
                0x00001a70                R_SCI_UART_Write
 .text.r_sci_uart_call_callback
                0x00001ac0       0x44 ./ra/fsp/src/r_sci_uart/r_sci_uart.o
 .text.R_SCI_UART_Open
                0x00001b04      0x3b4 ./ra/fsp/src/r_sci_uart/r_sci_uart.o
                0x00001b04                R_SCI_UART_Open
 .text.sci_uart_txi_isr
                0x00001eb8       0x8c ./ra/fsp/src/r_sci_uart/r_sci_uart.o
                0x00001eb8                sci_uart_txi_isr
 .text.sci_uart_rxi_isr
                0x00001f44       0x90 ./ra/fsp/src/r_sci_uart/r_sci_uart.o
                0x00001f44                sci_uart_rxi_isr
 .text.sci_uart_tei_isr
                0x00001fd4       0x48 ./ra/fsp/src/r_sci_uart/r_sci_uart.o
                0x00001fd4                sci_uart_tei_isr
 .text.sci_uart_eri_isr
                0x0000201c       0x78 ./ra/fsp/src/r_sci_uart/r_sci_uart.o
                0x0000201c                sci_uart_eri_isr
 .text.R_SCI_I2C_SlaveAddressSet
                0x00002094        0xc ./ra/fsp/src/r_sci_i2c/r_sci_i2c.o
                0x00002094                R_SCI_I2C_SlaveAddressSet
 .text.R_SCI_I2C_Read
                0x000020a0       0xa0 ./ra/fsp/src/r_sci_i2c/r_sci_i2c.o
                0x000020a0                R_SCI_I2C_Read
 .text.R_SCI_I2C_Write
                0x00002140       0x9c ./ra/fsp/src/r_sci_i2c/r_sci_i2c.o
                0x00002140                R_SCI_I2C_Write
 .text.R_SCI_I2C_Open
                0x000021dc      0x174 ./ra/fsp/src/r_sci_i2c/r_sci_i2c.o
                0x000021dc                R_SCI_I2C_Open
 .text.sci_i2c_notify
                0x00002350       0x38 ./ra/fsp/src/r_sci_i2c/r_sci_i2c.o
                0x00002350                sci_i2c_notify
 .text.sci_i2c_txi_isr
                0x00002388      0x14c ./ra/fsp/src/r_sci_i2c/r_sci_i2c.o
                0x00002388                sci_i2c_txi_isr
 .text.sci_i2c_tei_isr
                0x000024d4       0xe0 ./ra/fsp/src/r_sci_i2c/r_sci_i2c.o
                0x000024d4                sci_i2c_tei_isr
 .text.R_IOPORT_PinRead
                0x000025b4       0x24 ./ra/fsp/src/r_ioport/r_ioport.o
                0x000025b4                R_IOPORT_PinRead
 .text.R_IOPORT_PinWrite
                0x000025d8       0x20 ./ra/fsp/src/r_ioport/r_ioport.o
                0x000025d8                R_IOPORT_PinWrite
 .text.bsp_vbatt_init
                0x000025f8       0xe8 ./ra/fsp/src/r_ioport/r_ioport.o
 .text.r_ioport_pins_config
                0x000026e0       0xac ./ra/fsp/src/r_ioport/r_ioport.o
 .text.R_IOPORT_Open
                0x0000278c       0x14 ./ra/fsp/src/r_ioport/r_ioport.o
                0x0000278c                R_IOPORT_Open
 .text.R_ICU_ExternalIrqOpen
                0x000027a0       0x80 ./ra/fsp/src/r_icu/r_icu.o
                0x000027a0                R_ICU_ExternalIrqOpen
 .text.R_ICU_ExternalIrqEnable
                0x00002820       0x44 ./ra/fsp/src/r_icu/r_icu.o
                0x00002820                R_ICU_ExternalIrqEnable
 .text.r_icu_isr
                0x00002864       0x74 ./ra/fsp/src/r_icu/r_icu.o
                0x00002864                r_icu_isr
 .text.SystemCoreClockUpdate
                0x000028d8       0x28 ./ra/fsp/src/bsp/mcu/all/bsp_clocks.o
                0x000028d8                SystemCoreClockUpdate
 .text.R_BSP_SubClockStabilizeWaitAfterReset
                0x00002900        0x4 ./ra/fsp/src/bsp/mcu/all/bsp_clocks.o
                0x00002900                R_BSP_SubClockStabilizeWaitAfterReset
 .text.bsp_clock_init
                0x00002904      0x130 ./ra/fsp/src/bsp/mcu/all/bsp_clocks.o
                0x00002904                bsp_clock_init
 .text.R_BSP_Init_RTC
                0x00002a34       0xb0 ./ra/fsp/src/bsp/mcu/all/bsp_clocks.o
                0x00002a34                R_BSP_Init_RTC
 .text.bsp_init_internal
                0x00002ae4        0x4 ./ra/fsp/src/bsp/mcu/all/bsp_common.o
                0x00002ae4                bsp_init_internal
                0x00002ae4                bsp_init
 .text.__assert_func
                0x00002ae8        0x4 ./ra/fsp/src/bsp/mcu/all/bsp_common.o
                0x00002ae8                __assert_func
 .text.bsp_prv_software_delay_loop
                0x00002aec        0xc ./ra/fsp/src/bsp/mcu/all/bsp_delay.o
                0x00002aec                bsp_prv_software_delay_loop
 .text.R_BSP_SoftwareDelay
                0x00002af8       0x58 ./ra/fsp/src/bsp/mcu/all/bsp_delay.o
                0x00002af8                R_BSP_SoftwareDelay
 .text.NMI_Handler
                0x00002b50       0x3c ./ra/fsp/src/bsp/mcu/all/bsp_group_irq.o
                0x00002b50                NMI_Handler
 .text.bsp_irq_cfg
                0x00002b8c       0x94 ./ra/fsp/src/bsp/mcu/all/bsp_irq.o
                0x00002b8c                bsp_irq_cfg
 .text.R_BSP_RegisterProtectEnable
                0x00002c20       0x60 ./ra/fsp/src/bsp/mcu/all/bsp_register_protection.o
                0x00002c20                R_BSP_RegisterProtectEnable
 .text.R_BSP_RegisterProtectDisable
                0x00002c80       0x54 ./ra/fsp/src/bsp/mcu/all/bsp_register_protection.o
                0x00002c80                R_BSP_RegisterProtectDisable
 .text._sbrk    0x00002cd4       0x40 ./ra/fsp/src/bsp/mcu/all/bsp_sbrk.o
                0x00002cd4                _sbrk
 .text.Default_Handler
                0x00002d14        0x4 ./ra/fsp/src/bsp/cmsis/Device/RENESAS/Source/startup.o
                0x00002d14                DebugMon_Handler
                0x00002d14                HardFault_Handler
                0x00002d14                SysTick_Handler
                0x00002d14                PendSV_Handler
                0x00002d14                UsageFault_Handler
                0x00002d14                SecureFault_Handler
                0x00002d14                Default_Handler
                0x00002d14                MemManage_Handler
                0x00002d14                SVC_Handler
                0x00002d14                BusFault_Handler
 .text.Reset_Handler
                0x00002d18        0xc ./ra/fsp/src/bsp/cmsis/Device/RENESAS/Source/startup.o
                0x00002d18                Reset_Handler
 .text.SystemInit
                0x00002d24       0xe0 ./ra/fsp/src/bsp/cmsis/Device/RENESAS/Source/system.o
                0x00002d24                SystemInit
 .text          0x00002e04      0x378 C:/Renesas/RA/e2studio_v2025-04_fsp_v5.9.0/toolchains/gcc_arm/13.2.rel1/bin/../lib/gcc/arm-none-eabi/13.2.1/thumb/v8-m.main+fp/hard\libgcc.a(_arm_addsubdf3.o)
                0x00002e04                __aeabi_drsub
                0x00002e0c                __aeabi_dsub
                0x00002e0c                __subdf3
                0x00002e10                __aeabi_dadd
                0x00002e10                __adddf3
                0x00003088                __floatunsidf
                0x00003088                __aeabi_ui2d
                0x000030a8                __floatsidf
                0x000030a8                __aeabi_i2d
                0x000030cc                __aeabi_f2d
                0x000030cc                __extendsfdf2
                0x00003110                __floatundidf
                0x00003110                __aeabi_ul2d
                0x00003120                __floatdidf
                0x00003120                __aeabi_l2d
 .text          0x0000317c       0x40 C:/Renesas/RA/e2studio_v2025-04_fsp_v5.9.0/toolchains/gcc_arm/13.2.rel1/bin/../lib/gcc/arm-none-eabi/13.2.1/thumb/v8-m.main+fp/hard\libgcc.a(_arm_fixunsdfsi.o)
                0x0000317c                __aeabi_d2uiz
                0x0000317c                __fixunsdfsi
 .text.__cvt    0x000031bc       0xca C:/Renesas/RA/e2studio_v2025-04_fsp_v5.9.0/toolchains/gcc_arm/13.2.rel1/bin/../lib/gcc/arm-none-eabi/13.2.1/thumb/v8-m.main+fp/hard\libg_nano.a(libc_a-nano-vfprintf_float.o)
                0x000031bc                __cvt
 .text.__exponent
                0x00003286       0x72 C:/Renesas/RA/e2studio_v2025-04_fsp_v5.9.0/toolchains/gcc_arm/13.2.rel1/bin/../lib/gcc/arm-none-eabi/13.2.1/thumb/v8-m.main+fp/hard\libg_nano.a(libc_a-nano-vfprintf_float.o)
                0x00003286                __exponent
 .text._printf_float
                0x000032f8      0x454 C:/Renesas/RA/e2studio_v2025-04_fsp_v5.9.0/toolchains/gcc_arm/13.2.rel1/bin/../lib/gcc/arm-none-eabi/13.2.1/thumb/v8-m.main+fp/hard\libg_nano.a(libc_a-nano-vfprintf_float.o)
                0x000032f8                _printf_float
 .text._printf_common
                0x0000374c       0xe4 C:/Renesas/RA/e2studio_v2025-04_fsp_v5.9.0/toolchains/gcc_arm/13.2.rel1/bin/../lib/gcc/arm-none-eabi/13.2.1/thumb/v8-m.main+fp/hard\libg_nano.a(libc_a-nano-vfprintf_i.o)
                0x0000374c                _printf_common
 .text._printf_i
                0x00003830      0x23c C:/Renesas/RA/e2studio_v2025-04_fsp_v5.9.0/toolchains/gcc_arm/13.2.rel1/bin/../lib/gcc/arm-none-eabi/13.2.1/thumb/v8-m.main+fp/hard\libg_nano.a(libc_a-nano-vfprintf_i.o)
                0x00003830                _printf_i
 .text.std      0x00003a6c       0x6c C:/Renesas/RA/e2studio_v2025-04_fsp_v5.9.0/toolchains/gcc_arm/13.2.rel1/bin/../lib/gcc/arm-none-eabi/13.2.1/thumb/v8-m.main+fp/hard\libg_nano.a(libc_a-findfp.o)
 .text.stdio_exit_handler
                0x00003ad8       0x18 C:/Renesas/RA/e2studio_v2025-04_fsp_v5.9.0/toolchains/gcc_arm/13.2.rel1/bin/../lib/gcc/arm-none-eabi/13.2.1/thumb/v8-m.main+fp/hard\libg_nano.a(libc_a-findfp.o)
 .text.cleanup_stdio
                0x00003af0       0x40 C:/Renesas/RA/e2studio_v2025-04_fsp_v5.9.0/toolchains/gcc_arm/13.2.rel1/bin/../lib/gcc/arm-none-eabi/13.2.1/thumb/v8-m.main+fp/hard\libg_nano.a(libc_a-findfp.o)
 .text.global_stdio_init.part.0
                0x00003b30       0x3c C:/Renesas/RA/e2studio_v2025-04_fsp_v5.9.0/toolchains/gcc_arm/13.2.rel1/bin/../lib/gcc/arm-none-eabi/13.2.1/thumb/v8-m.main+fp/hard\libg_nano.a(libc_a-findfp.o)
 .text.__sfp_lock_acquire
                0x00003b6c        0xc C:/Renesas/RA/e2studio_v2025-04_fsp_v5.9.0/toolchains/gcc_arm/13.2.rel1/bin/../lib/gcc/arm-none-eabi/13.2.1/thumb/v8-m.main+fp/hard\libg_nano.a(libc_a-findfp.o)
                0x00003b6c                __sfp_lock_acquire
 .text.__sfp_lock_release
                0x00003b78        0xc C:/Renesas/RA/e2studio_v2025-04_fsp_v5.9.0/toolchains/gcc_arm/13.2.rel1/bin/../lib/gcc/arm-none-eabi/13.2.1/thumb/v8-m.main+fp/hard\libg_nano.a(libc_a-findfp.o)
                0x00003b78                __sfp_lock_release
 .text.__sinit  0x00003b84       0x30 C:/Renesas/RA/e2studio_v2025-04_fsp_v5.9.0/toolchains/gcc_arm/13.2.rel1/bin/../lib/gcc/arm-none-eabi/13.2.1/thumb/v8-m.main+fp/hard\libg_nano.a(libc_a-findfp.o)
                0x00003b84                __sinit
 .text._fwalk_sglue
                0x00003bb4       0x3c C:/Renesas/RA/e2studio_v2025-04_fsp_v5.9.0/toolchains/gcc_arm/13.2.rel1/bin/../lib/gcc/arm-none-eabi/13.2.1/thumb/v8-m.main+fp/hard\libg_nano.a(libc_a-fwalk.o)
                0x00003bb4                _fwalk_sglue
 .text.printf   0x00003bf0       0x24 C:/Renesas/RA/e2studio_v2025-04_fsp_v5.9.0/toolchains/gcc_arm/13.2.rel1/bin/../lib/gcc/arm-none-eabi/13.2.1/thumb/v8-m.main+fp/hard\libg_nano.a(libc_a-printf.o)
                0x00003bf0                iprintf
                0x00003bf0                printf
 .text._puts_r  0x00003c14       0xaa C:/Renesas/RA/e2studio_v2025-04_fsp_v5.9.0/toolchains/gcc_arm/13.2.rel1/bin/../lib/gcc/arm-none-eabi/13.2.1/thumb/v8-m.main+fp/hard\libg_nano.a(libc_a-puts.o)
                0x00003c14                _puts_r
 *fill*         0x00003cbe        0x2 ff
 .text.puts     0x00003cc0       0x10 C:/Renesas/RA/e2studio_v2025-04_fsp_v5.9.0/toolchains/gcc_arm/13.2.rel1/bin/../lib/gcc/arm-none-eabi/13.2.1/thumb/v8-m.main+fp/hard\libg_nano.a(libc_a-puts.o)
                0x00003cc0                puts
 .text.__sread  0x00003cd0       0x22 C:/Renesas/RA/e2studio_v2025-04_fsp_v5.9.0/toolchains/gcc_arm/13.2.rel1/bin/../lib/gcc/arm-none-eabi/13.2.1/thumb/v8-m.main+fp/hard\libg_nano.a(libc_a-stdio.o)
                0x00003cd0                __sread
 .text.__swrite
                0x00003cf2       0x38 C:/Renesas/RA/e2studio_v2025-04_fsp_v5.9.0/toolchains/gcc_arm/13.2.rel1/bin/../lib/gcc/arm-none-eabi/13.2.1/thumb/v8-m.main+fp/hard\libg_nano.a(libc_a-stdio.o)
                0x00003cf2                __swrite
 .text.__sseek  0x00003d2a       0x24 C:/Renesas/RA/e2studio_v2025-04_fsp_v5.9.0/toolchains/gcc_arm/13.2.rel1/bin/../lib/gcc/arm-none-eabi/13.2.1/thumb/v8-m.main+fp/hard\libg_nano.a(libc_a-stdio.o)
                0x00003d2a                __sseek
 .text.__sclose
                0x00003d4e        0x8 C:/Renesas/RA/e2studio_v2025-04_fsp_v5.9.0/toolchains/gcc_arm/13.2.rel1/bin/../lib/gcc/arm-none-eabi/13.2.1/thumb/v8-m.main+fp/hard\libg_nano.a(libc_a-stdio.o)
                0x00003d4e                __sclose
 .text.__swbuf_r
                0x00003d56       0x7c C:/Renesas/RA/e2studio_v2025-04_fsp_v5.9.0/toolchains/gcc_arm/13.2.rel1/bin/../lib/gcc/arm-none-eabi/13.2.1/thumb/v8-m.main+fp/hard\libg_nano.a(libc_a-wbuf.o)
                0x00003d56                __swbuf_r
 *fill*         0x00003dd2        0x2 ff
 .text.__swsetup_r
                0x00003dd4       0xac C:/Renesas/RA/e2studio_v2025-04_fsp_v5.9.0/toolchains/gcc_arm/13.2.rel1/bin/../lib/gcc/arm-none-eabi/13.2.1/thumb/v8-m.main+fp/hard\libg_nano.a(libc_a-wsetup.o)
                0x00003dd4                __swsetup_r
 .text.memset   0x00003e80       0x10 C:/Renesas/RA/e2studio_v2025-04_fsp_v5.9.0/toolchains/gcc_arm/13.2.rel1/bin/../lib/gcc/arm-none-eabi/13.2.1/thumb/v8-m.main+fp/hard\libg_nano.a(libc_a-memset.o)
                0x00003e80                memset
 .text._localeconv_r
                0x00003e90        0x8 C:/Renesas/RA/e2studio_v2025-04_fsp_v5.9.0/toolchains/gcc_arm/13.2.rel1/bin/../lib/gcc/arm-none-eabi/13.2.1/thumb/v8-m.main+fp/hard\libg_nano.a(libc_a-localeconv.o)
                0x00003e90                _localeconv_r
 .text._close_r
                0x00003e98       0x20 C:/Renesas/RA/e2studio_v2025-04_fsp_v5.9.0/toolchains/gcc_arm/13.2.rel1/bin/../lib/gcc/arm-none-eabi/13.2.1/thumb/v8-m.main+fp/hard\libg_nano.a(libc_a-closer.o)
                0x00003e98                _close_r
 .text._lseek_r
                0x00003eb8       0x24 C:/Renesas/RA/e2studio_v2025-04_fsp_v5.9.0/toolchains/gcc_arm/13.2.rel1/bin/../lib/gcc/arm-none-eabi/13.2.1/thumb/v8-m.main+fp/hard\libg_nano.a(libc_a-lseekr.o)
                0x00003eb8                _lseek_r
 .text._read_r  0x00003edc       0x24 C:/Renesas/RA/e2studio_v2025-04_fsp_v5.9.0/toolchains/gcc_arm/13.2.rel1/bin/../lib/gcc/arm-none-eabi/13.2.1/thumb/v8-m.main+fp/hard\libg_nano.a(libc_a-readr.o)
                0x00003edc                _read_r
 .text._write_r
                0x00003f00       0x24 C:/Renesas/RA/e2studio_v2025-04_fsp_v5.9.0/toolchains/gcc_arm/13.2.rel1/bin/../lib/gcc/arm-none-eabi/13.2.1/thumb/v8-m.main+fp/hard\libg_nano.a(libc_a-writer.o)
                0x00003f00                _write_r
 .text.__errno  0x00003f24        0xc C:/Renesas/RA/e2studio_v2025-04_fsp_v5.9.0/toolchains/gcc_arm/13.2.rel1/bin/../lib/gcc/arm-none-eabi/13.2.1/thumb/v8-m.main+fp/hard\libg_nano.a(libc_a-errno.o)
                0x00003f24                __errno
 .text.__retarget_lock_init_recursive
                0x00003f30        0x2 C:/Renesas/RA/e2studio_v2025-04_fsp_v5.9.0/toolchains/gcc_arm/13.2.rel1/bin/../lib/gcc/arm-none-eabi/13.2.1/thumb/v8-m.main+fp/hard\libg_nano.a(libc_a-lock.o)
                0x00003f30                __retarget_lock_init_recursive
 .text.__retarget_lock_acquire_recursive
                0x00003f32        0x2 C:/Renesas/RA/e2studio_v2025-04_fsp_v5.9.0/toolchains/gcc_arm/13.2.rel1/bin/../lib/gcc/arm-none-eabi/13.2.1/thumb/v8-m.main+fp/hard\libg_nano.a(libc_a-lock.o)
                0x00003f32                __retarget_lock_acquire_recursive
 .text.__retarget_lock_release_recursive
                0x00003f34        0x2 C:/Renesas/RA/e2studio_v2025-04_fsp_v5.9.0/toolchains/gcc_arm/13.2.rel1/bin/../lib/gcc/arm-none-eabi/13.2.1/thumb/v8-m.main+fp/hard\libg_nano.a(libc_a-lock.o)
                0x00003f34                __retarget_lock_release_recursive
 .text.memchr   0x00003f36       0x1c C:/Renesas/RA/e2studio_v2025-04_fsp_v5.9.0/toolchains/gcc_arm/13.2.rel1/bin/../lib/gcc/arm-none-eabi/13.2.1/thumb/v8-m.main+fp/hard\libg_nano.a(libc_a-memchr-stub.o)
                0x00003f36                memchr
 .text.memcpy   0x00003f52       0x1a C:/Renesas/RA/e2studio_v2025-04_fsp_v5.9.0/toolchains/gcc_arm/13.2.rel1/bin/../lib/gcc/arm-none-eabi/13.2.1/thumb/v8-m.main+fp/hard\libg_nano.a(libc_a-memcpy-stub.o)
                0x00003f52                memcpy
 .text          0x00003f6c       0x10 C:/Renesas/RA/e2studio_v2025-04_fsp_v5.9.0/toolchains/gcc_arm/13.2.rel1/bin/../lib/gcc/arm-none-eabi/13.2.1/thumb/v8-m.main+fp/hard\libg_nano.a(libc_a-strlen.o)
                0x00003f6c                strlen
 .text.quorem   0x00003f7c      0x11a C:/Renesas/RA/e2studio_v2025-04_fsp_v5.9.0/toolchains/gcc_arm/13.2.rel1/bin/../lib/gcc/arm-none-eabi/13.2.1/thumb/v8-m.main+fp/hard\libg_nano.a(libc_a-dtoa.o)
 *fill*         0x00004096        0x2 ff
 .text._dtoa_r  0x00004098      0xb7c C:/Renesas/RA/e2studio_v2025-04_fsp_v5.9.0/toolchains/gcc_arm/13.2.rel1/bin/../lib/gcc/arm-none-eabi/13.2.1/thumb/v8-m.main+fp/hard\libg_nano.a(libc_a-dtoa.o)
                0x00004098                _dtoa_r
 .text._free_r  0x00004c14       0x94 C:/Renesas/RA/e2studio_v2025-04_fsp_v5.9.0/toolchains/gcc_arm/13.2.rel1/bin/../lib/gcc/arm-none-eabi/13.2.1/thumb/v8-m.main+fp/hard\libg_nano.a(libc_a-freer.o)
                0x00004c14                _free_r
 .text.malloc   0x00004ca8       0x10 C:/Renesas/RA/e2studio_v2025-04_fsp_v5.9.0/toolchains/gcc_arm/13.2.rel1/bin/../lib/gcc/arm-none-eabi/13.2.1/thumb/v8-m.main+fp/hard\libg_nano.a(libc_a-malloc.o)
                0x00004ca8                malloc
 .text.sbrk_aligned
                0x00004cb8       0x44 C:/Renesas/RA/e2studio_v2025-04_fsp_v5.9.0/toolchains/gcc_arm/13.2.rel1/bin/../lib/gcc/arm-none-eabi/13.2.1/thumb/v8-m.main+fp/hard\libg_nano.a(libc_a-mallocr.o)
 .text._malloc_r
                0x00004cfc      0x100 C:/Renesas/RA/e2studio_v2025-04_fsp_v5.9.0/toolchains/gcc_arm/13.2.rel1/bin/../lib/gcc/arm-none-eabi/13.2.1/thumb/v8-m.main+fp/hard\libg_nano.a(libc_a-mallocr.o)
                0x00004cfc                _malloc_r
 .text.__malloc_lock
                0x00004dfc        0xc C:/Renesas/RA/e2studio_v2025-04_fsp_v5.9.0/toolchains/gcc_arm/13.2.rel1/bin/../lib/gcc/arm-none-eabi/13.2.1/thumb/v8-m.main+fp/hard\libg_nano.a(libc_a-mlock.o)
                0x00004dfc                __malloc_lock
 .text.__malloc_unlock
                0x00004e08        0xc C:/Renesas/RA/e2studio_v2025-04_fsp_v5.9.0/toolchains/gcc_arm/13.2.rel1/bin/../lib/gcc/arm-none-eabi/13.2.1/thumb/v8-m.main+fp/hard\libg_nano.a(libc_a-mlock.o)
                0x00004e08                __malloc_unlock
 .text._Balloc  0x00004e14       0x80 C:/Renesas/RA/e2studio_v2025-04_fsp_v5.9.0/toolchains/gcc_arm/13.2.rel1/bin/../lib/gcc/arm-none-eabi/13.2.1/thumb/v8-m.main+fp/hard\libg_nano.a(libc_a-mprec.o)
                0x00004e14                _Balloc
 .text._Bfree   0x00004e94       0x44 C:/Renesas/RA/e2studio_v2025-04_fsp_v5.9.0/toolchains/gcc_arm/13.2.rel1/bin/../lib/gcc/arm-none-eabi/13.2.1/thumb/v8-m.main+fp/hard\libg_nano.a(libc_a-mprec.o)
                0x00004e94                _Bfree
 .text.__multadd
                0x00004ed8       0x90 C:/Renesas/RA/e2studio_v2025-04_fsp_v5.9.0/toolchains/gcc_arm/13.2.rel1/bin/../lib/gcc/arm-none-eabi/13.2.1/thumb/v8-m.main+fp/hard\libg_nano.a(libc_a-mprec.o)
                0x00004ed8                __multadd
 .text.__hi0bits
                0x00004f68       0x3e C:/Renesas/RA/e2studio_v2025-04_fsp_v5.9.0/toolchains/gcc_arm/13.2.rel1/bin/../lib/gcc/arm-none-eabi/13.2.1/thumb/v8-m.main+fp/hard\libg_nano.a(libc_a-mprec.o)
                0x00004f68                __hi0bits
 .text.__lo0bits
                0x00004fa6       0x5a C:/Renesas/RA/e2studio_v2025-04_fsp_v5.9.0/toolchains/gcc_arm/13.2.rel1/bin/../lib/gcc/arm-none-eabi/13.2.1/thumb/v8-m.main+fp/hard\libg_nano.a(libc_a-mprec.o)
                0x00004fa6                __lo0bits
 .text.__i2b    0x00005000       0x2c C:/Renesas/RA/e2studio_v2025-04_fsp_v5.9.0/toolchains/gcc_arm/13.2.rel1/bin/../lib/gcc/arm-none-eabi/13.2.1/thumb/v8-m.main+fp/hard\libg_nano.a(libc_a-mprec.o)
                0x00005000                __i2b
 .text.__multiply
                0x0000502c      0x148 C:/Renesas/RA/e2studio_v2025-04_fsp_v5.9.0/toolchains/gcc_arm/13.2.rel1/bin/../lib/gcc/arm-none-eabi/13.2.1/thumb/v8-m.main+fp/hard\libg_nano.a(libc_a-mprec.o)
                0x0000502c                __multiply
 .text.__pow5mult
                0x00005174       0xb4 C:/Renesas/RA/e2studio_v2025-04_fsp_v5.9.0/toolchains/gcc_arm/13.2.rel1/bin/../lib/gcc/arm-none-eabi/13.2.1/thumb/v8-m.main+fp/hard\libg_nano.a(libc_a-mprec.o)
                0x00005174                __pow5mult
 .text.__lshift
                0x00005228       0xd8 C:/Renesas/RA/e2studio_v2025-04_fsp_v5.9.0/toolchains/gcc_arm/13.2.rel1/bin/../lib/gcc/arm-none-eabi/13.2.1/thumb/v8-m.main+fp/hard\libg_nano.a(libc_a-mprec.o)
                0x00005228                __lshift
 .text.__mcmp   0x00005300       0x36 C:/Renesas/RA/e2studio_v2025-04_fsp_v5.9.0/toolchains/gcc_arm/13.2.rel1/bin/../lib/gcc/arm-none-eabi/13.2.1/thumb/v8-m.main+fp/hard\libg_nano.a(libc_a-mprec.o)
                0x00005300                __mcmp
 *fill*         0x00005336        0x2 ff
 .text.__mdiff  0x00005338      0x130 C:/Renesas/RA/e2studio_v2025-04_fsp_v5.9.0/toolchains/gcc_arm/13.2.rel1/bin/../lib/gcc/arm-none-eabi/13.2.1/thumb/v8-m.main+fp/hard\libg_nano.a(libc_a-mprec.o)
                0x00005338                __mdiff
 .text.__d2b    0x00005468       0xb0 C:/Renesas/RA/e2studio_v2025-04_fsp_v5.9.0/toolchains/gcc_arm/13.2.rel1/bin/../lib/gcc/arm-none-eabi/13.2.1/thumb/v8-m.main+fp/hard\libg_nano.a(libc_a-mprec.o)
                0x00005468                __d2b
 .text.__sfputc_r
                0x00005518       0x2e C:/Renesas/RA/e2studio_v2025-04_fsp_v5.9.0/toolchains/gcc_arm/13.2.rel1/bin/../lib/gcc/arm-none-eabi/13.2.1/thumb/v8-m.main+fp/hard\libg_nano.a(libc_a-nano-vfprintf.o)
 .text.__sfputs_r
                0x00005546       0x24 C:/Renesas/RA/e2studio_v2025-04_fsp_v5.9.0/toolchains/gcc_arm/13.2.rel1/bin/../lib/gcc/arm-none-eabi/13.2.1/thumb/v8-m.main+fp/hard\libg_nano.a(libc_a-nano-vfprintf.o)
                0x00005546                __sfputs_r
 *fill*         0x0000556a        0x2 ff
 .text._vfprintf_r
                0x0000556c      0x230 C:/Renesas/RA/e2studio_v2025-04_fsp_v5.9.0/toolchains/gcc_arm/13.2.rel1/bin/../lib/gcc/arm-none-eabi/13.2.1/thumb/v8-m.main+fp/hard\libg_nano.a(libc_a-nano-vfprintf.o)
                0x0000556c                _vfprintf_r
                0x0000556c                _vfiprintf_r
 .text.__sflush_r
                0x0000579c      0x108 C:/Renesas/RA/e2studio_v2025-04_fsp_v5.9.0/toolchains/gcc_arm/13.2.rel1/bin/../lib/gcc/arm-none-eabi/13.2.1/thumb/v8-m.main+fp/hard\libg_nano.a(libc_a-fflush.o)
                0x0000579c                __sflush_r
 .text._fflush_r
                0x000058a4       0x50 C:/Renesas/RA/e2studio_v2025-04_fsp_v5.9.0/toolchains/gcc_arm/13.2.rel1/bin/../lib/gcc/arm-none-eabi/13.2.1/thumb/v8-m.main+fp/hard\libg_nano.a(libc_a-fflush.o)
                0x000058a4                _fflush_r
 .text.__swhatbuf_r
                0x000058f4       0x4a C:/Renesas/RA/e2studio_v2025-04_fsp_v5.9.0/toolchains/gcc_arm/13.2.rel1/bin/../lib/gcc/arm-none-eabi/13.2.1/thumb/v8-m.main+fp/hard\libg_nano.a(libc_a-makebuf.o)
                0x000058f4                __swhatbuf_r
 .text.__smakebuf_r
                0x0000593e       0x78 C:/Renesas/RA/e2studio_v2025-04_fsp_v5.9.0/toolchains/gcc_arm/13.2.rel1/bin/../lib/gcc/arm-none-eabi/13.2.1/thumb/v8-m.main+fp/hard\libg_nano.a(libc_a-makebuf.o)
                0x0000593e                __smakebuf_r
 *fill*         0x000059b6        0x2 ff
 .text._fstat_r
                0x000059b8       0x24 C:/Renesas/RA/e2studio_v2025-04_fsp_v5.9.0/toolchains/gcc_arm/13.2.rel1/bin/../lib/gcc/arm-none-eabi/13.2.1/thumb/v8-m.main+fp/hard\libg_nano.a(libc_a-fstatr.o)
                0x000059b8                _fstat_r
 .text._isatty_r
                0x000059dc       0x20 C:/Renesas/RA/e2studio_v2025-04_fsp_v5.9.0/toolchains/gcc_arm/13.2.rel1/bin/../lib/gcc/arm-none-eabi/13.2.1/thumb/v8-m.main+fp/hard\libg_nano.a(libc_a-isattyr.o)
                0x000059dc                _isatty_r
 .text._sbrk_r  0x000059fc       0x20 C:/Renesas/RA/e2studio_v2025-04_fsp_v5.9.0/toolchains/gcc_arm/13.2.rel1/bin/../lib/gcc/arm-none-eabi/13.2.1/thumb/v8-m.main+fp/hard\libg_nano.a(libc_a-sbrkr.o)
                0x000059fc                _sbrk_r
 .text._calloc_r
                0x00005a1c       0x28 C:/Renesas/RA/e2studio_v2025-04_fsp_v5.9.0/toolchains/gcc_arm/13.2.rel1/bin/../lib/gcc/arm-none-eabi/13.2.1/thumb/v8-m.main+fp/hard\libg_nano.a(libc_a-callocr.o)
                0x00005a1c                _calloc_r
 .text.__ascii_mbtowc
                0x00005a44       0x24 C:/Renesas/RA/e2studio_v2025-04_fsp_v5.9.0/toolchains/gcc_arm/13.2.rel1/bin/../lib/gcc/arm-none-eabi/13.2.1/thumb/v8-m.main+fp/hard\libg_nano.a(libc_a-mbtowc_r.o)
                0x00005a44                __ascii_mbtowc
 .text.__ascii_wctomb
                0x00005a68       0x1a C:/Renesas/RA/e2studio_v2025-04_fsp_v5.9.0/toolchains/gcc_arm/13.2.rel1/bin/../lib/gcc/arm-none-eabi/13.2.1/thumb/v8-m.main+fp/hard\libg_nano.a(libc_a-wctomb_r.o)
                0x00005a68                __ascii_wctomb
 *fill*         0x00005a82        0x2 ff
 .text          0x00005a84      0x424 C:/Renesas/RA/e2studio_v2025-04_fsp_v5.9.0/toolchains/gcc_arm/13.2.rel1/bin/../lib/gcc/arm-none-eabi/13.2.1/thumb/v8-m.main+fp/hard\libgcc.a(_arm_muldivdf3.o)
                0x00005a84                __aeabi_dmul
                0x00005a84                __muldf3
                0x00005cd8                __divdf3
                0x00005cd8                __aeabi_ddiv
 .text          0x00005ea8      0x110 C:/Renesas/RA/e2studio_v2025-04_fsp_v5.9.0/toolchains/gcc_arm/13.2.rel1/bin/../lib/gcc/arm-none-eabi/13.2.1/thumb/v8-m.main+fp/hard\libgcc.a(_arm_cmpdf2.o)
                0x00005ea8                __gtdf2
                0x00005ea8                __gedf2
                0x00005eb0                __ltdf2
                0x00005eb0                __ledf2
                0x00005eb8                __nedf2
                0x00005eb8                __eqdf2
                0x00005eb8                __cmpdf2
                0x00005f34                __aeabi_cdrcmple
                0x00005f44                __aeabi_cdcmpeq
                0x00005f44                __aeabi_cdcmple
                0x00005f54                __aeabi_dcmpeq
                0x00005f68                __aeabi_dcmplt
                0x00005f7c                __aeabi_dcmple
                0x00005f90                __aeabi_dcmpge
                0x00005fa4                __aeabi_dcmpgt
 .text          0x00005fb8       0x2c C:/Renesas/RA/e2studio_v2025-04_fsp_v5.9.0/toolchains/gcc_arm/13.2.rel1/bin/../lib/gcc/arm-none-eabi/13.2.1/thumb/v8-m.main+fp/hard\libgcc.a(_arm_unorddf2.o)
                0x00005fb8                __unorddf2
                0x00005fb8                __aeabi_dcmpun
 .text          0x00005fe4       0x50 C:/Renesas/RA/e2studio_v2025-04_fsp_v5.9.0/toolchains/gcc_arm/13.2.rel1/bin/../lib/gcc/arm-none-eabi/13.2.1/thumb/v8-m.main+fp/hard\libgcc.a(_arm_fixdfsi.o)
                0x00005fe4                __aeabi_d2iz
                0x00005fe4                __fixdfsi
 .text._close   0x00006034       0x10 C:/Renesas/RA/e2studio_v2025-04_fsp_v5.9.0/toolchains/gcc_arm/13.2.rel1/bin/../lib/gcc/arm-none-eabi/13.2.1/thumb/v8-m.main+fp/hard\libnosys.a(close.o)
                0x00006034                _close
 .text._fstat   0x00006044       0x10 C:/Renesas/RA/e2studio_v2025-04_fsp_v5.9.0/toolchains/gcc_arm/13.2.rel1/bin/../lib/gcc/arm-none-eabi/13.2.1/thumb/v8-m.main+fp/hard\libnosys.a(fstat.o)
                0x00006044                _fstat
 .text._isatty  0x00006054       0x10 C:/Renesas/RA/e2studio_v2025-04_fsp_v5.9.0/toolchains/gcc_arm/13.2.rel1/bin/../lib/gcc/arm-none-eabi/13.2.1/thumb/v8-m.main+fp/hard\libnosys.a(isatty.o)
                0x00006054                _isatty
 .text._lseek   0x00006064       0x10 C:/Renesas/RA/e2studio_v2025-04_fsp_v5.9.0/toolchains/gcc_arm/13.2.rel1/bin/../lib/gcc/arm-none-eabi/13.2.1/thumb/v8-m.main+fp/hard\libnosys.a(lseek.o)
                0x00006064                _lseek
 .text._read    0x00006074       0x10 C:/Renesas/RA/e2studio_v2025-04_fsp_v5.9.0/toolchains/gcc_arm/13.2.rel1/bin/../lib/gcc/arm-none-eabi/13.2.1/thumb/v8-m.main+fp/hard\libnosys.a(read.o)
                0x00006074                _read
 *(.version)
 .version       0x00006084       0x50 ./ra/fsp/src/bsp/mcu/all/bsp_common.o
 *(.init)
 .init          0x000060d4        0x4 C:/Renesas/RA/e2studio_v2025-04_fsp_v5.9.0/toolchains/gcc_arm/13.2.rel1/bin/../lib/gcc/arm-none-eabi/13.2.1/thumb/v8-m.main+fp/hard/crti.o
                0x000060d4                _init
 .init          0x000060d8        0x8 C:/Renesas/RA/e2studio_v2025-04_fsp_v5.9.0/toolchains/gcc_arm/13.2.rel1/bin/../lib/gcc/arm-none-eabi/13.2.1/thumb/v8-m.main+fp/hard/crtn.o
 *(.fini)
 .fini          0x000060e0        0x4 C:/Renesas/RA/e2studio_v2025-04_fsp_v5.9.0/toolchains/gcc_arm/13.2.rel1/bin/../lib/gcc/arm-none-eabi/13.2.1/thumb/v8-m.main+fp/hard/crti.o
                0x000060e0                _fini
 .fini          0x000060e4        0x8 C:/Renesas/RA/e2studio_v2025-04_fsp_v5.9.0/toolchains/gcc_arm/13.2.rel1/bin/../lib/gcc/arm-none-eabi/13.2.1/thumb/v8-m.main+fp/hard/crtn.o
 *crtbegin.o(.ctors)
 *crtbegin?.o(.ctors)
 *(EXCLUDE_FILE(*crtend.o *crtend?.o) .ctors)
 *(SORT_BY_NAME(.ctors.*))
 *(.ctors)
 *crtbegin.o(.dtors)
 *crtbegin?.o(.dtors)
 *(EXCLUDE_FILE(*crtend.o *crtend?.o) .dtors)
 *(SORT_BY_NAME(.dtors.*))
 *(.dtors)
 *(.rodata*)
 .rodata.platform_read.str1.4
                0x000060ec      0x16e ./src/hal_entry.o
                                 0x27 (size before relaxing)
 .rodata.hal_entry.str1.4
                0x0000625a      0x134 ./src/hal_entry.o
 *fill*         0x0000625a        0x2 ff
 .rodata.__func__.0
                0x0000625c        0xf ./src/hal_entry.o
 *fill*         0x0000626b        0x1 ff
 .rodata.__func__.1
                0x0000626c        0xe ./src/hal_entry.o
 *fill*         0x0000627a        0x2 ff
 .rodata.__func__.2
                0x0000627c       0x14 ./src/hal_entry.o
 .rodata.g_tuya_rpt_net
                0x00006290        0x8 ./src/hal_entry.o
                0x00006290                g_tuya_rpt_net
 .rodata.g_tuya_query_mode
                0x00006298        0x8 ./src/hal_entry.o
                0x00006298                g_tuya_query_mode
 .rodata.g_tuya_wifi_cfg
                0x000062a0        0x8 ./src/hal_entry.o
                0x000062a0                g_tuya_wifi_cfg
 .rodata.g_tuya_heartbeat2
                0x000062a8        0x8 ./src/hal_entry.o
                0x000062a8                g_tuya_heartbeat2
 .rodata.g_tuya_heartbeat1
                0x000062b0        0x8 ./src/hal_entry.o
                0x000062b0                g_tuya_heartbeat1
 .rodata.Send_Byte.str1.4
                0x000062b8       0x22 ./src/oled.o
 .rodata.__func__.0
                0x000062b8        0xd ./src/oled.o
 *fill*         0x000062c5        0x3 ff
 .rodata.__func__.1
                0x000062c8        0xd ./src/oled.o
 *fill*         0x000062d5        0x3 ff
 .rodata.Hzk4   0x000062d8      0x200 ./src/oled.o
                0x000062d8                Hzk4
 .rodata.Hzk3   0x000064d8       0x80 ./src/oled.o
                0x000064d8                Hzk3
 .rodata.Hzk2   0x00006558       0x48 ./src/oled.o
                0x00006558                Hzk2
 .rodata.Hzk1   0x000065a0       0xa0 ./src/oled.o
                0x000065a0                Hzk1
 .rodata.asc2_2412
                0x00006640      0xd5c ./src/oled.o
                0x00006640                asc2_2412
 .rodata.asc2_1608
                0x0000739c      0x5f0 ./src/oled.o
                0x0000739c                asc2_1608
 .rodata.asc2_1206
                0x0000798c      0x474 ./src/oled.o
                0x0000798c                asc2_1206
 .rodata.asc2_0806
                0x00007e00      0x228 ./src/oled.o
                0x00007e00                asc2_0806
 .rodata.g_external_irq6_cfg
                0x00008028       0x14 ./ra_gen/common_data.o
                0x00008028                g_external_irq6_cfg
 .rodata.g_external_irq6_ext_cfg
                0x0000803c        0x1 ./ra_gen/common_data.o
                0x0000803c                g_external_irq6_ext_cfg
 *fill*         0x0000803d        0x3 ff
 .rodata.g_uart9_cfg
                0x00008040       0x20 ./ra_gen/hal_data.o
                0x00008040                g_uart9_cfg
 .rodata.g_uart9_cfg_extend
                0x00008060       0x14 ./ra_gen/hal_data.o
                0x00008060                g_uart9_cfg_extend
 .rodata.g_i2c2_cfg
                0x00008074       0x28 ./ra_gen/hal_data.o
                0x00008074                g_i2c2_cfg
 .rodata.g_i2c2_cfg_extend
                0x0000809c        0x6 ./ra_gen/hal_data.o
                0x0000809c                g_i2c2_cfg_extend
 *fill*         0x000080a2        0x2 ff
 .rodata.g_uart0_cfg
                0x000080a4       0x20 ./ra_gen/hal_data.o
                0x000080a4                g_uart0_cfg
 .rodata.g_uart0_cfg_extend
                0x000080c4       0x14 ./ra_gen/hal_data.o
                0x000080c4                g_uart0_cfg_extend
 .rodata.g_bsp_pin_cfg
                0x000080d8        0xc ./ra_gen/pin_data.o
                0x000080d8                g_bsp_pin_cfg
 .rodata.g_bsp_pin_cfg_data
                0x000080e4       0x70 ./ra_gen/pin_data.o
                0x000080e4                g_bsp_pin_cfg_data
 .rodata.g_interrupt_event_link_select
                0x00008154       0x16 ./ra_gen/vector_data.o
                0x00008154                g_interrupt_event_link_select
 *fill*         0x0000816a        0x2 ff
 .rodata.g_vbatt_pins_input
                0x0000816c        0x6 ./ra/fsp/src/r_ioport/r_ioport.o
 *fill*         0x00008172        0x2 ff
 .rodata.g_prcr_masks
                0x00008174        0x8 ./ra/fsp/src/bsp/mcu/all/bsp_register_protection.o
 .rodata._printf_float.str1.1
                0x0000817c      0x137 C:/Renesas/RA/e2studio_v2025-04_fsp_v5.9.0/toolchains/gcc_arm/13.2.rel1/bin/../lib/gcc/arm-none-eabi/13.2.1/thumb/v8-m.main+fp/hard\libg_nano.a(libc_a-nano-vfprintf_float.o)
                                 0x12 (size before relaxing)
 .rodata._printf_i.str1.1
                0x000082b3       0x22 C:/Renesas/RA/e2studio_v2025-04_fsp_v5.9.0/toolchains/gcc_arm/13.2.rel1/bin/../lib/gcc/arm-none-eabi/13.2.1/thumb/v8-m.main+fp/hard\libg_nano.a(libc_a-nano-vfprintf_i.o)
 .rodata._dtoa_r.str1.1
                0x000082b3       0x90 C:/Renesas/RA/e2studio_v2025-04_fsp_v5.9.0/toolchains/gcc_arm/13.2.rel1/bin/../lib/gcc/arm-none-eabi/13.2.1/thumb/v8-m.main+fp/hard\libg_nano.a(libc_a-dtoa.o)
 .rodata._Balloc.str1.1
                0x000082b3       0x71 C:/Renesas/RA/e2studio_v2025-04_fsp_v5.9.0/toolchains/gcc_arm/13.2.rel1/bin/../lib/gcc/arm-none-eabi/13.2.1/thumb/v8-m.main+fp/hard\libg_nano.a(libc_a-mprec.o)
 .rodata.__multadd.str1.1
                0x000082b3       0x11 C:/Renesas/RA/e2studio_v2025-04_fsp_v5.9.0/toolchains/gcc_arm/13.2.rel1/bin/../lib/gcc/arm-none-eabi/13.2.1/thumb/v8-m.main+fp/hard\libg_nano.a(libc_a-mprec.o)
 *fill*         0x000082b3        0x1 ff
 .rodata.p05.0  0x000082b4        0xc C:/Renesas/RA/e2studio_v2025-04_fsp_v5.9.0/toolchains/gcc_arm/13.2.rel1/bin/../lib/gcc/arm-none-eabi/13.2.1/thumb/v8-m.main+fp/hard\libg_nano.a(libc_a-mprec.o)
 .rodata.__mprec_bigtens
                0x000082c0       0x28 C:/Renesas/RA/e2studio_v2025-04_fsp_v5.9.0/toolchains/gcc_arm/13.2.rel1/bin/../lib/gcc/arm-none-eabi/13.2.1/thumb/v8-m.main+fp/hard\libg_nano.a(libc_a-mprec.o)
                0x000082c0                __mprec_bigtens
 .rodata.__mprec_tens
                0x000082e8       0xc8 C:/Renesas/RA/e2studio_v2025-04_fsp_v5.9.0/toolchains/gcc_arm/13.2.rel1/bin/../lib/gcc/arm-none-eabi/13.2.1/thumb/v8-m.main+fp/hard\libg_nano.a(libc_a-mprec.o)
                0x000082e8                __mprec_tens
 .rodata._vfprintf_r.str1.1
                0x000083b0       0x11 C:/Renesas/RA/e2studio_v2025-04_fsp_v5.9.0/toolchains/gcc_arm/13.2.rel1/bin/../lib/gcc/arm-none-eabi/13.2.1/thumb/v8-m.main+fp/hard\libg_nano.a(libc_a-nano-vfprintf.o)
 .rodata._setlocale_r.str1.1
                0x000083b0        0x9 C:/Renesas/RA/e2studio_v2025-04_fsp_v5.9.0/toolchains/gcc_arm/13.2.rel1/bin/../lib/gcc/arm-none-eabi/13.2.1/thumb/v8-m.main+fp/hard\libg_nano.a(libc_a-locale.o)
 .rodata.str1.1
                0x000083b0        0x2 C:/Renesas/RA/e2studio_v2025-04_fsp_v5.9.0/toolchains/gcc_arm/13.2.rel1/bin/../lib/gcc/arm-none-eabi/13.2.1/thumb/v8-m.main+fp/hard\libg_nano.a(libc_a-locale.o)
 .rodata._ctype_
                0x000083b0      0x101 C:/Renesas/RA/e2studio_v2025-04_fsp_v5.9.0/toolchains/gcc_arm/13.2.rel1/bin/../lib/gcc/arm-none-eabi/13.2.1/thumb/v8-m.main+fp/hard\libg_nano.a(libc_a-ctype_.o)
                0x000083b0                _ctype_
                0x000084b1                        __usb_dev_descriptor_start_fs = .
 *(.usb_device_desc_fs*)
                0x000084b1                        __usb_cfg_descriptor_start_fs = .
 *(.usb_config_desc_fs*)
                0x000084b1                        __usb_interface_descriptor_start_fs = .
 *(.usb_interface_desc_fs*)
                0x000084b1                        __usb_descriptor_end_fs = .
                0x000084b1                        __usb_dev_descriptor_start_hs = .
 *(.usb_device_desc_hs*)
                0x000084b1                        __usb_cfg_descriptor_start_hs = .
 *(.usb_config_desc_hs*)
                0x000084b1                        __usb_interface_descriptor_start_hs = .
 *(.usb_interface_desc_hs*)
                0x000084b1                        __usb_descriptor_end_hs = .
 *(.eh_frame*)
 *fill*         0x000084b1        0x3 ff
 .eh_frame      0x000084b4        0x0 C:/Renesas/RA/e2studio_v2025-04_fsp_v5.9.0/toolchains/gcc_arm/13.2.rel1/bin/../lib/gcc/arm-none-eabi/13.2.1/thumb/v8-m.main+fp/hard/crtbegin.o
 .eh_frame      0x000084b4       0x28 C:/Renesas/RA/e2studio_v2025-04_fsp_v5.9.0/toolchains/gcc_arm/13.2.rel1/bin/../lib/gcc/arm-none-eabi/13.2.1/thumb/v8-m.main+fp/hard\libg_nano.a(libc_a-strlen.o)
 .eh_frame      0x000084dc        0x4 C:/Renesas/RA/e2studio_v2025-04_fsp_v5.9.0/toolchains/gcc_arm/13.2.rel1/bin/../lib/gcc/arm-none-eabi/13.2.1/thumb/v8-m.main+fp/hard/crtend.o
                0x000084e0                        __ROM_End = .
                0x0000006c                        __Vectors_Size = (__Vectors_End - __Vectors)

.glue_7         0x000084e0        0x0
 .glue_7        0x000084e0        0x0 linker stubs

.glue_7t        0x000084e0        0x0
 .glue_7t       0x000084e0        0x0 linker stubs

.vfp11_veneer   0x000084e0        0x0
 .vfp11_veneer  0x000084e0        0x0 linker stubs

.v4_bx          0x000084e0        0x0
 .v4_bx         0x000084e0        0x0 linker stubs

.iplt           0x000084e0        0x0
 .iplt          0x000084e0        0x0 C:/Renesas/RA/e2studio_v2025-04_fsp_v5.9.0/toolchains/gcc_arm/13.2.rel1/bin/../lib/gcc/arm-none-eabi/13.2.1/thumb/v8-m.main+fp/hard/crtbegin.o
                0x000084e0                        . = .
                0x000084e0                        __itcm_data_pre_location = .

.itcm_data      0x00000000        0x0 load address 0x000084e0
                0x00000000                        __tz_ITCM_S = ABSOLUTE (ITCM_START)
                0x00000000                        __itcm_data_start = .
 *(.itcm_data*)
                0x00000000                        . = ALIGN (0x8)
                0x00000000                        __itcm_data_end = .
                0x00000000                        __tz_ITCM_N = DEFINED (ITCM_NS_START)?ABSOLUTE (ITCM_NS_START):ALIGN (__itcm_data_end, 0x2000)
                0x000084e0                        __itcm_data_init_start = LOADADDR (.itcm_data)
                0x000084e0                        __itcm_data_init_end = (LOADADDR (.itcm_data) + SIZEOF (.itcm_data))
                0x00000001                        ASSERT (((ORIGIN (ITCM) % 0x8) == 0x0), ITCM memory region origin must be aligned to 8 bytes.)
                0x00000001                        ASSERT (((LENGTH (ITCM) % 0x8) == 0x0), ITCM memory region length must be a multiple of 8 bytes.)
                0x00000001                        ASSERT (((LOADADDR (.itcm_data) % 0x10) == 0x0), .itcm_data section must be aligned to 16 bytes.)
                0x00000001                        ASSERT (((SIZEOF (.itcm_data) % 0x8) == 0x0), .itcm_data section size must be a multiple of 8 bytes.)
                0x000084e0                        . = (SIZEOF (.itcm_data) > 0x0)?__itcm_data_init_end:__itcm_data_pre_location
                0x000084e0                        __exidx_start = .

/DISCARD/
 *(.ARM.extab* .gnu.linkonce.armextab.*)
 *(.ARM.exidx* .gnu.linkonce.armexidx.*)
                0x000084e0                        __exidx_end = .
                0x000084e0                        __etext = .
                0x20000000                        __tz_RAM_S = ORIGIN (RAM)

.fsp_dtc_vector_table
                0x20000000        0x0
                0x20000000                        . = ORIGIN (RAM)
 *(.fsp_dtc_vector_table)

.data           0x20000000      0x3a0 load address 0x000084e0
                0x20000000                        __data_start__ = .
                0x20000000                        . = ALIGN (0x4)
                0x20000000                        __Code_In_RAM_Start = .
 *(.code_in_ram*)
                0x20000000                        __Code_In_RAM_End = .
 *(vtable)
 *(.data.*)
 .data.timeout_ms
                0x20000000        0x4 ./src/hal_entry.o
                0x20000000                timeout_ms
 .data.i2c_event
                0x20000004        0x1 ./src/hal_entry.o
                0x20000004                i2c_event
 *fill*         0x20000005        0x3 
 .data.g_tuya_dp_temp
                0x20000008        0xf ./src/hal_entry.o
                0x20000008                g_tuya_dp_temp
 *fill*         0x20000017        0x1 
 .data.g_tuya_dp_tap
                0x20000018        0xc ./src/hal_entry.o
                0x20000018                g_tuya_dp_tap
 .data.g_tuya_dp_bat
                0x20000024        0xf ./src/hal_entry.o
                0x20000024                g_tuya_dp_bat
 *fill*         0x20000033        0x1 
 .data.g_tuya_product_info
                0x20000034       0x31 ./src/hal_entry.o
                0x20000034                g_tuya_product_info
 *fill*         0x20000065        0x3 
 .data.BMP3     0x20000068      0x15f ./src/hal_entry.o
                0x20000068                BMP3
 *fill*         0x200001c7        0x1 
 .data.g_uart9_baud_setting
                0x200001c8        0x4 ./ra_gen/hal_data.o
                0x200001c8                g_uart9_baud_setting
 .data.g_uart0_baud_setting
                0x200001cc        0x4 ./ra_gen/hal_data.o
                0x200001cc                g_uart0_baud_setting
 .data.__sglue  0x200001d0        0xc C:/Renesas/RA/e2studio_v2025-04_fsp_v5.9.0/toolchains/gcc_arm/13.2.rel1/bin/../lib/gcc/arm-none-eabi/13.2.1/thumb/v8-m.main+fp/hard\libg_nano.a(libc_a-findfp.o)
                0x200001d0                __sglue
 .data._impure_ptr
                0x200001dc        0x4 C:/Renesas/RA/e2studio_v2025-04_fsp_v5.9.0/toolchains/gcc_arm/13.2.rel1/bin/../lib/gcc/arm-none-eabi/13.2.1/thumb/v8-m.main+fp/hard\libg_nano.a(libc_a-impure.o)
                0x200001dc                _impure_ptr
 .data._impure_data
                0x200001e0       0x4c C:/Renesas/RA/e2studio_v2025-04_fsp_v5.9.0/toolchains/gcc_arm/13.2.rel1/bin/../lib/gcc/arm-none-eabi/13.2.1/thumb/v8-m.main+fp/hard\libg_nano.a(libc_a-impure.o)
                0x200001e0                _impure_data
 .data.__global_locale
                0x2000022c      0x16c C:/Renesas/RA/e2studio_v2025-04_fsp_v5.9.0/toolchains/gcc_arm/13.2.rel1/bin/../lib/gcc/arm-none-eabi/13.2.1/thumb/v8-m.main+fp/hard\libg_nano.a(libc_a-locale.o)
                0x2000022c                __global_locale
 *(.data)
                0x20000398                        . = ALIGN (0x4)
                0x20000398                        PROVIDE (__preinit_array_start = .)
 *(.preinit_array)
                0x20000398                        PROVIDE (__preinit_array_end = .)
                0x20000398                        . = ALIGN (0x4)
                0x20000398                        PROVIDE (__init_array_start = .)
 *(SORT_BY_NAME(.init_array.*))
 *(.init_array)
 .init_array    0x20000398        0x4 C:/Renesas/RA/e2studio_v2025-04_fsp_v5.9.0/toolchains/gcc_arm/13.2.rel1/bin/../lib/gcc/arm-none-eabi/13.2.1/thumb/v8-m.main+fp/hard/crtbegin.o
                0x2000039c                        PROVIDE (__init_array_end = .)
                0x2000039c                        . = ALIGN (0x4)
                [!provide]                        PROVIDE (__fini_array_start = .)
 *(SORT_BY_NAME(.fini_array.*))
 *(.fini_array)
 .fini_array    0x2000039c        0x4 C:/Renesas/RA/e2studio_v2025-04_fsp_v5.9.0/toolchains/gcc_arm/13.2.rel1/bin/../lib/gcc/arm-none-eabi/13.2.1/thumb/v8-m.main+fp/hard/crtbegin.o
                [!provide]                        PROVIDE (__fini_array_end = .)
 *(.jcr*)
                0x200003a0                        . = ALIGN (0x4)
                0x200003a0                        __data_end__ = .

.tm_clone_table
                0x200003a0        0x0 load address 0x00008880
 .tm_clone_table
                0x200003a0        0x0 C:/Renesas/RA/e2studio_v2025-04_fsp_v5.9.0/toolchains/gcc_arm/13.2.rel1/bin/../lib/gcc/arm-none-eabi/13.2.1/thumb/v8-m.main+fp/hard/crtbegin.o
 .tm_clone_table
                0x200003a0        0x0 C:/Renesas/RA/e2studio_v2025-04_fsp_v5.9.0/toolchains/gcc_arm/13.2.rel1/bin/../lib/gcc/arm-none-eabi/13.2.1/thumb/v8-m.main+fp/hard/crtend.o

.igot.plt       0x200003a0        0x0 load address 0x00008880
 .igot.plt      0x200003a0        0x0 C:/Renesas/RA/e2studio_v2025-04_fsp_v5.9.0/toolchains/gcc_arm/13.2.rel1/bin/../lib/gcc/arm-none-eabi/13.2.1/thumb/v8-m.main+fp/hard/crtbegin.o
                0x200003a0                        . = .
                0x00008880                        __dtcm_data_pre_location = (LOADADDR (.data) + SIZEOF (.data))

.dtcm_data      0x00000000        0x0 load address 0x00008880
                0x00000000                        __tz_DTCM_S = ABSOLUTE (DTCM_START)
                0x00000000                        __dtcm_data_start = .
 *(.dtcm_data*)
                0x00000000                        . = ALIGN (0x8)
                0x00000000                        __dtcm_data_end = .
                0x00000000                        . = __dtcm_data_end

.dtcm_bss       0x00000000        0x0
                0x00000000                        __dtcm_bss_start = .
 *(.dtcm_bss*)
                0x00000000                        . = ALIGN (0x8)
                0x00000000                        __dtcm_bss_end = .
                0x00000000                        __tz_DTCM_N = DEFINED (DTCM_NS_START)?ABSOLUTE (DTCM_NS_START):ALIGN (__dtcm_bss_end, 0x2000)
                0x00008880                        __dtcm_data_init_start = LOADADDR (.dtcm_data)
                0x00008880                        __dtcm_data_init_end = (LOADADDR (.dtcm_data) + SIZEOF (.dtcm_data))
                0x00000001                        ASSERT (((ORIGIN (DTCM) % 0x8) == 0x0), DTCM memory region origin must be aligned to 8 bytes.)
                0x00000001                        ASSERT (((LENGTH (DTCM) % 0x8) == 0x0), DTCM memory region length must be a multiple of 8 bytes.)
                0x00000001                        ASSERT ((LOADADDR (.dtcm_bss) == ADDR (.dtcm_bss)), .dtcm_bss has (VMA != LMA) but should be NOLOAD (VMA == LMA).)
                0x00000001                        ASSERT (((LOADADDR (.dtcm_data) % 0x10) == 0x0), .dtcm_data section must be aligned to 16 bytes.)
                0x00000001                        ASSERT (((SIZEOF (.dtcm_data) % 0x8) == 0x0), .dtcm_data section size must be a multiple of 8 bytes.)
                0x00000001                        ASSERT (((LOADADDR (.dtcm_bss) % 0x8) == 0x0), .dtcm_bss section must be aligned to 8 bytes.)
                0x00000001                        ASSERT (((SIZEOF (.dtcm_bss) % 0x8) == 0x0), .dtcm_bss section size must be a multiple of 8 bytes.)
                0x00000001                        ASSERT ((__dtcm_bss_start == __dtcm_data_end), .dtcm_bss section is not adjacent to .dtcm_data section.)
                0x00008880                        . = (SIZEOF (.dtcm_data) > 0x0)?__dtcm_data_init_end:__dtcm_data_pre_location
                0x00008880                        sgstubs_pre_location = .
                0x00008c00                        SGSTUBS_LOC = (DEFINED (PROJECT_SECURE) && DEFINED (FLASH_NSC_START))?ABSOLUTE (FLASH_NSC_START):ALIGN (0x400)

.gnu.sgstubs    0x00008c00        0x0
                0x00008c00                        __tz_FLASH_C = DEFINED (FLASH_NSC_START)?ABSOLUTE (FLASH_NSC_START):__RESERVE_NS_RAM?ABSOLUTE ((FLASH_START + FLASH_LENGTH)):ALIGN (0x400)
                0x00008c00                        _start_sg = .
 *(.gnu.sgstubs*)
                0x00008c00                        . = ALIGN (0x20)
                0x00008c00                        _end_sg = .
                0x00010000                        __tz_FLASH_N = DEFINED (FLASH_NS_START)?ABSOLUTE (FLASH_NS_START):__RESERVE_NS_RAM?ABSOLUTE ((FLASH_START + FLASH_LENGTH)):(FLASH_LENGTH < 0x8000)?FLASH_LENGTH:ALIGN (0x8000)
                0x00010000                        FLASH_NS_IMAGE_START = DEFINED (FLASH_NS_IMAGE_START)?FLASH_NS_IMAGE_START:__tz_FLASH_N
                0x60000000                        __tz_QSPI_FLASH_S = ORIGIN (QSPI_FLASH)

.qspi_flash     0x60000000        0x0
                0x60000000                        __qspi_flash_start__ = .
 *(.qspi_flash*)
 *(.code_in_qspi*)
                0x60000000                        __qspi_flash_end__ = .
                0x00000000                        __qspi_flash_code_size__ = (__qspi_flash_end__ - __qspi_flash_start__)
                0x00008880                        __qspi_flash_code_addr__ = sgstubs_pre_location

.qspi_non_retentive
                0x60000000        0x0 load address 0x00008880
                0x60000000                        __qspi_non_retentive_start__ = .
 *(.qspi_non_retentive*)
                0x60000000                        __qspi_non_retentive_end__ = .
                0x00000000                        __qspi_non_retentive_size__ = (__qspi_non_retentive_end__ - __qspi_non_retentive_start__)
                0x04000000                        __qspi_region_max_size__ = 0x4000000
                0x60000000                        __qspi_region_start_address__ = __qspi_flash_start__
                0x64000000                        __qspi_region_end_address__ = (__qspi_flash_start__ + __qspi_region_max_size__)
                0x60000000                        __tz_QSPI_FLASH_N = __qspi_non_retentive_end__

.OSPI_DEVICE_0_NO_LOAD
                0x80020000        0x0
                0x80020000                        . = ALIGN (0x4)
                0x80020000                        __ospi_device_0_start__ = .
 *(.ospi_device_0_no_load*)
                0x80020000                        . = ALIGN (0x4)
                0x80020000                        __ospi_device_0_end__ = .

.OSPI_DEVICE_1_NO_LOAD
                0x80030000        0x0
                0x80030000                        . = ALIGN (0x4)
                0x80030000                        __ospi_device_1_start__ = .
 *(.ospi_device_1_no_load*)
                0x80030000                        . = ALIGN (0x4)
                0x80030000                        __ospi_device_1_end__ = .
                0x80020000                        __tz_OSPI_DEVICE_0_S = ORIGIN (OSPI_DEVICE_0)

.OSPI_DEVICE_0  0x80020000        0x0
                0x80020000                        __ospi_device_0_start__ = .
 *(.ospi_device_0*)
 *(.code_in_ospi_device_0*)
                0x80020000                        __ospi_device_0_end__ = .
                0x00000000                        __ospi_device_0_code_size__ = (__ospi_device_0_end__ - __ospi_device_0_start__)
                0x00008880                        __ospi_device_0_code_addr__ = (sgstubs_pre_location + SIZEOF (.qspi_non_retentive))

.ospi_device_0_non_retentive
                0x80020000        0x0 load address 0x00008880
                0x80020000                        __ospi_device_0_non_retentive_start__ = .
 *(.ospi_device_0_non_retentive*)
                0x80020000                        __ospi_device_0_non_retentive_end__ = .
                0x00000000                        __ospi_device_0_non_retentive_size__ = (__ospi_device_0_non_retentive_end__ - __ospi_device_0_non_retentive_start__)
                0x08000000                        __ospi_device_0_region_max_size__ = 0x8000000
                0x80020000                        __ospi_device_0_region_start_address__ = __ospi_device_0_start__
                0x88020000                        __ospi_device_0_region_end_address__ = (__ospi_device_0_start__ + __ospi_device_0_region_max_size__)
                0x80020000                        __tz_OSPI_DEVICE_0_N = __ospi_device_0_non_retentive_end__
                0x80030000                        __tz_OSPI_DEVICE_1_S = ORIGIN (OSPI_DEVICE_1)

.OSPI_DEVICE_1  0x80030000        0x0
                0x80030000                        __ospi_device_1_start__ = .
 *(.ospi_device_1*)
 *(.code_in_ospi_device_1*)
                0x80030000                        __ospi_device_1_end__ = .
                0x00000000                        __ospi_device_1_code_size__ = (__ospi_device_1_end__ - __ospi_device_1_start__)
                0x00008880                        __ospi_device_1_code_addr__ = (sgstubs_pre_location + (SIZEOF (.qspi_non_retentive) + SIZEOF (.ospi_device_0_non_retentive)))

.ospi_device_1_non_retentive
                0x80030000        0x0 load address 0x00008880
                0x80030000                        __ospi_device_1_non_retentive_start__ = .
 *(.ospi_device_1_non_retentive*)
                0x80030000                        __ospi_device_1_non_retentive_end__ = .
                0x00000000                        __ospi_device_1_non_retentive_size__ = (__ospi_device_1_non_retentive_end__ - __ospi_device_1_non_retentive_start__)
                0x10000000                        __ospi_device_1_region_max_size__ = 0x10000000
                0x80030000                        __ospi_device_1_region_start_address__ = __ospi_device_1_start__
                0x90030000                        __ospi_device_1_region_end_address__ = (__ospi_device_1_start__ + __ospi_device_1_region_max_size__)
                0x80030000                        __tz_OSPI_DEVICE_1_N = __ospi_device_1_non_retentive_end__

.noinit         0x200003a0       0x20
                0x200003a0                        . = ALIGN (0x4)
                0x200003a0                        __noinit_start = .
 *(.noinit*)
 .noinit        0x200003a0       0x1c ./ra/fsp/src/bsp/mcu/all/bsp_clocks.o
                0x200003c0                        . = ALIGN (0x8)
 *fill*         0x200003bc        0x4 
 *(.heap.*)
                0x200003c0                        __noinit_end = .

.bss            0x200003c0      0x874
                0x200003c0                        . = ALIGN (0x4)
                0x200003c0                        __bss_start__ = .
 *(.bss*)
 .bss.completed.1
                0x200003c0        0x1 C:/Renesas/RA/e2studio_v2025-04_fsp_v5.9.0/toolchains/gcc_arm/13.2.rel1/bin/../lib/gcc/arm-none-eabi/13.2.1/thumb/v8-m.main+fp/hard/crtbegin.o
 *fill*         0x200003c1        0x3 
 .bss.object.0  0x200003c4       0x18 C:/Renesas/RA/e2studio_v2025-04_fsp_v5.9.0/toolchains/gcc_arm/13.2.rel1/bin/../lib/gcc/arm-none-eabi/13.2.1/thumb/v8-m.main+fp/hard/crtbegin.o
 .bss.irq_flag  0x200003dc        0x1 ./src/hal_entry.o
                0x200003dc                irq_flag
 .bss.dtap_event_catched
                0x200003dd        0x1 ./src/hal_entry.o
 .bss.stap_event_catched
                0x200003de        0x1 ./src/hal_entry.o
 *fill*         0x200003df        0x1 
 .bss.dev_ctx   0x200003e0       0x10 ./src/hal_entry.o
 .bss.rst       0x200003f0        0x1 ./src/hal_entry.o
                0x200003f0                rst
 *fill*         0x200003f1        0x3 
 .bss.pin_int   0x200003f4        0x3 ./src/hal_entry.o
                0x200003f4                pin_int
 *fill*         0x200003f7        0x1 
 .bss.status    0x200003f8        0x8 ./src/hal_entry.o
                0x200003f8                status
 .bss.tap_win   0x20000400        0x1 ./src/hal_entry.o
 *fill*         0x20000401        0x3 
 .bss.tap_ths   0x20000404        0x3 ./src/hal_entry.o
 *fill*         0x20000407        0x1 
 .bss.tap       0x20000408        0x1 ./src/hal_entry.o
 *fill*         0x20000409        0x3 
 .bss.irq       0x2000040c        0x1 ./src/hal_entry.o
 .bss.whoamI    0x2000040d        0x1 ./src/hal_entry.o
 .bss.uart_send_complete_flag
                0x2000040e        0x1 ./src/hal_entry.o
                0x2000040e                uart_send_complete_flag
 *fill*         0x2000040f        0x1 
 .bss.err       0x20000410        0x4 ./src/hal_entry.o
                0x20000410                err
 .bss.temp_tuya
                0x20000414        0x2 ./src/hal_entry.o
                0x20000414                temp_tuya
 .bss.up_down   0x20000416        0x1 ./src/hal_entry.o
                0x20000416                up_down
 .bss.bat       0x20000417        0x1 ./src/hal_entry.o
                0x20000417                bat
 .bss.g_tuya_mode_flag
                0x20000418        0x1 ./src/hal_entry.o
                0x20000418                g_tuya_mode_flag
 *fill*         0x20000419        0x3 
 .bss.g_tuya_up_data
                0x2000041c        0x4 ./src/hal_entry.o
                0x2000041c                g_tuya_up_data
 .bss.wifi_Update
                0x20000420        0x4 ./src/hal_entry.o
                0x20000420                wifi_Update
 .bss.wifi_ap_num
                0x20000424        0x4 ./src/hal_entry.o
                0x20000424                wifi_ap_num
 .bss.wifi_first
                0x20000428        0x1 ./src/hal_entry.o
                0x20000428                wifi_first
 *fill*         0x20000429        0x3 
 .bss.UART0_TUYA_flag
                0x2000042c        0x4 ./src/hal_entry.o
                0x2000042c                UART0_TUYA_flag
 .bss.UART0_TUYA_LENGTH
                0x20000430        0x4 ./src/hal_entry.o
                0x20000430                UART0_TUYA_LENGTH
 .bss.TUYA_wifi_buffer
                0x20000434       0xff ./src/hal_entry.o
                0x20000434                TUYA_wifi_buffer
 .bss.uart_wifi_TX_flag
                0x20000533        0x1 ./src/hal_entry.o
                0x20000533                uart_wifi_TX_flag
 .bss.uart_wifi_RX_flag
                0x20000534        0x1 ./src/hal_entry.o
                0x20000534                uart_wifi_RX_flag
 *fill*         0x20000535        0x3 
 .bss.OLED_GRAM
                0x20000538      0x480 ./src/oled.o
                0x20000538                OLED_GRAM
 .bss.g_ioport_ctrl
                0x200009b8        0x8 ./ra_gen/common_data.o
                0x200009b8                g_ioport_ctrl
 .bss.g_external_irq6_ctrl
                0x200009c0       0x10 ./ra_gen/common_data.o
                0x200009c0                g_external_irq6_ctrl
 .bss.g_uart9_ctrl
                0x200009d0       0x30 ./ra_gen/hal_data.o
                0x200009d0                g_uart9_ctrl
 .bss.g_i2c2_ctrl
                0x20000a00       0x40 ./ra_gen/hal_data.o
                0x20000a00                g_i2c2_ctrl
 .bss.g_uart0_ctrl
                0x20000a40       0x30 ./ra_gen/hal_data.o
                0x20000a40                g_uart0_ctrl
 .bss.g_bsp_group_irq_sources
                0x20000a70       0x38 ./ra/fsp/src/bsp/mcu/all/bsp_group_irq.o
                0x20000a70                g_bsp_group_irq_sources
 .bss.g_protect_pfswe_counter
                0x20000aa8        0x4 ./ra/fsp/src/bsp/mcu/all/bsp_io.o
                0x20000aa8                g_protect_pfswe_counter
 .bss.gp_renesas_isr_context
                0x20000aac       0x2c ./ra/fsp/src/bsp/mcu/all/bsp_irq.o
                0x20000aac                gp_renesas_isr_context
 .bss.g_protect_counters
                0x20000ad8        0x8 ./ra/fsp/src/bsp/mcu/all/bsp_register_protection.o
                0x20000ad8                g_protect_counters
 .bss.current_heap_end.0
                0x20000ae0        0x4 ./ra/fsp/src/bsp/mcu/all/bsp_sbrk.o
 .bss.SystemCoreClock
                0x20000ae4        0x4 ./ra/fsp/src/bsp/cmsis/Device/RENESAS/Source/system.o
                0x20000ae4                SystemCoreClock
 .bss.__sf      0x20000ae8      0x138 C:/Renesas/RA/e2studio_v2025-04_fsp_v5.9.0/toolchains/gcc_arm/13.2.rel1/bin/../lib/gcc/arm-none-eabi/13.2.1/thumb/v8-m.main+fp/hard\libg_nano.a(libc_a-findfp.o)
                0x20000ae8                __sf
 .bss.__stdio_exit_handler
                0x20000c20        0x4 C:/Renesas/RA/e2studio_v2025-04_fsp_v5.9.0/toolchains/gcc_arm/13.2.rel1/bin/../lib/gcc/arm-none-eabi/13.2.1/thumb/v8-m.main+fp/hard\libg_nano.a(libc_a-findfp.o)
                0x20000c20                __stdio_exit_handler
 .bss.errno     0x20000c24        0x4 C:/Renesas/RA/e2studio_v2025-04_fsp_v5.9.0/toolchains/gcc_arm/13.2.rel1/bin/../lib/gcc/arm-none-eabi/13.2.1/thumb/v8-m.main+fp/hard\libg_nano.a(libc_a-reent.o)
                0x20000c24                errno
 .bss.__lock___malloc_recursive_mutex
                0x20000c28        0x1 C:/Renesas/RA/e2studio_v2025-04_fsp_v5.9.0/toolchains/gcc_arm/13.2.rel1/bin/../lib/gcc/arm-none-eabi/13.2.1/thumb/v8-m.main+fp/hard\libg_nano.a(libc_a-lock.o)
                0x20000c28                __lock___malloc_recursive_mutex
 .bss.__lock___sfp_recursive_mutex
                0x20000c29        0x1 C:/Renesas/RA/e2studio_v2025-04_fsp_v5.9.0/toolchains/gcc_arm/13.2.rel1/bin/../lib/gcc/arm-none-eabi/13.2.1/thumb/v8-m.main+fp/hard\libg_nano.a(libc_a-lock.o)
                0x20000c29                __lock___sfp_recursive_mutex
 *fill*         0x20000c2a        0x2 
 .bss.__malloc_sbrk_start
                0x20000c2c        0x4 C:/Renesas/RA/e2studio_v2025-04_fsp_v5.9.0/toolchains/gcc_arm/13.2.rel1/bin/../lib/gcc/arm-none-eabi/13.2.1/thumb/v8-m.main+fp/hard\libg_nano.a(libc_a-mallocr.o)
                0x20000c2c                __malloc_sbrk_start
 .bss.__malloc_free_list
                0x20000c30        0x4 C:/Renesas/RA/e2studio_v2025-04_fsp_v5.9.0/toolchains/gcc_arm/13.2.rel1/bin/../lib/gcc/arm-none-eabi/13.2.1/thumb/v8-m.main+fp/hard\libg_nano.a(libc_a-mallocr.o)
                0x20000c30                __malloc_free_list
 *(COMMON)
                0x20000c34                        . = ALIGN (0x4)
                0x20000c34                        __bss_end__ = .

.heap           0x20000c38     0x2000
                0x20000c38                        . = ALIGN (0x8)
                0x20000c38                        __HeapBase = .
 *(.heap)
 .heap          0x20000c38     0x2000 ./ra/fsp/src/bsp/cmsis/Device/RENESAS/Source/startup.o
                0x20002c38                        __HeapLimit = .

.stack_dummy    0x20002c38      0x400
                0x20002c38                        . = ALIGN (0x8)
                0x20002c38                        __StackLimit = .
 *(.stack)
 .stack         0x20002c38      0x400 ./ra/fsp/src/bsp/cmsis/Device/RENESAS/Source/startup.o
                0x20003038                        __StackTop = .
 *(.stack*)
                0x20003038                        __StackTopAll = .
                0x20003038                        PROVIDE (__stack = __StackTopAll)
                0x20003038                        __RAM_segment_used_end__ = ALIGN (__StackTopAll, 0x4)
                0x20003400                        __tz_RAM_C = DEFINED (RAM_NSC_START)?ABSOLUTE ((RAM_NSC_START - RAM_NS_BUFFER_BLOCK_LENGTH)):__RESERVE_NS_RAM?ABSOLUTE (RAM_NS_BUFFER_BLOCK_START):ALIGN (__RAM_segment_used_end__, 0x400)
                0x20004000                        __tz_RAM_N = DEFINED (RAM_NS_START)?ABSOLUTE ((RAM_NS_START - RAM_NS_BUFFER_BLOCK_LENGTH)):__RESERVE_NS_RAM?ABSOLUTE (RAM_NS_BUFFER_BLOCK_START):ALIGN (__tz_RAM_C, 0x2000)

.ns_buffer      0x20003038        0x0
                0x20003038                        . = __RESERVE_NS_RAM?ABSOLUTE ((RAM_NS_BUFFER_START & 0xffffffe0)):.
 *(.ns_buffer*)

.data_flash     0x08000000        0x0
                0x08000000                        . = ORIGIN (DATA_FLASH)
                0x08000000                        __tz_DATA_FLASH_S = .
                0x08000000                        __Data_Flash_Start = .
 *(.data_flash*)
                0x08000000                        __Data_Flash_End = .
                0x08000000                        __tz_DATA_FLASH_N = DEFINED (DATA_FLASH_NS_START)?ABSOLUTE (DATA_FLASH_NS_START):__RESERVE_NS_RAM?ABSOLUTE ((DATA_FLASH_START + DATA_FLASH_LENGTH)):ALIGN (0x400)
                0x80010000                        __tz_SDRAM_S = ORIGIN (SDRAM)

.sdram          0x80010000        0x0
                0x80010000                        __SDRAM_Start = .
 *(.sdram*)
 *(.frame*)
                0x80010000                        __SDRAM_End = .
                0x80010000                        __tz_SDRAM_N = __SDRAM_End
                0x00000000                        __tz_ID_CODE_S = ORIGIN (ID_CODE)
                0x00000000                        __tz_ID_CODE_N = __tz_ID_CODE_S

.id_code        0x00000000        0x0
                0x00000000                        __ID_Code_Start = .
 *(.id_code*)
                0x00000000                        __ID_Code_End = .
                0x0100a100                        __tz_OPTION_SETTING_S = ORIGIN (OPTION_SETTING_OFS)

.option_setting_ofs
                0x0100a100       0x10
                0x0100a100                        __OPTION_SETTING_OFS_Start = .
 *(.option_setting_ofs0)
 .option_setting_ofs0
                0x0100a100        0x4 ./ra/fsp/src/bsp/mcu/all/bsp_rom_registers.o
                0x0100a104                        . = PROJECT_SECURE_OR_FLAT?(__OPTION_SETTING_OFS_Start + 0x4):__OPTION_SETTING_OFS_Start
 *(.option_setting_ofs2)
                0x0100a110                        . = PROJECT_SECURE_OR_FLAT?(__OPTION_SETTING_OFS_Start + 0x10):__OPTION_SETTING_OFS_Start
 *fill*         0x0100a104        0xc ff
 *(.option_setting_dualsel)
                0x0100a110                        __OPTION_SETTING_OFS_End = .

.option_setting_sas
                0x0100a134        0x4
                0x0100a134                        __OPTION_SETTING_SAS_Start = .
 *(.option_setting_sas)
 .option_setting_sas
                0x0100a134        0x4 ./ra/fsp/src/bsp/mcu/all/bsp_rom_registers.o
                0x0100a138                        __OPTION_SETTING_SAS_End = .
                0x0100a180                        __tz_OPTION_SETTING_N = ABSOLUTE (OPTION_SETTING_START_NS)

.option_setting_ns
                0x0100a100        0x0
                0x0100a100                        __OPTION_SETTING_NS_Start = .
 *(.option_setting_ofs1)
                0x0100a100                        . = USE_OPTION_SETTING_NS?(__OPTION_SETTING_NS_Start + 0x4):__OPTION_SETTING_NS_Start
 *(.option_setting_ofs3)
                0x0100a100                        . = USE_OPTION_SETTING_NS?(__OPTION_SETTING_NS_Start + 0x10):__OPTION_SETTING_NS_Start
 *(.option_setting_banksel)
                0x0100a100                        . = USE_OPTION_SETTING_NS?(__OPTION_SETTING_NS_Start + 0x40):__OPTION_SETTING_NS_Start
 *(.option_setting_bps0)
                0x0100a100                        . = USE_OPTION_SETTING_NS?(__OPTION_SETTING_NS_Start + 0x44):__OPTION_SETTING_NS_Start
 *(.option_setting_bps1)
                0x0100a100                        . = USE_OPTION_SETTING_NS?(__OPTION_SETTING_NS_Start + 0x48):__OPTION_SETTING_NS_Start
 *(.option_setting_bps2)
                0x0100a100                        . = USE_OPTION_SETTING_NS?(__OPTION_SETTING_NS_Start + 0x4c):__OPTION_SETTING_NS_Start
 *(.option_setting_bps3)
                0x0100a100                        . = USE_OPTION_SETTING_NS?(__OPTION_SETTING_NS_Start + 0x60):__OPTION_SETTING_NS_Start
 *(.option_setting_pbps0)
                0x0100a100                        . = USE_OPTION_SETTING_NS?(__OPTION_SETTING_NS_Start + 0x64):__OPTION_SETTING_NS_Start
 *(.option_setting_pbps1)
                0x0100a100                        . = USE_OPTION_SETTING_NS?(__OPTION_SETTING_NS_Start + 0x68):__OPTION_SETTING_NS_Start
 *(.option_setting_pbps2)
                0x0100a100                        . = USE_OPTION_SETTING_NS?(__OPTION_SETTING_NS_Start + 0x6c):__OPTION_SETTING_NS_Start
 *(.option_setting_pbps3)
                0x0100a100                        __OPTION_SETTING_NS_End = .
                0x0100a200                        __tz_OPTION_SETTING_S_S = ORIGIN (OPTION_SETTING_S)

.option_setting_s
                0x0100a200       0xd0
                0x0100a200                        __OPTION_SETTING_S_Start = .
 *(.option_setting_ofs1_sec)
 .option_setting_ofs1_sec
                0x0100a200        0x4 ./ra/fsp/src/bsp/mcu/all/bsp_rom_registers.o
                0x0100a204                        . = PROJECT_SECURE_OR_FLAT?(__OPTION_SETTING_S_Start + 0x4):__OPTION_SETTING_S_Start
 *(.option_setting_ofs3_sec)
                0x0100a210                        . = PROJECT_SECURE_OR_FLAT?(__OPTION_SETTING_S_Start + 0x10):__OPTION_SETTING_S_Start
 *fill*         0x0100a204        0xc ff
 *(.option_setting_banksel_sec)
 .option_setting_banksel_sec
                0x0100a210        0x4 ./ra/fsp/src/bsp/mcu/all/bsp_rom_registers.o
                0x0100a240                        . = PROJECT_SECURE_OR_FLAT?(__OPTION_SETTING_S_Start + 0x40):__OPTION_SETTING_S_Start
 *fill*         0x0100a214       0x2c ff
 *(.option_setting_bps_sec0)
 .option_setting_bps_sec0
                0x0100a240        0x4 ./ra/fsp/src/bsp/mcu/all/bsp_rom_registers.o
                0x0100a244                        . = PROJECT_SECURE_OR_FLAT?(__OPTION_SETTING_S_Start + 0x44):__OPTION_SETTING_S_Start
 *(.option_setting_bps_sec1)
 .option_setting_bps_sec1
                0x0100a244        0x4 ./ra/fsp/src/bsp/mcu/all/bsp_rom_registers.o
                0x0100a248                        . = PROJECT_SECURE_OR_FLAT?(__OPTION_SETTING_S_Start + 0x48):__OPTION_SETTING_S_Start
 *(.option_setting_bps_sec2)
 .option_setting_bps_sec2
                0x0100a248        0x4 ./ra/fsp/src/bsp/mcu/all/bsp_rom_registers.o
                0x0100a24c                        . = PROJECT_SECURE_OR_FLAT?(__OPTION_SETTING_S_Start + 0x4c):__OPTION_SETTING_S_Start
 *(.option_setting_bps_sec3)
 .option_setting_bps_sec3
                0x0100a24c        0x4 ./ra/fsp/src/bsp/mcu/all/bsp_rom_registers.o
                0x0100a260                        . = PROJECT_SECURE_OR_FLAT?(__OPTION_SETTING_S_Start + 0x60):__OPTION_SETTING_S_Start
 *fill*         0x0100a250       0x10 ff
 *(.option_setting_pbps_sec0)
 .option_setting_pbps_sec0
                0x0100a260        0x4 ./ra/fsp/src/bsp/mcu/all/bsp_rom_registers.o
                0x0100a264                        . = PROJECT_SECURE_OR_FLAT?(__OPTION_SETTING_S_Start + 0x64):__OPTION_SETTING_S_Start
 *(.option_setting_pbps_sec1)
 .option_setting_pbps_sec1
                0x0100a264        0x4 ./ra/fsp/src/bsp/mcu/all/bsp_rom_registers.o
                0x0100a268                        . = PROJECT_SECURE_OR_FLAT?(__OPTION_SETTING_S_Start + 0x68):__OPTION_SETTING_S_Start
 *(.option_setting_pbps_sec2)
 .option_setting_pbps_sec2
                0x0100a268        0x4 ./ra/fsp/src/bsp/mcu/all/bsp_rom_registers.o
                0x0100a26c                        . = PROJECT_SECURE_OR_FLAT?(__OPTION_SETTING_S_Start + 0x6c):__OPTION_SETTING_S_Start
 *(.option_setting_pbps_sec3)
 .option_setting_pbps_sec3
                0x0100a26c        0x4 ./ra/fsp/src/bsp/mcu/all/bsp_rom_registers.o
                0x0100a280                        . = PROJECT_SECURE_OR_FLAT?(__OPTION_SETTING_S_Start + 0x80):__OPTION_SETTING_S_Start
 *fill*         0x0100a270       0x10 ff
 *(.option_setting_ofs1_sel)
 .option_setting_ofs1_sel
                0x0100a280        0x4 ./ra/fsp/src/bsp/mcu/all/bsp_rom_registers.o
                0x0100a284                        . = PROJECT_SECURE_OR_FLAT?(__OPTION_SETTING_S_Start + 0x84):__OPTION_SETTING_S_Start
 *(.option_setting_ofs3_sel)
                0x0100a290                        . = PROJECT_SECURE_OR_FLAT?(__OPTION_SETTING_S_Start + 0x90):__OPTION_SETTING_S_Start
 *fill*         0x0100a284        0xc ff
 *(.option_setting_banksel_sel)
                0x0100a2c0                        . = PROJECT_SECURE_OR_FLAT?(__OPTION_SETTING_S_Start + 0xc0):__OPTION_SETTING_S_Start
 *fill*         0x0100a290       0x30 ff
 *(.option_setting_bps_sel0)
 .option_setting_bps_sel0
                0x0100a2c0        0x4 ./ra/fsp/src/bsp/mcu/all/bsp_rom_registers.o
                0x0100a2c4                        . = PROJECT_SECURE_OR_FLAT?(__OPTION_SETTING_S_Start + 0xc4):__OPTION_SETTING_S_Start
 *(.option_setting_bps_sel1)
 .option_setting_bps_sel1
                0x0100a2c4        0x4 ./ra/fsp/src/bsp/mcu/all/bsp_rom_registers.o
                0x0100a2c8                        . = PROJECT_SECURE_OR_FLAT?(__OPTION_SETTING_S_Start + 0xc8):__OPTION_SETTING_S_Start
 *(.option_setting_bps_sel2)
 .option_setting_bps_sel2
                0x0100a2c8        0x4 ./ra/fsp/src/bsp/mcu/all/bsp_rom_registers.o
                0x0100a2cc                        . = PROJECT_SECURE_OR_FLAT?(__OPTION_SETTING_S_Start + 0xcc):__OPTION_SETTING_S_Start
 *(.option_setting_bps_sel3)
 .option_setting_bps_sel3