T6F3C 000:000.525   SEGGER J-Link V8.12f Log File
T6F3C 000:000.633   DLL Compiled: Feb 12 2025 13:34:40
T6F3C 000:000.647   Logging started @ 2025-06-13 17:59
T6F3C 000:000.660   Process: C:\Users\a8456\.eclipse\com.renesas.platform_1713588285\DebugComp\RA\e2-server-gdb.exe
T6F3C 000:000.676 - 0.673ms 
T6F3C 000:000.695 JLINK_GetDLLVersion()
T6F3C 000:000.708 - 0.013ms returns 81206
T6F3C 000:002.202 JLINK_OpenEx(...)
T6F3C 000:009.411   Firmware: J-Link V9 compiled May  7 2021 16:26:12
T6F3C 000:011.136   Firmware: J-Link V9 compiled May  7 2021 16:26:12
T6F3C 000:011.267   Decompressing FW timestamp took 97 us
T6F3C 000:019.372   Hardware: V9.60
T6F3C 000:019.426   S/N: 69667700
T6F3C 000:019.446   OEM: SEGGER
T6F3C 000:019.631   Feature(s): RDI, GDB, FlashDL, FlashBP, JFlash
T6F3C 000:021.145   Bootloader: (FW returned invalid version)
T6F3C 000:023.462   TELNET listener socket opened on port 19021
T6F3C 000:023.627   WEBSRV WEBSRV_Init(): Starting webserver thread(s)
T6F3C 000:023.942   WEBSRV Webserver running on local port 19080
T6F3C 000:024.103   Looking for J-Link GUI Server exe at: C:\Users\a8456\.eclipse\com.renesas.platform_1713588285\DebugComp\RA\ARM\Segger_v8.12.6\JLinkGUIServer.exe
T6F3C 000:024.191   Looking for J-Link GUI Server exe at: C:\Program Files\SEGGER\JLink_V818\JLinkGUIServer.exe
T6F3C 000:024.219   Forking J-Link GUI Server: C:\Program Files\SEGGER\JLink_V818\JLinkGUIServer.exe
T6F3C 000:046.161   J-Link GUI Server info: "J-Link GUI server V8.18 "
T6F3C 000:050.547 - 48.338ms returns "O.K."
T6F3C 000:050.673 JLINK_ExecCommand("ProjectFile=C:\Users\a8456\e2_studio\workspace\RA4M2_IOT_Project6/RA4M2_IOT_Project6.elf.jlink", ...). 
T6F3C 000:070.902 - 20.230ms returns 0x00
T6F3C 000:071.127 JLINK_ExecCommand("device=R7FA4M2AD", ...). 
T6F3C 000:071.252   Flash bank @ 0x0100A100: SFL: Parsing sectorization info from ELF file
T6F3C 000:071.335     FlashDevice.SectorInfo[0]: .SectorSize = 0x00000010, .SectorStartAddr = 0x00000000
T6F3C 000:071.344   FlashBank @0x0100A100: Sectorization info from SFL ELF file ignored because sectorization override from DLL / XML file is active.
T6F3C 000:071.554   Flash bank @ 0x60000000: SFL: Parsing sectorization info from ELF file
T6F3C 000:071.565     FlashDevice.SectorInfo[0]: .SectorSize = 0x00010000, .SectorStartAddr = 0x00000000
T6F3C 000:074.683   Device "R7FA4M2AD" selected.
T6F3C 000:075.157 - 4.019ms returns 0x00
T6F3C 000:075.176 JLINK_TIF_GetAvailable(...)
T6F3C 000:075.648 - 0.471ms 
T6F3C 000:075.673 JLINK_TIF_Select(JLINKARM_TIF_SWD)
T6F3C 000:077.598 - 1.925ms returns 0x00
T6F3C 000:077.627 JLINK_SetSpeed(4000)
T6F3C 000:078.058 - 0.432ms 
T6F3C 000:078.105 JLINK_ReadMem(0xE000EDF0, 0x4 Bytes, ...)
T6F3C 000:078.645   ConfigTargetSettings() start
T6F3C 000:078.658    J-Link Script File: Executing ConfigTargetSettings()
T6F3C 000:078.666   Configuring FlashDLNoRMWThreshold=0x200 in order to make sure that option bytes programming is done via read-modify-write
T6F3C 000:083.576   ConfigTargetSettings() end - Took 4.91ms
T6F3C 000:083.591   InitTarget() start
T6F3C 000:083.599    J-Link Script File: Executing InitTarget()
T6F3C 000:083.606   SWD selected. Executing JTAG -> SWD switching sequence.
T6F3C 000:087.034   DAP initialized successfully.
T6F3C 000:087.051   Determining TrustZone configuration...
T6F3C 000:089.282     Secure Debug: Enabled (SSD)
T6F3C 000:089.304   Determining currently configured transfer type by reading the AHB-AP CSW register.
T6F3C 000:090.911     --> Correct transfer type configured. Done.
T6F3C 000:090.932   InitTarget() end - Took 7.33ms
T6F3C 000:092.082   Found SW-DP with ID 0x6BA02477
T6F3C 000:095.979   DPIDR: 0x6BA02477
T6F3C 000:095.992   CoreSight SoC-400 or earlier
T6F3C 000:096.002   Scanning AP map to find all available APs
T6F3C 000:097.770   AP[2]: Stopped AP scan as end of AP map has been reached
T6F3C 000:097.784   AP[0]: AHB-AP (IDR: 0x84770001, ADDR: 0x00000000)
T6F3C 000:097.792   AP[1]: APB-AP (IDR: 0x54770002, ADDR: 0x01000000)
T6F3C 000:097.801   Iterating through AP map to find AHB-AP to use
T6F3C 000:099.301   AP[0]: Core found
T6F3C 000:099.317   AP[0]: AHB-AP ROM base: 0xE00FE000
T6F3C 000:100.058   CPUID register: 0x410FD214. Implementer code: 0x41 (ARM)
T6F3C 000:100.077   Feature set: Mainline
T6F3C 000:100.757   Cache: No cache
T6F3C 000:100.776   Found Cortex-M33 r0p4, Little endian.
T6F3C 000:101.734   -- Max. mem block: 0x00010A88
T6F3C 000:103.161   
  ***** Warning: 
T6F3C 000:103.174   Cortex-M (ARMv8-M and later): The connected J-Link (S/N 69667700) uses an old firmware module that does not handle I/D-cache correctly. Proper debugging functionality cannot be guaranteed if cache is enabled
T6F3C 000:103.192   CPU_ReadMem(4 bytes @ 0xE000EDF0)
T6F3C 000:103.791   CPU_WriteMem(4 bytes @ 0xE000EDF0)
T6F3C 000:104.412   CPU_ReadMem(4 bytes @ 0xE0002000)
T6F3C 000:105.024   FPUnit: 8 code (BP) slots and 0 literal slots
T6F3C 000:105.056   CPU_ReadMem(4 bytes @ 0xE000EDFC)
T6F3C 000:105.663   CPU_WriteMem(4 bytes @ 0xE000EDFC)
T6F3C 000:106.295   CPU_ReadMem(4 bytes @ 0xE0001000)
T6F3C 000:106.962   CPU_ReadMem(4 bytes @ 0xE0001000)
T6F3C 000:107.602   CPU_ReadMem(4 bytes @ 0xE0001028)
T6F3C 000:108.214   CPU_ReadMem(4 bytes @ 0xE0001038)
T6F3C 000:108.833   CPU_ReadMem(4 bytes @ 0xE0001048)
T6F3C 000:109.446   CPU_ReadMem(4 bytes @ 0xE0001058)
T6F3C 000:110.049   CPU_WriteMem(4 bytes @ 0xE0001000)
T6F3C 000:110.635   CPU_ReadMem(4 bytes @ 0xE000ED88)
T6F3C 000:111.211   CPU_WriteMem(4 bytes @ 0xE000ED88)
T6F3C 000:111.831   CPU_ReadMem(4 bytes @ 0xE000ED88)
T6F3C 000:112.403   CPU_WriteMem(4 bytes @ 0xE000ED88)
T6F3C 000:113.017   CPU_ReadMem(4 bytes @ 0xE000EFB8)
T6F3C 000:113.606   Security extension: implemented
T6F3C 000:113.615   Secure debug: enabled
T6F3C 000:113.623   CoreSight components:
T6F3C 000:113.631   ROMTbl[0] @ E00FE000
T6F3C 000:113.639   CPU_ReadMem(64 bytes @ 0xE00FE000)
T6F3C 000:114.614   CPU_ReadMem(32 bytes @ 0xE0044FE0)
T6F3C 000:115.354   CPU_ReadMem(4 bytes @ 0xE0044FBC)
T6F3C 000:115.951   CPU_ReadMem(4 bytes @ 0xE0044FCC)
T6F3C 000:116.620   [0][0]: E0044000 CID B105900D PID 005BB906 DEVARCH 00000000 DEVTYPE 14 CTI (?)
T6F3C 000:116.662   CPU_ReadMem(32 bytes @ 0xE0047FE0)
T6F3C 000:117.398   CPU_ReadMem(4 bytes @ 0xE0047FBC)
T6F3C 000:117.977   CPU_ReadMem(4 bytes @ 0xE0047FCC)
T6F3C 000:118.609   [0][1]: E0047000 CID B105900D PID 003BB908 DEVARCH 00000000 DEVTYPE 12 CSTF
T6F3C 000:118.619   CPU_ReadMem(32 bytes @ 0xE0048FE0)
T6F3C 000:119.356   CPU_ReadMem(4 bytes @ 0xE0048FBC)
T6F3C 000:119.938   CPU_ReadMem(4 bytes @ 0xE0048FCC)
T6F3C 000:120.568   [0][2]: E0048000 CID B105900D PID 001BB961 DEVARCH 00000000 DEVTYPE 21 TMC
T6F3C 000:120.599   CPU_ReadMem(32 bytes @ 0xE0049FE0)
T6F3C 000:121.357   [0][3]: E0049000 CID B105F00D PID 001BB101 TSG
T6F3C 000:121.373   CPU_ReadMem(32 bytes @ 0xE0040FE0)
T6F3C 000:122.130   CPU_ReadMem(4 bytes @ 0xE0040FBC)
T6F3C 000:122.768   CPU_ReadMem(4 bytes @ 0xE0040FCC)
T6F3C 000:123.360   [0][4]: E0040000 CID B105900D PID 000BBD21 DEVARCH 00000000 DEVTYPE 11 TPIU
T6F3C 000:123.377   CPU_ReadMem(32 bytes @ 0xE00FFFE0)
T6F3C 000:124.102   [0][5]: E00FF000 CID B105100D PID 000BB4C9 ROM Table
T6F3C 000:124.112   ROMTbl[1] @ E00FF000
T6F3C 000:124.121   CPU_ReadMem(64 bytes @ 0xE00FF000)
T6F3C 000:125.069   CPU_ReadMem(32 bytes @ 0xE000EFE0)
T6F3C 000:125.784   CPU_ReadMem(4 bytes @ 0xE000EFBC)
T6F3C 000:126.351   CPU_ReadMem(4 bytes @ 0xE000EFCC)
T6F3C 000:126.937   [1][0]: E000E000 CID B105900D PID 000BBD21 DEVARCH 47702A04 DEVTYPE 00 Cortex-M33
T6F3C 000:126.947   CPU_ReadMem(32 bytes @ 0xE0001FE0)
T6F3C 000:127.665   CPU_ReadMem(4 bytes @ 0xE0001FBC)
T6F3C 000:128.255   CPU_ReadMem(4 bytes @ 0xE0001FCC)
T6F3C 000:128.853   [1][1]: E0001000 CID B105900D PID 000BBD21 DEVARCH 47701A02 DEVTYPE 00 DWT
T6F3C 000:128.862   CPU_ReadMem(32 bytes @ 0xE0002FE0)
T6F3C 000:129.637   CPU_ReadMem(4 bytes @ 0xE0002FBC)
T6F3C 000:130.212   CPU_ReadMem(4 bytes @ 0xE0002FCC)
T6F3C 000:130.808   [1][2]: E0002000 CID B105900D PID 000BBD21 DEVARCH 47701A03 DEVTYPE 00 FPB
T6F3C 000:130.863   CPU_ReadMem(32 bytes @ 0xE0000FE0)
T6F3C 000:131.622   CPU_ReadMem(4 bytes @ 0xE0000FBC)
T6F3C 000:132.215   CPU_ReadMem(4 bytes @ 0xE0000FCC)
T6F3C 000:132.784   [1][3]: E0000000 CID B105900D PID 000BBD21 DEVARCH 47701A01 DEVTYPE 43 ITM
T6F3C 000:132.794   CPU_ReadMem(32 bytes @ 0xE0041FE0)
T6F3C 000:133.514   CPU_ReadMem(4 bytes @ 0xE0041FBC)
T6F3C 000:134.103   CPU_ReadMem(4 bytes @ 0xE0041FCC)
T6F3C 000:134.692   [1][5]: E0041000 CID B105900D PID 002BBD21 DEVARCH 47724A13 DEVTYPE 13 ETM
T6F3C 000:134.705   CPU_ReadMem(32 bytes @ 0xE0042FE0)
T6F3C 000:135.452   CPU_ReadMem(4 bytes @ 0xE0042FBC)
T6F3C 000:136.028   CPU_ReadMem(4 bytes @ 0xE0042FCC)
T6F3C 000:136.810   [1][6]: E0042000 CID B105900D PID 000BBD21 DEVARCH 47701A14 DEVTYPE 14 CSS600-CTI
T6F3C 000:136.878   CPU_ReadMem(4 bytes @ 0xE000EDF0)
T6F3C 000:137.505   Data:  01 00 10 01
T6F3C 000:137.555   Debug reg: DHCSR
T6F3C 000:137.589 - 59.482ms returns 0
T6F3C 000:137.618 JLINK_ReadMem(0x400E002C, 0x4 Bytes, ...)
T6F3C 000:137.636   CPU_ReadMem(4 bytes @ 0x400E002C)
T6F3C 000:138.270   Data:  01 00 00 00
T6F3C 000:138.305 - 0.686ms returns 0
T6F3C 000:138.361 JLINK_ReadMem(0xE000EDF0, 0x4 Bytes, ...)
T6F3C 000:138.370   CPU_ReadMem(4 bytes @ 0xE000EDF0)
T6F3C 000:138.973   Data:  01 00 10 01
T6F3C 000:139.074   Debug reg: DHCSR
T6F3C 000:139.102 - 0.740ms returns 0
T6F3C 000:139.185 JLINK_ReadMem(0xE000EDF0, 0x4 Bytes, ...)
T6F3C 000:139.220   CPU_ReadMem(4 bytes @ 0xE000EDF0)
T6F3C 000:139.895   Data:  01 00 10 01
T6F3C 000:139.916   Debug reg: DHCSR
T6F3C 000:139.925 - 0.740ms returns 0
T6F3C 000:139.935 JLINK_ReadMem(0x400E001C, 0x4 Bytes, ...)
T6F3C 000:139.945   CPU_ReadMem(4 bytes @ 0x400E001C)
T6F3C 000:140.550   Data:  00 FC FF 00
T6F3C 000:140.566 - 0.631ms returns 0
T6F3C 000:140.580 JLINK_ReadMem(0xE000EDF0, 0x4 Bytes, ...)
T6F3C 000:140.589   CPU_ReadMem(4 bytes @ 0xE000EDF0)
T6F3C 000:141.161   Data:  01 00 10 01
T6F3C 000:141.178   Debug reg: DHCSR
T6F3C 000:141.187 - 0.606ms returns 0
T6F3C 000:141.196 JLINK_ReadMem(0x400E0018, 0x4 Bytes, ...)
T6F3C 000:141.205   CPU_ReadMem(4 bytes @ 0x400E0018)
T6F3C 000:141.806   Data:  00 80 FF 00
T6F3C 000:141.820 - 0.623ms returns 0
T6F3C 000:141.831 JLINK_ReadMem(0xE000EDF0, 0x4 Bytes, ...)
T6F3C 000:141.840   CPU_ReadMem(4 bytes @ 0xE000EDF0)
T6F3C 000:142.452   Data:  01 00 10 01
T6F3C 000:142.462   Debug reg: DHCSR
T6F3C 000:142.471 - 0.639ms returns 0
T6F3C 000:142.478 JLINK_ReadMem(0x400E0020, 0x4 Bytes, ...)
T6F3C 000:142.485   CPU_ReadMem(4 bytes @ 0x400E0020)
T6F3C 000:143.081   Data:  00 FC 00 00
T6F3C 000:143.091 - 0.612ms returns 0
T6F3C 000:143.101 JLINK_ReadMem(0xE000EDF0, 0x4 Bytes, ...)
T6F3C 000:143.107   CPU_ReadMem(4 bytes @ 0xE000EDF0)
T6F3C 000:143.691   Data:  01 00 10 01
T6F3C 000:143.701   Debug reg: DHCSR
T6F3C 000:143.710 - 0.609ms returns 0
T6F3C 000:143.718 JLINK_ReadMem(0x400E0028, 0x4 Bytes, ...)
T6F3C 000:143.724   CPU_ReadMem(4 bytes @ 0x400E0028)
T6F3C 000:144.282   Data:  00 FC 1F 00
T6F3C 000:144.293 - 0.575ms returns 0
T6F3C 000:144.303 JLINK_ReadMem(0xE000EDF0, 0x4 Bytes, ...)
T6F3C 000:144.309   CPU_ReadMem(4 bytes @ 0xE000EDF0)
T6F3C 000:144.899   Data:  01 00 10 01
T6F3C 000:144.910   Debug reg: DHCSR
T6F3C 000:144.918 - 0.615ms returns 0
T6F3C 000:144.926 JLINK_ReadMem(0x400E0024, 0x4 Bytes, ...)
T6F3C 000:144.932   CPU_ReadMem(4 bytes @ 0x400E0024)
T6F3C 000:145.488   Data:  00 E0 1F 00
T6F3C 000:145.497 - 0.571ms returns 0
T6F3C 000:145.506 JLINK_ReadMem(0xE000EDF0, 0x4 Bytes, ...)
T6F3C 000:145.512   CPU_ReadMem(4 bytes @ 0xE000EDF0)
T6F3C 000:146.149   Data:  01 00 10 01
T6F3C 000:146.160   Debug reg: DHCSR
T6F3C 000:146.168 - 0.662ms returns 0
T6F3C 000:146.175 JLINK_ReadMem(0x400E002C, 0x4 Bytes, ...)
T6F3C 000:146.182   CPU_ReadMem(4 bytes @ 0x400E002C)
T6F3C 000:146.787   Data:  01 00 00 00
T6F3C 000:146.799 - 0.623ms returns 0
T6F3C 000:149.436 JLINK_Close()
T6F3C 000:175.078 - 25.641ms
T6F3C 000:175.111   
T6F3C 000:175.117   Closed
