T49FC 000:000.504   SEGGER J-Link V8.12f Log File
T49FC 000:000.611   DLL Compiled: Feb 12 2025 13:34:40
T49FC 000:000.649   Logging started @ 2025-06-04 17:11
T49FC 000:000.662   Process: C:\Users\a8456\.eclipse\com.renesas.platform_1713588285\DebugComp\RA\e2-server-gdb.exe
T49FC 000:000.679 - 0.675ms 
T49FC 000:000.699 JLINK_GetDLLVersion()
T49FC 000:000.713 - 0.014ms returns 81206
T49FC 000:002.187 JLINK_OpenEx(...)
T49FC 000:008.957   Firmware: J-Link V9 compiled May  7 2021 16:26:12
T49FC 000:010.525   Firmware: J-Link V9 compiled May  7 2021 16:26:12
T49FC 000:010.657   Decompressing FW timestamp took 90 us
T49FC 000:018.790   Hardware: V9.60
T49FC 000:018.854   S/N: 69667700
T49FC 000:018.874   OEM: SEGGER
T49FC 000:019.053   Feature(s): RDI, GDB, FlashDL, FlashBP, JFlash
T49FC 000:020.516   Bootloader: (FW returned invalid version)
T49FC 000:022.243   TELNET listener socket opened on port 19021
T49FC 000:022.356   WEBSRV WEBSRV_Init(): Starting webserver thread(s)
T49FC 000:022.550   WEBSRV Webserver running on local port 19080
T49FC 000:022.655   Looking for J-Link GUI Server exe at: C:\Users\a8456\.eclipse\com.renesas.platform_1713588285\DebugComp\RA\ARM\Segger_v8.12.6\JLinkGUIServer.exe
T49FC 000:022.771   Looking for J-Link GUI Server exe at: C:\Program Files\SEGGER\JLink_V818\JLinkGUIServer.exe
T49FC 000:022.804   Forking J-Link GUI Server: C:\Program Files\SEGGER\JLink_V818\JLinkGUIServer.exe
T49FC 000:041.592   J-Link GUI Server info: "J-Link GUI server V8.18 "
T49FC 000:045.965 - 43.772ms returns "O.K."
T49FC 000:046.096 JLINK_ExecCommand("ProjectFile=C:\Users\a8456\e2_studio\workspace\RA4M2_IOT_Project2/RA4M2_IOT_Project2.elf.jlink", ...). 
T49FC 000:066.867 - 20.772ms returns 0x00
T49FC 000:067.098 JLINK_ExecCommand("device=R7FA4M2AD", ...). 
T49FC 000:067.235   Flash bank @ 0x0100A100: SFL: Parsing sectorization info from ELF file
T49FC 000:067.246     FlashDevice.SectorInfo[0]: .SectorSize = 0x00000010, .SectorStartAddr = 0x00000000
T49FC 000:067.255   FlashBank @0x0100A100: Sectorization info from SFL ELF file ignored because sectorization override from DLL / XML file is active.
T49FC 000:067.457   Flash bank @ 0x60000000: SFL: Parsing sectorization info from ELF file
T49FC 000:067.468     FlashDevice.SectorInfo[0]: .SectorSize = 0x00010000, .SectorStartAddr = 0x00000000
T49FC 000:070.228   Device "R7FA4M2AD" selected.
T49FC 000:070.515 - 3.404ms returns 0x00
T49FC 000:070.528 JLINK_TIF_GetAvailable(...)
T49FC 000:071.019 - 0.490ms 
T49FC 000:071.033 JLINK_TIF_Select(JLINKARM_TIF_SWD)
T49FC 000:072.897 - 1.862ms returns 0x00
T49FC 000:072.918 JLINK_SetSpeed(4000)
T49FC 000:073.325 - 0.408ms 
T49FC 000:073.341 JLINK_ReadMem(0xE000EDF0, 0x4 Bytes, ...)
T49FC 000:073.834   ConfigTargetSettings() start
T49FC 000:073.854    J-Link Script File: Executing ConfigTargetSettings()
T49FC 000:073.862   Configuring FlashDLNoRMWThreshold=0x200 in order to make sure that option bytes programming is done via read-modify-write
T49FC 000:078.937   ConfigTargetSettings() end - Took 5.08ms
T49FC 000:078.961   InitTarget() start
T49FC 000:078.977    J-Link Script File: Executing InitTarget()
T49FC 000:078.985   SWD selected. Executing JTAG -> SWD switching sequence.
T49FC 000:082.415   DAP initialized successfully.
T49FC 000:082.439   Determining TrustZone configuration...
T49FC 000:084.444     Secure Debug: Enabled (SSD)
T49FC 000:084.464   Determining currently configured transfer type by reading the AHB-AP CSW register.
T49FC 000:086.017     --> Correct transfer type configured. Done.
T49FC 000:086.032   InitTarget() end - Took 7.05ms
T49FC 000:087.322   Found SW-DP with ID 0x6BA02477
T49FC 000:090.912   DPIDR: 0x6BA02477
T49FC 000:090.929   CoreSight SoC-400 or earlier
T49FC 000:090.941   Scanning AP map to find all available APs
T49FC 000:092.572   AP[2]: Stopped AP scan as end of AP map has been reached
T49FC 000:092.611   AP[0]: AHB-AP (IDR: 0x84770001, ADDR: 0x00000000)
T49FC 000:092.629   AP[1]: APB-AP (IDR: 0x54770002, ADDR: 0x01000000)
T49FC 000:092.637   Iterating through AP map to find AHB-AP to use
T49FC 000:094.181   AP[0]: Core found
T49FC 000:094.195   AP[0]: AHB-AP ROM base: 0xE00FE000
T49FC 000:094.947   CPUID register: 0x410FD214. Implementer code: 0x41 (ARM)
T49FC 000:094.983   Feature set: Mainline
T49FC 000:095.770   Cache: No cache
T49FC 000:095.795   Found Cortex-M33 r0p4, Little endian.
T49FC 000:096.739   -- Max. mem block: 0x00010A88
T49FC 000:098.254   
  ***** Warning: 
T49FC 000:098.270   Cortex-M (ARMv8-M and later): The connected J-Link (S/N 69667700) uses an old firmware module that does not handle I/D-cache correctly. Proper debugging functionality cannot be guaranteed if cache is enabled
T49FC 000:098.287   CPU_ReadMem(4 bytes @ 0xE000EDF0)
T49FC 000:098.852   CPU_WriteMem(4 bytes @ 0xE000EDF0)
T49FC 000:099.415   CPU_ReadMem(4 bytes @ 0xE0002000)
T49FC 000:100.022   FPUnit: 8 code (BP) slots and 0 literal slots
T49FC 000:100.039   CPU_ReadMem(4 bytes @ 0xE000EDFC)
T49FC 000:100.630   CPU_WriteMem(4 bytes @ 0xE000EDFC)
T49FC 000:101.254   CPU_ReadMem(4 bytes @ 0xE0001000)
T49FC 000:101.846   CPU_ReadMem(4 bytes @ 0xE0001000)
T49FC 000:102.391   CPU_ReadMem(4 bytes @ 0xE0001028)
T49FC 000:102.980   CPU_ReadMem(4 bytes @ 0xE0001038)
T49FC 000:103.596   CPU_ReadMem(4 bytes @ 0xE0001048)
T49FC 000:104.198   CPU_ReadMem(4 bytes @ 0xE0001058)
T49FC 000:104.790   CPU_WriteMem(4 bytes @ 0xE0001000)
T49FC 000:105.350   CPU_ReadMem(4 bytes @ 0xE000ED88)
T49FC 000:105.954   CPU_WriteMem(4 bytes @ 0xE000ED88)
T49FC 000:106.505   CPU_ReadMem(4 bytes @ 0xE000ED88)
T49FC 000:107.080   CPU_WriteMem(4 bytes @ 0xE000ED88)
T49FC 000:107.691   CPU_ReadMem(4 bytes @ 0xE000EFB8)
T49FC 000:108.350   Security extension: implemented
T49FC 000:108.359   Secure debug: enabled
T49FC 000:108.367   CoreSight components:
T49FC 000:108.375   ROMTbl[0] @ E00FE000
T49FC 000:108.384   CPU_ReadMem(64 bytes @ 0xE00FE000)
T49FC 000:109.229   CPU_ReadMem(32 bytes @ 0xE0044FE0)
T49FC 000:109.929   CPU_ReadMem(4 bytes @ 0xE0044FBC)
T49FC 000:110.468   CPU_ReadMem(4 bytes @ 0xE0044FCC)
T49FC 000:111.044   [0][0]: E0044000 CID B105900D PID 005BB906 DEVARCH 00000000 DEVTYPE 14 CTI (?)
T49FC 000:111.055   CPU_ReadMem(32 bytes @ 0xE0047FE0)
T49FC 000:111.751   CPU_ReadMem(4 bytes @ 0xE0047FBC)
T49FC 000:112.370   CPU_ReadMem(4 bytes @ 0xE0047FCC)
T49FC 000:113.078   [0][1]: E0047000 CID B105900D PID 003BB908 DEVARCH 00000000 DEVTYPE 12 CSTF
T49FC 000:113.121   CPU_ReadMem(32 bytes @ 0xE0048FE0)
T49FC 000:113.868   CPU_ReadMem(4 bytes @ 0xE0048FBC)
T49FC 000:114.495   CPU_ReadMem(4 bytes @ 0xE0048FCC)
T49FC 000:115.167   [0][2]: E0048000 CID B105900D PID 001BB961 DEVARCH 00000000 DEVTYPE 21 TMC
T49FC 000:115.182   CPU_ReadMem(32 bytes @ 0xE0049FE0)
T49FC 000:115.868   [0][3]: E0049000 CID B105F00D PID 001BB101 TSG
T49FC 000:115.879   CPU_ReadMem(32 bytes @ 0xE0040FE0)
T49FC 000:116.651   CPU_ReadMem(4 bytes @ 0xE0040FBC)
T49FC 000:117.211   CPU_ReadMem(4 bytes @ 0xE0040FCC)
T49FC 000:117.786   [0][4]: E0040000 CID B105900D PID 000BBD21 DEVARCH 00000000 DEVTYPE 11 TPIU
T49FC 000:117.796   CPU_ReadMem(32 bytes @ 0xE00FFFE0)
T49FC 000:118.506   [0][5]: E00FF000 CID B105100D PID 000BB4C9 ROM Table
T49FC 000:118.515   ROMTbl[1] @ E00FF000
T49FC 000:118.523   CPU_ReadMem(64 bytes @ 0xE00FF000)
T49FC 000:119.412   CPU_ReadMem(32 bytes @ 0xE000EFE0)
T49FC 000:120.192   CPU_ReadMem(4 bytes @ 0xE000EFBC)
T49FC 000:120.776   CPU_ReadMem(4 bytes @ 0xE000EFCC)
T49FC 000:121.343   [1][0]: E000E000 CID B105900D PID 000BBD21 DEVARCH 47702A04 DEVTYPE 00 Cortex-M33
T49FC 000:121.354   CPU_ReadMem(32 bytes @ 0xE0001FE0)
T49FC 000:122.041   CPU_ReadMem(4 bytes @ 0xE0001FBC)
T49FC 000:122.595   CPU_ReadMem(4 bytes @ 0xE0001FCC)
T49FC 000:123.167   [1][1]: E0001000 CID B105900D PID 000BBD21 DEVARCH 47701A02 DEVTYPE 00 DWT
T49FC 000:123.178   CPU_ReadMem(32 bytes @ 0xE0002FE0)
T49FC 000:123.861   CPU_ReadMem(4 bytes @ 0xE0002FBC)
T49FC 000:124.442   CPU_ReadMem(4 bytes @ 0xE0002FCC)
T49FC 000:125.050   [1][2]: E0002000 CID B105900D PID 000BBD21 DEVARCH 47701A03 DEVTYPE 00 FPB
T49FC 000:125.099   CPU_ReadMem(32 bytes @ 0xE0000FE0)
T49FC 000:125.791   CPU_ReadMem(4 bytes @ 0xE0000FBC)
T49FC 000:126.349   CPU_ReadMem(4 bytes @ 0xE0000FCC)
T49FC 000:126.940   [1][3]: E0000000 CID B105900D PID 000BBD21 DEVARCH 47701A01 DEVTYPE 43 ITM
T49FC 000:126.951   CPU_ReadMem(32 bytes @ 0xE0041FE0)
T49FC 000:127.675   CPU_ReadMem(4 bytes @ 0xE0041FBC)
T49FC 000:128.353   CPU_ReadMem(4 bytes @ 0xE0041FCC)
T49FC 000:129.066   [1][5]: E0041000 CID B105900D PID 002BBD21 DEVARCH 47724A13 DEVTYPE 13 ETM
T49FC 000:129.087   CPU_ReadMem(32 bytes @ 0xE0042FE0)
T49FC 000:129.769   CPU_ReadMem(4 bytes @ 0xE0042FBC)
T49FC 000:130.353   CPU_ReadMem(4 bytes @ 0xE0042FCC)
T49FC 000:130.942   [1][6]: E0042000 CID B105900D PID 000BBD21 DEVARCH 47701A14 DEVTYPE 14 CSS600-CTI
T49FC 000:130.985   CPU_ReadMem(4 bytes @ 0xE000EDF0)
T49FC 000:131.547   Data:  01 00 10 01
T49FC 000:131.564   Debug reg: DHCSR
T49FC 000:131.578 - 58.233ms returns 0
T49FC 000:131.614 JLINK_ReadMem(0x400E002C, 0x4 Bytes, ...)
T49FC 000:131.624   CPU_ReadMem(4 bytes @ 0x400E002C)
T49FC 000:132.209   Data:  02 00 00 00
T49FC 000:132.224 - 0.610ms returns 0
T49FC 000:132.261 JLINK_ReadMem(0xE000EDF0, 0x4 Bytes, ...)
T49FC 000:132.270   CPU_ReadMem(4 bytes @ 0xE000EDF0)
T49FC 000:132.841   Data:  01 00 10 01
T49FC 000:132.852   Debug reg: DHCSR
T49FC 000:132.861 - 0.599ms returns 0
T49FC 000:132.887 JLINK_ReadMem(0xE000EDF0, 0x4 Bytes, ...)
T49FC 000:132.894   CPU_ReadMem(4 bytes @ 0xE000EDF0)
T49FC 000:133.441   Data:  01 00 10 01
T49FC 000:133.449   Debug reg: DHCSR
T49FC 000:133.457 - 0.570ms returns 0
T49FC 000:133.465 JLINK_ReadMem(0x400E001C, 0x4 Bytes, ...)
T49FC 000:133.471   CPU_ReadMem(4 bytes @ 0x400E001C)
T49FC 000:134.060   Data:  00 FC FF 00
T49FC 000:134.070 - 0.605ms returns 0
T49FC 000:134.080 JLINK_ReadMem(0xE000EDF0, 0x4 Bytes, ...)
T49FC 000:134.088   CPU_ReadMem(4 bytes @ 0xE000EDF0)
T49FC 000:134.629   Data:  01 00 10 01
T49FC 000:134.639   Debug reg: DHCSR
T49FC 000:134.648 - 0.568ms returns 0
T49FC 000:134.656 JLINK_ReadMem(0x400E0018, 0x4 Bytes, ...)
T49FC 000:134.662   CPU_ReadMem(4 bytes @ 0x400E0018)
T49FC 000:135.209   Data:  00 80 FF 00
T49FC 000:135.220 - 0.564ms returns 0
T49FC 000:135.229 JLINK_ReadMem(0xE000EDF0, 0x4 Bytes, ...)
T49FC 000:135.236   CPU_ReadMem(4 bytes @ 0xE000EDF0)
T49FC 000:135.815   Data:  01 00 10 01
T49FC 000:135.823   Debug reg: DHCSR
T49FC 000:135.832 - 0.602ms returns 0
T49FC 000:135.839 JLINK_ReadMem(0x400E0020, 0x4 Bytes, ...)
T49FC 000:135.845   CPU_ReadMem(4 bytes @ 0x400E0020)
T49FC 000:136.391   Data:  00 FC 00 00
T49FC 000:136.402 - 0.563ms returns 0
T49FC 000:136.412 JLINK_ReadMem(0xE000EDF0, 0x4 Bytes, ...)
T49FC 000:136.418   CPU_ReadMem(4 bytes @ 0xE000EDF0)
T49FC 000:137.039   Data:  01 00 10 01
T49FC 000:137.047   Debug reg: DHCSR
T49FC 000:137.055 - 0.643ms returns 0
T49FC 000:137.062 JLINK_ReadMem(0x400E0028, 0x4 Bytes, ...)
T49FC 000:137.068   CPU_ReadMem(4 bytes @ 0x400E0028)
T49FC 000:137.636   Data:  00 FC 1F 00
T49FC 000:137.646 - 0.583ms returns 0
T49FC 000:137.655 JLINK_ReadMem(0xE000EDF0, 0x4 Bytes, ...)
T49FC 000:137.661   CPU_ReadMem(4 bytes @ 0xE000EDF0)
T49FC 000:138.195   Data:  01 00 10 01
T49FC 000:138.203   Debug reg: DHCSR
T49FC 000:138.211 - 0.556ms returns 0
T49FC 000:138.218 JLINK_ReadMem(0x400E0024, 0x4 Bytes, ...)
T49FC 000:138.224   CPU_ReadMem(4 bytes @ 0x400E0024)
T49FC 000:138.809   Data:  00 E0 1F 00
T49FC 000:138.817 - 0.599ms returns 0
T49FC 000:138.826 JLINK_ReadMem(0xE000EDF0, 0x4 Bytes, ...)
T49FC 000:138.832   CPU_ReadMem(4 bytes @ 0xE000EDF0)
T49FC 000:139.365   Data:  01 00 10 01
T49FC 000:139.376   Debug reg: DHCSR
T49FC 000:139.384 - 0.558ms returns 0
T49FC 000:139.391 JLINK_ReadMem(0x400E002C, 0x4 Bytes, ...)
T49FC 000:139.398   CPU_ReadMem(4 bytes @ 0x400E002C)
T49FC 000:139.977   Data:  02 00 00 00
T49FC 000:139.985 - 0.594ms returns 0
T49FC 000:139.993 JLINK_ReadMem(0xE000EDF0, 0x4 Bytes, ...)
T49FC 000:140.000   CPU_ReadMem(4 bytes @ 0xE000EDF0)
T49FC 000:140.591   Data:  01 00 10 01
T49FC 000:140.602   Debug reg: DHCSR
T49FC 000:140.611 - 0.617ms returns 0
T49FC 000:140.619 JLINK_ReadMem(0x400E002C, 0x4 Bytes, ...)
T49FC 000:140.625   CPU_ReadMem(4 bytes @ 0x400E002C)
T49FC 000:141.204   Data:  02 00 00 00
T49FC 000:141.214 - 0.595ms returns 0
T49FC 000:146.475 JLINK_Close()
T49FC 000:165.658 - 19.182ms
T49FC 000:165.689   
T49FC 000:165.695   Closed
