T42E8 000:000.884   SEGGER J-Link V8.12f Log File
T42E8 000:000.982   DLL Compiled: Feb 12 2025 13:34:40
T42E8 000:001.009   Logging started @ 2025-06-21 17:07
T42E8 000:001.023   Process: C:\Users\a8456\.eclipse\com.renesas.platform_1713588285\DebugComp\RA\e2-server-gdb.exe
T42E8 000:001.040 - 1.036ms 
T42E8 000:001.060 JLINK_GetDLLVersion()
T42E8 000:001.073 - 0.014ms returns 81206
T42E8 000:003.632 JLINK_OpenEx(...)
T42E8 000:010.413   Firmware: J-Link V9 compiled May  7 2021 16:26:12
T42E8 000:011.904   Firmware: J-Link V9 compiled May  7 2021 16:26:12
T42E8 000:012.038   Decompressing FW timestamp took 93 us
T42E8 000:019.472   Hardware: V9.60
T42E8 000:019.508   S/N: 69667700
T42E8 000:019.528   OEM: SEGGER
T42E8 000:019.634   Feature(s): RDI, GDB, FlashDL, FlashBP, JFlash
T42E8 000:021.060   Bootloader: (FW returned invalid version)
T42E8 000:022.569   TELNET listener socket opened on port 19021
T42E8 000:022.662   WEBSRV WEBSRV_Init(): Starting webserver thread(s)
T42E8 000:022.857   WEBSRV Webserver running on local port 19080
T42E8 000:022.951   Looking for J-Link GUI Server exe at: C:\Users\a8456\.eclipse\com.renesas.platform_1713588285\DebugComp\RA\ARM\Segger_v8.12.6\JLinkGUIServer.exe
T42E8 000:023.021   Looking for J-Link GUI Server exe at: C:\Program Files\SEGGER\JLink_V818\JLinkGUIServer.exe
T42E8 000:023.055   Forking J-Link GUI Server: C:\Program Files\SEGGER\JLink_V818\JLinkGUIServer.exe
T42E8 000:075.658   J-Link GUI Server info: "J-Link GUI server V8.18 "
T42E8 000:078.394 - 74.756ms returns "O.K."
T42E8 000:078.493 JLINK_ExecCommand("ProjectFile=C:\Users\a8456\e2_studio\workspace\RA4M2_IOT_Project10/RA4M2_IOT_Project10.elf.jlink", ...). 
T42E8 000:100.859 - 22.373ms returns 0x00
T42E8 000:101.079 JLINK_ExecCommand("device=R7FA4M2AD", ...). 
T42E8 000:101.210   Flash bank @ 0x0100A100: SFL: Parsing sectorization info from ELF file
T42E8 000:101.220     FlashDevice.SectorInfo[0]: .SectorSize = 0x00000010, .SectorStartAddr = 0x00000000
T42E8 000:101.229   FlashBank @0x0100A100: Sectorization info from SFL ELF file ignored because sectorization override from DLL / XML file is active.
T42E8 000:101.407   Flash bank @ 0x60000000: SFL: Parsing sectorization info from ELF file
T42E8 000:101.417     FlashDevice.SectorInfo[0]: .SectorSize = 0x00010000, .SectorStartAddr = 0x00000000
T42E8 000:104.667   Device "R7FA4M2AD" selected.
T42E8 000:105.122 - 4.033ms returns 0x00
T42E8 000:105.138 JLINK_TIF_GetAvailable(...)
T42E8 000:105.588 - 0.449ms 
T42E8 000:105.622 JLINK_TIF_Select(JLINKARM_TIF_SWD)
T42E8 000:107.398 - 1.775ms returns 0x00
T42E8 000:107.414 JLINK_SetSpeed(4000)
T42E8 000:107.771 - 0.358ms 
T42E8 000:107.791 JLINK_ReadMem(0xE000EDF0, 0x4 Bytes, ...)
T42E8 000:108.198   ConfigTargetSettings() start
T42E8 000:108.208    J-Link Script File: Executing ConfigTargetSettings()
T42E8 000:108.216   Configuring FlashDLNoRMWThreshold=0x200 in order to make sure that option bytes programming is done via read-modify-write
T42E8 000:113.365   ConfigTargetSettings() end - Took 5.15ms
T42E8 000:113.402   InitTarget() start
T42E8 000:113.421    J-Link Script File: Executing InitTarget()
T42E8 000:113.435   SWD selected. Executing JTAG -> SWD switching sequence.
T42E8 000:116.434   DAP initialized successfully.
T42E8 000:116.454   Determining TrustZone configuration...
T42E8 000:118.305     Secure Debug: Enabled (SSD)
T42E8 000:118.334   Determining currently configured transfer type by reading the AHB-AP CSW register.
T42E8 000:119.663     --> Correct transfer type configured. Done.
T42E8 000:119.694   InitTarget() end - Took 6.27ms
T42E8 000:120.806   Found SW-DP with ID 0x6BA02477
T42E8 000:124.141   DPIDR: 0x6BA02477
T42E8 000:124.156   CoreSight SoC-400 or earlier
T42E8 000:124.167   Scanning AP map to find all available APs
T42E8 000:125.586   AP[2]: Stopped AP scan as end of AP map has been reached
T42E8 000:125.623   AP[0]: AHB-AP (IDR: 0x84770001, ADDR: 0x00000000)
T42E8 000:125.633   AP[1]: APB-AP (IDR: 0x54770002, ADDR: 0x01000000)
T42E8 000:125.641   Iterating through AP map to find AHB-AP to use
T42E8 000:127.075   AP[0]: Core found
T42E8 000:127.086   AP[0]: AHB-AP ROM base: 0xE00FE000
T42E8 000:127.773   CPUID register: 0x410FD214. Implementer code: 0x41 (ARM)
T42E8 000:127.785   Feature set: Mainline
T42E8 000:128.474   Cache: No cache
T42E8 000:128.484   Found Cortex-M33 r0p4, Little endian.
T42E8 000:129.355   -- Max. mem block: 0x00010C40
T42E8 000:130.503   
  ***** Warning: 
T42E8 000:130.517   Cortex-M (ARMv8-M and later): The connected J-Link (S/N 69667700) uses an old firmware module that does not handle I/D-cache correctly. Proper debugging functionality cannot be guaranteed if cache is enabled
T42E8 000:130.531   CPU_ReadMem(4 bytes @ 0xE000EDF0)
T42E8 000:131.037   CPU_WriteMem(4 bytes @ 0xE000EDF0)
T42E8 000:131.558   CPU_ReadMem(4 bytes @ 0xE0002000)
T42E8 000:132.063   FPUnit: 8 code (BP) slots and 0 literal slots
T42E8 000:132.076   CPU_ReadMem(4 bytes @ 0xE000EDFC)
T42E8 000:132.647   CPU_WriteMem(4 bytes @ 0xE000EDFC)
T42E8 000:133.172   CPU_ReadMem(4 bytes @ 0xE0001000)
T42E8 000:133.672   CPU_ReadMem(4 bytes @ 0xE0001000)
T42E8 000:134.260   CPU_ReadMem(4 bytes @ 0xE0001028)
T42E8 000:134.732   CPU_ReadMem(4 bytes @ 0xE0001038)
T42E8 000:135.263   CPU_ReadMem(4 bytes @ 0xE0001048)
T42E8 000:135.735   CPU_ReadMem(4 bytes @ 0xE0001058)
T42E8 000:136.263   CPU_WriteMem(4 bytes @ 0xE0001000)
T42E8 000:136.777   CPU_ReadMem(4 bytes @ 0xE000ED88)
T42E8 000:137.256   CPU_WriteMem(4 bytes @ 0xE000ED88)
T42E8 000:137.783   CPU_ReadMem(4 bytes @ 0xE000ED88)
T42E8 000:138.327   CPU_WriteMem(4 bytes @ 0xE000ED88)
T42E8 000:138.862   CPU_ReadMem(4 bytes @ 0xE000EFB8)
T42E8 000:139.338   Security extension: implemented
T42E8 000:139.347   Secure debug: enabled
T42E8 000:139.355   CoreSight components:
T42E8 000:139.363   ROMTbl[0] @ E00FE000
T42E8 000:139.371   CPU_ReadMem(64 bytes @ 0xE00FE000)
T42E8 000:140.179   CPU_ReadMem(32 bytes @ 0xE0044FE0)
T42E8 000:140.801   CPU_ReadMem(4 bytes @ 0xE0044FBC)
T42E8 000:141.299   CPU_ReadMem(4 bytes @ 0xE0044FCC)
T42E8 000:141.800   [0][0]: E0044000 CID B105900D PID 005BB906 DEVARCH 00000000 DEVTYPE 14 CTI (?)
T42E8 000:141.817   CPU_ReadMem(32 bytes @ 0xE0047FE0)
T42E8 000:142.416   CPU_ReadMem(4 bytes @ 0xE0047FBC)
T42E8 000:142.892   CPU_ReadMem(4 bytes @ 0xE0047FCC)
T42E8 000:143.406   [0][1]: E0047000 CID B105900D PID 003BB908 DEVARCH 00000000 DEVTYPE 12 CSTF
T42E8 000:143.419   CPU_ReadMem(32 bytes @ 0xE0048FE0)
T42E8 000:144.041   CPU_ReadMem(4 bytes @ 0xE0048FBC)
T42E8 000:144.552   CPU_ReadMem(4 bytes @ 0xE0048FCC)
T42E8 000:145.091   [0][2]: E0048000 CID B105900D PID 001BB961 DEVARCH 00000000 DEVTYPE 21 TMC
T42E8 000:145.106   CPU_ReadMem(32 bytes @ 0xE0049FE0)
T42E8 000:145.738   [0][3]: E0049000 CID B105F00D PID 001BB101 TSG
T42E8 000:145.747   CPU_ReadMem(32 bytes @ 0xE0040FE0)
T42E8 000:146.379   CPU_ReadMem(4 bytes @ 0xE0040FBC)
T42E8 000:146.911   CPU_ReadMem(4 bytes @ 0xE0040FCC)
T42E8 000:147.455   [0][4]: E0040000 CID B105900D PID 000BBD21 DEVARCH 00000000 DEVTYPE 11 TPIU
T42E8 000:147.482   CPU_ReadMem(32 bytes @ 0xE00FFFE0)
T42E8 000:148.154   [0][5]: E00FF000 CID B105100D PID 000BB4C9 ROM Table
T42E8 000:148.167   ROMTbl[1] @ E00FF000
T42E8 000:148.176   CPU_ReadMem(64 bytes @ 0xE00FF000)
T42E8 000:149.054   CPU_ReadMem(32 bytes @ 0xE000EFE0)
T42E8 000:149.757   CPU_ReadMem(4 bytes @ 0xE000EFBC)
T42E8 000:150.253   CPU_ReadMem(4 bytes @ 0xE000EFCC)
T42E8 000:150.775   [1][0]: E000E000 CID B105900D PID 000BBD21 DEVARCH 47702A04 DEVTYPE 00 Cortex-M33
T42E8 000:150.784   CPU_ReadMem(32 bytes @ 0xE0001FE0)
T42E8 000:151.406   CPU_ReadMem(4 bytes @ 0xE0001FBC)
T42E8 000:151.877   CPU_ReadMem(4 bytes @ 0xE0001FCC)
T42E8 000:152.356   [1][1]: E0001000 CID B105900D PID 000BBD21 DEVARCH 47701A02 DEVTYPE 00 DWT
T42E8 000:152.367   CPU_ReadMem(32 bytes @ 0xE0002FE0)
T42E8 000:152.999   CPU_ReadMem(4 bytes @ 0xE0002FBC)
T42E8 000:153.517   CPU_ReadMem(4 bytes @ 0xE0002FCC)
T42E8 000:154.051   [1][2]: E0002000 CID B105900D PID 000BBD21 DEVARCH 47701A03 DEVTYPE 00 FPB
T42E8 000:154.100   CPU_ReadMem(32 bytes @ 0xE0000FE0)
T42E8 000:154.698   CPU_ReadMem(4 bytes @ 0xE0000FBC)
T42E8 000:155.173   CPU_ReadMem(4 bytes @ 0xE0000FCC)
T42E8 000:155.685   [1][3]: E0000000 CID B105900D PID 000BBD21 DEVARCH 47701A01 DEVTYPE 43 ITM
T42E8 000:155.695   CPU_ReadMem(32 bytes @ 0xE0041FE0)
T42E8 000:156.335   CPU_ReadMem(4 bytes @ 0xE0041FBC)
T42E8 000:156.813   CPU_ReadMem(4 bytes @ 0xE0041FCC)
T42E8 000:157.300   [1][5]: E0041000 CID B105900D PID 002BBD21 DEVARCH 47724A13 DEVTYPE 13 ETM
T42E8 000:157.311   CPU_ReadMem(32 bytes @ 0xE0042FE0)
T42E8 000:158.000   CPU_ReadMem(4 bytes @ 0xE0042FBC)
T42E8 000:158.466   CPU_ReadMem(4 bytes @ 0xE0042FCC)
T42E8 000:158.986   [1][6]: E0042000 CID B105900D PID 000BBD21 DEVARCH 47701A14 DEVTYPE 14 CSS600-CTI
T42E8 000:159.026   CPU_ReadMem(4 bytes @ 0xE000EDF0)
T42E8 000:159.501   Data:  01 00 10 01
T42E8 000:159.510   Debug reg: DHCSR
T42E8 000:159.519 - 51.727ms returns 0
T42E8 000:159.554 JLINK_ReadMem(0x400E002C, 0x4 Bytes, ...)
T42E8 000:159.562   CPU_ReadMem(4 bytes @ 0x400E002C)
T42E8 000:160.027   Data:  01 00 00 00
T42E8 000:160.036 - 0.481ms returns 0
T42E8 000:160.058 JLINK_ReadMem(0xE000EDF0, 0x4 Bytes, ...)
T42E8 000:160.064   CPU_ReadMem(4 bytes @ 0xE000EDF0)
T42E8 000:160.591   Data:  01 00 10 01
T42E8 000:160.602   Debug reg: DHCSR
T42E8 000:160.610 - 0.552ms returns 0
T42E8 000:160.633 JLINK_ReadMem(0xE000EDF0, 0x4 Bytes, ...)
T42E8 000:160.639   CPU_ReadMem(4 bytes @ 0xE000EDF0)
T42E8 000:161.160   Data:  01 00 10 01
T42E8 000:161.169   Debug reg: DHCSR
T42E8 000:161.178 - 0.544ms returns 0
T42E8 000:161.184 JLINK_ReadMem(0x400E001C, 0x4 Bytes, ...)
T42E8 000:161.191   CPU_ReadMem(4 bytes @ 0x400E001C)
T42E8 000:161.762   Data:  00 FC FF 00
T42E8 000:161.771 - 0.586ms returns 0
T42E8 000:161.779 JLINK_ReadMem(0xE000EDF0, 0x4 Bytes, ...)
T42E8 000:161.785   CPU_ReadMem(4 bytes @ 0xE000EDF0)
T42E8 000:162.287   Data:  01 00 10 01
T42E8 000:162.298   Debug reg: DHCSR
T42E8 000:162.306 - 0.527ms returns 0
T42E8 000:162.314 JLINK_ReadMem(0x400E0018, 0x4 Bytes, ...)
T42E8 000:162.320   CPU_ReadMem(4 bytes @ 0x400E0018)
T42E8 000:162.841   Data:  00 80 FF 00
T42E8 000:162.850 - 0.536ms returns 0
T42E8 000:162.858 JLINK_ReadMem(0xE000EDF0, 0x4 Bytes, ...)
T42E8 000:162.864   CPU_ReadMem(4 bytes @ 0xE000EDF0)
T42E8 000:163.530   Data:  01 00 10 01
T42E8 000:163.545   Debug reg: DHCSR
T42E8 000:163.554 - 0.695ms returns 0
T42E8 000:163.565 JLINK_ReadMem(0x400E0020, 0x4 Bytes, ...)
T42E8 000:163.575   CPU_ReadMem(4 bytes @ 0x400E0020)
T42E8 000:164.146   Data:  00 FC 00 00
T42E8 000:164.161 - 0.597ms returns 0
T42E8 000:164.200 JLINK_ReadMem(0xE000EDF0, 0x4 Bytes, ...)
T42E8 000:164.217   CPU_ReadMem(4 bytes @ 0xE000EDF0)
T42E8 000:164.768   Data:  01 00 10 01
T42E8 000:164.779   Debug reg: DHCSR
T42E8 000:164.787 - 0.588ms returns 0
T42E8 000:164.796 JLINK_ReadMem(0x400E0028, 0x4 Bytes, ...)
T42E8 000:164.804   CPU_ReadMem(4 bytes @ 0x400E0028)
T42E8 000:165.365   Data:  00 FC 1F 00
T42E8 000:165.378 - 0.582ms returns 0
T42E8 000:165.390 JLINK_ReadMem(0xE000EDF0, 0x4 Bytes, ...)
T42E8 000:165.398   CPU_ReadMem(4 bytes @ 0xE000EDF0)
T42E8 000:165.984   Data:  01 00 10 01
T42E8 000:165.996   Debug reg: DHCSR
T42E8 000:166.005 - 0.615ms returns 0
T42E8 000:166.013 JLINK_ReadMem(0x400E0024, 0x4 Bytes, ...)
T42E8 000:166.020   CPU_ReadMem(4 bytes @ 0x400E0024)
T42E8 000:166.543   Data:  00 E0 1F 00
T42E8 000:166.551 - 0.538ms returns 0
T42E8 000:166.562 JLINK_ReadMem(0xE000EDF0, 0x4 Bytes, ...)
T42E8 000:166.568   CPU_ReadMem(4 bytes @ 0xE000EDF0)
T42E8 000:167.145   Data:  01 00 10 01
T42E8 000:167.155   Debug reg: DHCSR
T42E8 000:167.164 - 0.602ms returns 0
T42E8 000:167.171 JLINK_ReadMem(0x400E002C, 0x4 Bytes, ...)
T42E8 000:167.177   CPU_ReadMem(4 bytes @ 0x400E002C)
T42E8 000:167.748   Data:  01 00 00 00
T42E8 000:167.757 - 0.586ms returns 0
T42E8 000:173.436 JLINK_Close()
T42E8 000:190.802 - 17.365ms
T42E8 000:190.828   
T42E8 000:190.834   Closed
